Component: ARM Compiler 5.06 update 6 (build 750) Tool: armlink [4d35ed]

==============================================================================

Section Cross References

    startup_stm32f10x_md.o(RESET) refers to startup_stm32f10x_md.o(STACK) for __initial_sp
    startup_stm32f10x_md.o(RESET) refers to startup_stm32f10x_md.o(.text) for Reset_Handler
    startup_stm32f10x_md.o(RESET) refers to stm32f10x_it.o(i.NMI_Handler) for NMI_Handler
    startup_stm32f10x_md.o(RESET) refers to stm32f10x_it.o(i.HardFault_Handler) for HardFault_Handler
    startup_stm32f10x_md.o(RESET) refers to stm32f10x_it.o(i.MemManage_Handler) for MemManage_Handler
    startup_stm32f10x_md.o(RESET) refers to stm32f10x_it.o(i.BusFault_Handler) for BusFault_Handler
    startup_stm32f10x_md.o(RESET) refers to stm32f10x_it.o(i.UsageFault_Handler) for UsageFault_Handler
    startup_stm32f10x_md.o(RESET) refers to stm32f10x_it.o(i.SVC_Handler) for SVC_Handler
    startup_stm32f10x_md.o(RESET) refers to stm32f10x_it.o(i.DebugMon_Handler) for DebugMon_Handler
    startup_stm32f10x_md.o(RESET) refers to stm32f10x_it.o(i.PendSV_Handler) for PendSV_Handler
    startup_stm32f10x_md.o(RESET) refers to stm32f10x_it.o(i.SysTick_Handler) for SysTick_Handler
    startup_stm32f10x_md.o(.text) refers to system_stm32f10x.o(i.SystemInit) for SystemInit
    startup_stm32f10x_md.o(.text) refers to entry.o(.ARM.Collect$$$$00000000) for __main
    system_stm32f10x.o(i.SetSysClock) refers to system_stm32f10x.o(i.SetSysClockTo72) for SetSysClockTo72
    system_stm32f10x.o(i.SystemCoreClockUpdate) refers to system_stm32f10x.o(.data) for SystemCoreClock
    system_stm32f10x.o(i.SystemInit) refers to system_stm32f10x.o(i.SetSysClock) for SetSysClock
    stm32f10x_adc.o(i.ADC_DeInit) refers to stm32f10x_rcc.o(i.RCC_APB2PeriphResetCmd) for RCC_APB2PeriphResetCmd
    stm32f10x_bkp.o(i.BKP_DeInit) refers to stm32f10x_rcc.o(i.RCC_BackupResetCmd) for RCC_BackupResetCmd
    stm32f10x_can.o(i.CAN_DeInit) refers to stm32f10x_rcc.o(i.RCC_APB1PeriphResetCmd) for RCC_APB1PeriphResetCmd
    stm32f10x_can.o(i.CAN_GetITStatus) refers to stm32f10x_can.o(i.CheckITStatus) for CheckITStatus
    stm32f10x_cec.o(i.CEC_DeInit) refers to stm32f10x_rcc.o(i.RCC_APB1PeriphResetCmd) for RCC_APB1PeriphResetCmd
    stm32f10x_dac.o(i.DAC_DeInit) refers to stm32f10x_rcc.o(i.RCC_APB1PeriphResetCmd) for RCC_APB1PeriphResetCmd
    stm32f10x_flash.o(i.FLASH_EnableWriteProtection) refers to stm32f10x_flash.o(i.FLASH_WaitForLastOperation) for FLASH_WaitForLastOperation
    stm32f10x_flash.o(i.FLASH_EraseAllBank1Pages) refers to stm32f10x_flash.o(i.FLASH_WaitForLastBank1Operation) for FLASH_WaitForLastBank1Operation
    stm32f10x_flash.o(i.FLASH_EraseAllPages) refers to stm32f10x_flash.o(i.FLASH_WaitForLastOperation) for FLASH_WaitForLastOperation
    stm32f10x_flash.o(i.FLASH_EraseOptionBytes) refers to stm32f10x_flash.o(i.FLASH_GetReadOutProtectionStatus) for FLASH_GetReadOutProtectionStatus
    stm32f10x_flash.o(i.FLASH_EraseOptionBytes) refers to stm32f10x_flash.o(i.FLASH_WaitForLastOperation) for FLASH_WaitForLastOperation
    stm32f10x_flash.o(i.FLASH_ErasePage) refers to stm32f10x_flash.o(i.FLASH_WaitForLastOperation) for FLASH_WaitForLastOperation
    stm32f10x_flash.o(i.FLASH_ProgramHalfWord) refers to stm32f10x_flash.o(i.FLASH_WaitForLastOperation) for FLASH_WaitForLastOperation
    stm32f10x_flash.o(i.FLASH_ProgramOptionByteData) refers to stm32f10x_flash.o(i.FLASH_WaitForLastOperation) for FLASH_WaitForLastOperation
    stm32f10x_flash.o(i.FLASH_ProgramWord) refers to stm32f10x_flash.o(i.FLASH_WaitForLastOperation) for FLASH_WaitForLastOperation
    stm32f10x_flash.o(i.FLASH_ReadOutProtection) refers to stm32f10x_flash.o(i.FLASH_WaitForLastOperation) for FLASH_WaitForLastOperation
    stm32f10x_flash.o(i.FLASH_UserOptionByteConfig) refers to stm32f10x_flash.o(i.FLASH_WaitForLastOperation) for FLASH_WaitForLastOperation
    stm32f10x_flash.o(i.FLASH_WaitForLastBank1Operation) refers to stm32f10x_flash.o(i.FLASH_GetBank1Status) for FLASH_GetBank1Status
    stm32f10x_flash.o(i.FLASH_WaitForLastOperation) refers to stm32f10x_flash.o(i.FLASH_GetBank1Status) for FLASH_GetBank1Status
    stm32f10x_gpio.o(i.GPIO_AFIODeInit) refers to stm32f10x_rcc.o(i.RCC_APB2PeriphResetCmd) for RCC_APB2PeriphResetCmd
    stm32f10x_gpio.o(i.GPIO_DeInit) refers to stm32f10x_rcc.o(i.RCC_APB2PeriphResetCmd) for RCC_APB2PeriphResetCmd
    stm32f10x_i2c.o(i.I2C_DeInit) refers to stm32f10x_rcc.o(i.RCC_APB1PeriphResetCmd) for RCC_APB1PeriphResetCmd
    stm32f10x_i2c.o(i.I2C_Init) refers to stm32f10x_rcc.o(i.RCC_GetClocksFreq) for RCC_GetClocksFreq
    stm32f10x_pwr.o(i.PWR_DeInit) refers to stm32f10x_rcc.o(i.RCC_APB1PeriphResetCmd) for RCC_APB1PeriphResetCmd
    stm32f10x_rcc.o(i.RCC_GetClocksFreq) refers to stm32f10x_rcc.o(.data) for APBAHBPrescTable
    stm32f10x_rcc.o(i.RCC_WaitForHSEStartUp) refers to stm32f10x_rcc.o(i.RCC_GetFlagStatus) for RCC_GetFlagStatus
[...]
    ../fplib/microlib/fpflt.c                0x00000000   Number         0  dflti.o ABSOLUTE
    ../fplib/microlib/fpflt.c                0x00000000   Number         0  fflti.o ABSOLUTE
    ../fplib/microlib/fpflt.c                0x00000000   Number         0  ffltui.o ABSOLUTE
    ../fplib/microlib/fpmul.c                0x00000000   Number         0  fmul.o ABSOLUTE
    ../fplib/microlib/fpmul.c                0x00000000   Number         0  dmul.o ABSOLUTE
    ../fplib/microlib/fpscalb.c              0x00000000   Number         0  dscalb.o ABSOLUTE
    ../fplib/microlib/fpsqrt.c               0x00000000   Number         0  dsqrt.o ABSOLUTE
    ../mathlib/asin.c                        0x00000000   Number         0  asin_x.o ABSOLUTE
    ../mathlib/asin.c                        0x00000000   Number         0  asin.o ABSOLUTE
    ../mathlib/atan.c                        0x00000000   Number         0  atan.o ABSOLUTE
    ../mathlib/atan.c                        0x00000000   Number         0  atan_x.o ABSOLUTE
    ../mathlib/atan2.c                       0x00000000   Number         0  atan2_x.o ABSOLUTE
    ../mathlib/atan2.c                       0x00000000   Number         0  atan2.o ABSOLUTE
    ../mathlib/dunder.c                      0x00000000   Number         0  dunder.o ABSOLUTE
    ../mathlib/fpclassify.c                  0x00000000   Number         0  fpclassify.o ABSOLUTE
    ../mathlib/poly.c                        0x00000000   Number         0  poly.o ABSOLUTE
    ../mathlib/qnan.c                        0x00000000   Number         0  qnan.o ABSOLUTE
    ../mathlib/sqrt.c                        0x00000000   Number         0  sqrt.o ABSOLUTE
    ../mathlib/sqrt.c                        0x00000000   Number         0  sqrt_x.o ABSOLUTE
    ..\Libraries\CMSIS\core_cm3.c            0x00000000   Number         0  core_cm3.o ABSOLUTE
    ..\Libraries\CMSIS\startup\startup_stm32f10x_md.s 0x00000000   Number         0  startup_stm32f10x_md.o ABSOLUTE
    ..\Libraries\CMSIS\system_stm32f10x.c    0x00000000   Number         0  system_stm32f10x.o ABSOLUTE
    ..\Libraries\STM32F10x_StdPeriph_Driver\src\misc.c 0x00000000   Number         0  misc.o ABSOLUTE
    ..\Libraries\STM32F10x_StdPeriph_Driver\src\stm32f10x_adc.c 0x00000000   Number         0  stm32f10x_adc.o ABSOLUTE
    ..\Libraries\STM32F10x_StdPeriph_Driver\src\stm32f10x_bkp.c 0x00000000   Number         0  stm32f10x_bkp.o ABSOLUTE
    ..\Libraries\STM32F10x_StdPeriph_Driver\src\stm32f10x_can.c 0x00000000   Number         0  stm32f10x_can.o ABSOLUTE
    ..\Libraries\STM32F10x_StdPeriph_Driver\src\stm32f10x_cec.c 0x00000000   Number         0  stm32f10x_cec.o ABSOLUTE
    ..\Libraries\STM32F10x_StdPeriph_Driver\src\stm32f10x_crc.c 0x00000000   Number         0  stm32f10x_crc.o ABSOLUTE
    ..\Libraries\STM32F10x_StdPeriph_Driver\src\stm32f10x_dac.c 0x00000000   Number         0  stm32f10x_dac.o ABSOLUTE
    ..\Libraries\STM32F10x_StdPeriph_Driver\src\stm32f10x_dbgmcu.c 0x00000000   Number         0  stm32f10x_dbgmcu.o ABSOLUTE
    ..\Libraries\STM32F10x_StdPeriph_Driver\src\stm32f10x_dma.c 0x00000000   Number         0  stm32f10x_dma.o ABSOLUTE
    ..\Libraries\STM32F10x_StdPeriph_Driver\src\stm32f10x_exti.c 0x00000000   Number         0  stm32f10x_exti.o ABSOLUTE
    ..\Libraries\STM32F10x_StdPeriph_Driver\src\stm32f10x_flash.c 0x00000000   Number         0  stm32f10x_flash.o ABSOLUTE
    ..\Libraries\STM32F10x_StdPeriph_Driver\src\stm32f10x_fsmc.c 0x00000000   Number         0  stm32f10x_fsmc.o ABSOLUTE
    ..\Libraries\STM32F10x_StdPeriph_Driver\src\stm32f10x_gpio.c 0x00000000   Number         0  stm32f10x_gpio.o ABSOLUTE
    ..\Libraries\STM32F10x_StdPeriph_Driver\src\stm32f10x_i2c.c 0x00000000   Number         0  stm32f10x_i2c.o ABSOLUTE
    ..\Libraries\STM32F10x_StdPeriph_Driver\src\stm32f10x_iwdg.c 0x00000000   Number         0  stm32f10x_iwdg.o ABSOLUTE
    ..\Libraries\STM32F10x_StdPeriph_Driver\src\stm32f10x_pwr.c 0x00000000   Number         0  stm32f10x_pwr.o ABSOLUTE
    ..\Libraries\STM32F10x_StdPeriph_Driver\src\stm32f10x_rcc.c 0x00000000   Number         0  stm32f10x_rcc.o ABSOLUTE
    ..\Libraries\STM32F10x_StdPeriph_Driver\src\stm32f10x_rtc.c 0x00000000   Number         0  stm32f10x_rtc.o ABSOLUTE
    ..\Libraries\STM32F10x_StdPeriph_Driver\src\stm32f10x_sdio.c 0x00000000   Number         0  stm32f10x_sdio.o ABSOLUTE
    ..\Libraries\STM32F10x_StdPeriph_Driver\src\stm32f10x_spi.c 0x00000000   Number         0  stm32f10x_spi.o ABSOLUTE
    ..\Libraries\STM32F10x_StdPeriph_Driver\src\stm32f10x_tim.c 0x00000000   Number         0  stm32f10x_tim.o ABSOLUTE
    ..\Libraries\STM32F10x_StdPeriph_Driver\src\stm32f10x_usart.c 0x00000000   Number         0  stm32f10x_usart.o ABSOLUTE
    ..\Libraries\STM32F10x_StdPeriph_Driver\src\stm32f10x_wwdg.c 0x00000000   Number         0  stm32f10x_wwdg.o ABSOLUTE
    ..\User\Balance\Balance.c                0x00000000   Number         0  balance.o ABSOLUTE
    ..\User\Buzzer\Buzzer.c                  0x00000000   Number         0  buzzer.o ABSOLUTE
    ..\User\Control_Flow\Control_Flow.c      0x00000000   Number         0  control_flow.o ABSOLUTE
    ..\User\DMP\inv_mpu.c                    0x00000000   Number         0  inv_mpu.o ABSOLUTE
    ..\User\DMP\inv_mpu_dmp_motion_driver.c  0x00000000   Number         0  inv_mpu_dmp_motion_driver.o ABSOLUTE
    ..\User\Delay\Delay.c                    0x00000000   Number         0  delay.o ABSOLUTE
    ..\User\Filter\Filter.c                  0x00000000   Number         0  filter.o ABSOLUTE
    ..\User\Find_Num\bsp_Find_Num.c          0x00000000   Number         0  bsp_find_num.o ABSOLUTE
    ..\User\GeneralTim_3\bsp_GeneralTim_3.c  0x00000000   Number         0  bsp_generaltim_3.o ABSOLUTE
    ..\User\IIC\IIC.c                        0x00000000   Number         0  iic.o ABSOLUTE
    ..\User\MPU6050\MPU6050.c                0x00000000   Number         0  mpu6050.o ABSOLUTE
    ..\User\SysTick\bsp_SysTick.c            0x00000000   Number         0  bsp_systick.o ABSOLUTE
    ..\User\System\System.c                  0x00000000   Number         0  system.o ABSOLUTE
    ..\User\TB6612\TB6612.c                  0x00000000   Number         0  tb6612.o ABSOLUTE
    ..\User\TIMER\Timer.c                    0x00000000   Number         0  timer.o ABSOLUTE
    ..\User\Usart\bsp_usart.c                0x00000000   Number         0  bsp_usart.o ABSOLUTE
    ..\User\main.c                           0x00000000   Number         0  main.o ABSOLUTE
    ..\User\stm32f10x_it.c                   0x00000000   Number         0  stm32f10x_it.o ABSOLUTE
    ..\\Libraries\\CMSIS\\core_cm3.c         0x00000000   Number         0  core_cm3.o ABSOLUTE
    ..\\User\\System\\System.c               0x00000000   Number         0  system.o ABSOLUTE
    cdcmple.s                                0x00000000   Number         0  cdcmple.o ABSOLUTE
    cdrcmple.s                               0x00000000   Number         0  cdrcmple.o ABSOLUTE
    cfcmple.s                                0x00000000   Number         0  cfcmple.o ABSOLUTE
    cfrcmple.s                               0x00000000   Number         0  cfrcmple.o ABSOLUTE
    dc.s                                     0x00000000   Number         0  dc.o ABSOLUTE
    handlers.s                               0x00000000   Number         0  handlers.o ABSOLUTE
    init.s                                   0x00000000   Number         0  init.o ABSOLUTE
    RESET                                    0x08000000   Section      236  startup_stm32f10x_md.o(RESET)
    .ARM.Collect$$$$00000000                 0x080000ec   Section        0  entry.o(.ARM.Collect$$$$00000000)
    .ARM.Collect$$$$00000001                 0x080000ec   Section        4  entry2.o(.ARM.Collect$$$$00000001)
    .ARM.Collect$$$$00000004                 0x080000f0   Section        4  entry5.o(.ARM.Collect$$$$00000004)
    .ARM.Collect$$$$00000008                 0x080000f4   Section        0  entry7b.o(.ARM.Collect$$$$00000008)
    .ARM.Collect$$$$0000000A                 0x080000f4   Section        0  entry8b.o(.ARM.Collect$$$$0000000A)
    .ARM.Collect$$$$0000000B                 0x080000f4   Section        8  entry9a.o(.ARM.Collect$$$$0000000B)
    .ARM.Collect$$$$0000000D                 0x080000fc   Section        0  entry10a.o(.ARM.Collect$$$$0000000D)
    .ARM.Collect$$$$0000000F                 0x080000fc   Section        0  entry11a.o(.ARM.Collect$$$$0000000F)
    .ARM.Collect$$$$00002712                 0x080000fc   Section        4  entry2.o(.ARM.Collect$$$$00002712)
    __lit__00000000                          0x080000fc   Data           4  entry2.o(.ARM.Collect$$$$00002712)
    .text                                    0x08000100   Section       36  startup_stm32f10x_md.o(.text)
    .text                                    0x08000124   Section        0  ldiv.o(.text)
    .text                                    0x08000186   Section        0  memseta.o(.text)
    .text                                    0x080001aa   Section        0  memcmp.o(.text)
    .text                                    0x080001c4   Section        0  fadd.o(.text)
    .text                                    0x08000274   Section        0  fmul.o(.text)
    .text                                    0x080002d8   Section        0  fdiv.o(.text)
    .text                                    0x08000354   Section        0  dadd.o(.text)
    .text                                    0x080004a2   Section        0  dmul.o(.text)
    .text                                    0x08000586   Section        0  fflti.o(.text)
    .text                                    0x08000598   Section        0  ffltui.o(.text)
    .text                                    0x080005a2   Section        0  ffixi.o(.text)
    .text                                    0x080005d4   Section        0  ffixui.o(.text)
    .text                                    0x080005fc   Section        0  f2d.o(.text)
    .text                                    0x08000622   Section        0  d2f.o(.text)
    .text                                    0x0800065c   Section       20  cfcmple.o(.text)
    .text                                    0x08000670   Section       20  cfrcmple.o(.text)
    .text                                    0x08000684   Section        0  uidiv.o(.text)
    .text                                    0x080006b0   Section        0  uldiv.o(.text)
    .text                                    0x08000712   Section        0  llshl.o(.text)
    .text                                    0x08000730   Section        0  llsshr.o(.text)
    .text                                    0x08000754   Section        0  fepilogue.o(.text)
    .text                                    0x08000754   Section        0  iusefp.o(.text)
    .text                                    0x080007c2   Section        0  depilogue.o(.text)
    .text                                    0x0800087c   Section        0  ddiv.o(.text)
    .text                                    0x0800095a   Section        0  dscalb.o(.text)
    .text                                    0x08000988   Section        0  dfixul.o(.text)
    .text                                    0x080009b8   Section       48  cdrcmple.o(.text)
    .text                                    0x080009e8   Section       36  init.o(.text)
    .text                                    0x08000a0c   Section        0  llushr.o(.text)
    .text                                    0x08000a2c   Section        0  dsqrt.o(.text)
    i.AIN1_GPIO_Config                       0x08000ad0   Section        0  tb6612.o(i.AIN1_GPIO_Config)
    i.AIN2_GPIO_Config                       0x08000afc   Section        0  tb6612.o(i.AIN2_GPIO_Config)
    i.BEEP                                   0x08000b28   Section        0  buzzer.o(i.BEEP)
    i.BIN1_GPIO_Config                       0x08000b5c   Section        0  tb6612.o(i.BIN1_GPIO_Config)
    i.BIN2_GPIO_Config                       0x08000b88   Section        0  tb6612.o(i.BIN2_GPIO_Config)
    i.BusFault_Handler                       0x08000bb4   Section        0  stm32f10x_it.o(i.BusFault_Handler)
    i.Buz_GPIO_Config                        0x08000bb8   Section        0  buzzer.o(i.Buz_GPIO_Config)
    i.Car_Fore                               0x08000be4   Section        0  tb6612.o(i.Car_Fore)
    i.Car_Stop                               0x08000bf6   Section        0  tb6612.o(i.Car_Stop)
    i.DMP_Init                               0x08000c04   Section        0  mpu6050.o(i.DMP_Init)
    i.DebugMon_Handler                       0x08000e14   Section        0  stm32f10x_it.o(i.DebugMon_Handler)
    i.Find_Nun_Init                          0x08000e18   Section        0  bsp_find_num.o(i.Find_Nun_Init)
    i.Follow_line                            0x08000e44   Section        0  control_flow.o(i.Follow_line)
    i.GENERAL_TIM_3_Init                     0x08000f60   Section        0  bsp_generaltim_3.o(i.GENERAL_TIM_3_Init)
    i.GENERAL_TIM_GPIO_Config                0x08000f6c   Section        0  bsp_generaltim_3.o(i.GENERAL_TIM_GPIO_Config)
    GENERAL_TIM_GPIO_Config                  0x08000f6d   Thumb Code    72  bsp_generaltim_3.o(i.GENERAL_TIM_GPIO_Config)
    i.GENERAL_TIM_Mode_Config                0x08000fb8   Section        0  bsp_generaltim_3.o(i.GENERAL_TIM_Mode_Config)
    GENERAL_TIM_Mode_Config                  0x08000fb9   Thumb Code    46  bsp_generaltim_3.o(i.GENERAL_TIM_Mode_Config)
    i.GENERAL_ccr1_Mode_Config               0x08000fec   Section        0  bsp_generaltim_3.o(i.GENERAL_ccr1_Mode_Config)
    i.GENERAL_ccr2_Mode_Config               0x08001028   Section        0  bsp_generaltim_3.o(i.GENERAL_ccr2_Mode_Config)
    i.GPIO_Init                              0x08001064   Section        0  stm32f10x_gpio.o(i.GPIO_Init)
    i.GPIO_ReadInputDataBit                  0x0800117a   Section        0  stm32f10x_gpio.o(i.GPIO_ReadInputDataBit)
    i.GPIO_ResetBits                         0x0800118c   Section        0  stm32f10x_gpio.o(i.GPIO_ResetBits)
    i.GPIO_SetBits                           0x08001190   Section        0  stm32f10x_gpio.o(i.GPIO_SetBits)
    i.HardFault_Handler                      0x08001194   Section        0  stm32f10x_it.o(i.HardFault_Handler)
    i.I2C_ReadOneByte                        0x08001198   Section        0  iic.o(i.I2C_ReadOneByte)
    i.IIC_Ack                                0x080011e0   Section        0  iic.o(i.IIC_Ack)
    i.IIC_Init                               0x0800122c   Section        0  iic.o(i.IIC_Init)
    i.IIC_NAck                               0x08001260   Section        0  iic.o(i.IIC_NAck)
    i.IIC_Read_Byte                          0x080012ac   Section        0  iic.o(i.IIC_Read_Byte)
    i.IIC_Send_Byte                          0x0800131c   Section        0  iic.o(i.IIC_Send_Byte)
    i.IIC_Start                              0x08001380   Section        0  iic.o(i.IIC_Start)
    i.IIC_Stop                               0x080013e8   Section        0  iic.o(i.IIC_Stop)
    i.IIC_Wait_Ack                           0x08001430   Section        0  iic.o(i.IIC_Wait_Ack)
    i.IICreadByte                            0x08001498   Section        0  iic.o(i.IICreadByte)
    i.IICwriteBit                            0x080014ae   Section        0  iic.o(i.IICwriteBit)
    i.IICwriteBits                           0x080014ee   Section        0  iic.o(i.IICwriteBits)
    i.IICwriteByte                           0x08001558   Section        0  iic.o(i.IICwriteByte)
    i.IICwriteBytes                          0x0800156c   Section        0  iic.o(i.IICwriteBytes)
    i.MPU6050_initialize                     0x080015b2   Section        0  mpu6050.o(i.MPU6050_initialize)
    i.MPU6050_setClockSource                 0x080015da   Section        0  mpu6050.o(i.MPU6050_setClockSource)
    i.MPU6050_setFullScaleAccelRange         0x080015ee   Section        0  mpu6050.o(i.MPU6050_setFullScaleAccelRange)
    i.MPU6050_setFullScaleGyroRange          0x08001602   Section        0  mpu6050.o(i.MPU6050_setFullScaleGyroRange)
    i.MPU6050_setI2CBypassEnabled            0x08001616   Section        0  mpu6050.o(i.MPU6050_setI2CBypassEnabled)
    i.MPU6050_setI2CMasterModeEnabled        0x08001628   Section        0  mpu6050.o(i.MPU6050_setI2CMasterModeEnabled)
    i.MPU6050_setSleepEnabled                0x0800163a   Section        0  mpu6050.o(i.MPU6050_setSleepEnabled)
    i.MemManage_Handler                      0x0800164c   Section        0  stm32f10x_it.o(i.MemManage_Handler)
    i.NMI_Handler                            0x08001650   Section        0  stm32f10x_it.o(i.NMI_Handler)
    i.NVIC_Configuration                     0x08001652   Section        0  bsp_usart.o(i.NVIC_Configuration)
    NVIC_Configuration                       0x08001653   Thumb Code    38  bsp_usart.o(i.NVIC_Configuration)
    i.NVIC_Init                              0x08001678   Section        0  misc.o(i.NVIC_Init)
    i.NVIC_PriorityGroupConfig               0x080016e8   Section        0  misc.o(i.NVIC_PriorityGroupConfig)
    i.PWMA_STOP                              0x080016fc   Section        0  tb6612.o(i.PWMA_STOP)
    i.PWMA_UP                                0x0800171c   Section        0  tb6612.o(i.PWMA_UP)
    i.PWMB_STOP                              0x0800173c   Section        0  tb6612.o(i.PWMB_STOP)
    i.PWMB_UP                                0x08001760   Section        0  tb6612.o(i.PWMB_UP)
    i.PendSV_Handler                         0x08001784   Section        0  stm32f10x_it.o(i.PendSV_Handler)
    i.Plan_A                                 0x08001788   Section        0  control_flow.o(i.Plan_A)
    i.RCC_APB1PeriphClockCmd                 0x080018a8   Section        0  stm32f10x_rcc.o(i.RCC_APB1PeriphClockCmd)
    i.RCC_APB2PeriphClockCmd                 0x080018c8   Section        0  stm32f10x_rcc.o(i.RCC_APB2PeriphClockCmd)
    i.RCC_GetClocksFreq                      0x080018e8   Section        0  stm32f10x_rcc.o(i.RCC_GetClocksFreq)
    i.Read_DMP                               0x080019bc   Section        0  mpu6050.o(i.Read_DMP)
    i.SVC_Handler                            0x08001c18   Section        0  stm32f10x_it.o(i.SVC_Handler)
    i.SetSysClock                            0x08001c1a   Section        0  system_stm32f10x.o(i.SetSysClock)
    SetSysClock                              0x08001c1b   Thumb Code     8  system_stm32f10x.o(i.SetSysClock)
    i.SetSysClockTo72                        0x08001c24   Section        0  system_stm32f10x.o(i.SetSysClockTo72)
    SetSysClockTo72                          0x08001c25   Thumb Code   214  system_stm32f10x.o(i.SetSysClockTo72)
    i.SysTick_Handler                        0x08001d04   Section        0  stm32f10x_it.o(i.SysTick_Handler)
    i.SystemInit                             0x08001d08   Section        0  system_stm32f10x.o(i.SystemInit)
    i.TIM_Cmd                                0x08001d68   Section        0  stm32f10x_tim.o(i.TIM_Cmd)
    i.TIM_OC1Init                            0x08001d80   Section        0  stm32f10x_tim.o(i.TIM_OC1Init)
    i.TIM_OC1PreloadConfig                   0x08001e18   Section        0  stm32f10x_tim.o(i.TIM_OC1PreloadConfig)
    i.TIM_OC2Init                            0x08001e2c   Section        0  stm32f10x_tim.o(i.TIM_OC2Init)
    i.TIM_OC2PreloadConfig                   0x08001ed0   Section        0  stm32f10x_tim.o(i.TIM_OC2PreloadConfig)
    i.TIM_TimeBaseInit                       0x08001eec   Section        0  stm32f10x_tim.o(i.TIM_TimeBaseInit)
    i.USART_Cmd                              0x08001f90   Section        0  stm32f10x_usart.o(i.USART_Cmd)
    i.USART_Config                           0x08001fa8   Section        0  bsp_usart.o(i.USART_Config)
    i.USART_GetFlagStatus                    0x08002038   Section        0  stm32f10x_usart.o(i.USART_GetFlagStatus)
    i.USART_ITConfig                         0x08002052   Section        0  stm32f10x_usart.o(i.USART_ITConfig)
    i.USART_Init                             0x0800209c   Section        0  stm32f10x_usart.o(i.USART_Init)
    i.USART_SendData                         0x08002174   Section        0  stm32f10x_usart.o(i.USART_SendData)
    i.UsageFault_Handler                     0x0800217c   Section        0  stm32f10x_it.o(i.UsageFault_Handler)
    i.__0printf                              0x08002180   Section        0  printfa.o(i.__0printf)
    i.__ARM_fpclassify                       0x080021a0   Section        0  fpclassify.o(i.__ARM_fpclassify)
    i.__kernel_poly                          0x080021c8   Section        0  poly.o(i.__kernel_poly)
    i.__mathlib_dbl_infnan                   0x08002272   Section        0  dunder.o(i.__mathlib_dbl_infnan)
    i.__mathlib_dbl_infnan2                  0x08002278   Section        0  dunder.o(i.__mathlib_dbl_infnan2)
    i.__mathlib_dbl_invalid                  0x0800227c   Section        0  dunder.o(i.__mathlib_dbl_invalid)
    i.__mathlib_dbl_underflow                0x08002288   Section        0  dunder.o(i.__mathlib_dbl_underflow)
    i.__scatterload_copy                     0x08002298   Section       14  handlers.o(i.__scatterload_copy)
    i.__scatterload_null                     0x080022a6   Section        2  handlers.o(i.__scatterload_null)
    i.__scatterload_zeroinit                 0x080022a8   Section       14  handlers.o(i.__scatterload_zeroinit)
    i.__set_errno                            0x080022b8   Section        0  errno.o(i.__set_errno)
    i._fp_digits                             0x080022c4   Section        0  printfa.o(i._fp_digits)
    _fp_digits                               0x080022c5   Thumb Code   366  printfa.o(i._fp_digits)
    i._printf_core                           0x08002448   Section        0  printfa.o(i._printf_core)
    _printf_core                             0x08002449   Thumb Code  1744  printfa.o(i._printf_core)
    i._printf_post_padding                   0x08002b24   Section        0  printfa.o(i._printf_post_padding)
    _printf_post_padding                     0x08002b25   Thumb Code    36  printfa.o(i._printf_post_padding)
    i._printf_pre_padding                    0x08002b48   Section        0  printfa.o(i._printf_pre_padding)
    _printf_pre_padding                      0x08002b49   Thumb Code    46  printfa.o(i._printf_pre_padding)
    i.accel_self_test                        0x08002b78   Section        0  inv_mpu.o(i.accel_self_test)
    accel_self_test                          0x08002b79   Thumb Code   164  inv_mpu.o(i.accel_self_test)
    i.asin                                   0x08002c20   Section        0  asin.o(i.asin)
    i.atan                                   0x08002e90   Section        0  atan.o(i.atan)
    i.atan2                                  0x080030b0   Section        0  atan2.o(i.atan2)
    i.decode_gesture                         0x08003230   Section        0  inv_mpu_dmp_motion_driver.o(i.decode_gesture)
    decode_gesture                           0x08003231   Thumb Code    94  inv_mpu_dmp_motion_driver.o(i.decode_gesture)
    i.delay_init                             0x08003294   Section        0  delay.o(i.delay_init)
    i.delay_ms                               0x080032d4   Section        0  delay.o(i.delay_ms)
    i.delay_us                               0x08003310   Section        0  delay.o(i.delay_us)
    i.dmp_enable_6x_lp_quat                  0x0800334c   Section        0  inv_mpu_dmp_motion_driver.o(i.dmp_enable_6x_lp_quat)
    i.dmp_enable_feature                     0x08003388   Section        0  inv_mpu_dmp_motion_driver.o(i.dmp_enable_feature)
    i.dmp_enable_gyro_cal                    0x080035a4   Section        0  inv_mpu_dmp_motion_driver.o(i.dmp_enable_gyro_cal)
    i.dmp_enable_lp_quat                     0x080035fc   Section        0  inv_mpu_dmp_motion_driver.o(i.dmp_enable_lp_quat)
    i.dmp_load_motion_driver_firmware        0x08003638   Section        0  inv_mpu_dmp_motion_driver.o(i.dmp_load_motion_driver_firmware)
    i.dmp_read_fifo                          0x08003650   Section        0  inv_mpu_dmp_motion_driver.o(i.dmp_read_fifo)
    i.dmp_set_accel_bias                     0x0800381c   Section        0  inv_mpu_dmp_motion_driver.o(i.dmp_set_accel_bias)
    i.dmp_set_fifo_rate                      0x0800394c   Section        0  inv_mpu_dmp_motion_driver.o(i.dmp_set_fifo_rate)
    i.dmp_set_gyro_bias                      0x080039bc   Section        0  inv_mpu_dmp_motion_driver.o(i.dmp_set_gyro_bias)
    i.dmp_set_orientation                    0x08003aec   Section        0  inv_mpu_dmp_motion_driver.o(i.dmp_set_orientation)
    i.dmp_set_shake_reject_thresh            0x08003c24   Section        0  inv_mpu_dmp_motion_driver.o(i.dmp_set_shake_reject_thresh)
    i.dmp_set_shake_reject_time              0x08003c5c   Section        0  inv_mpu_dmp_motion_driver.o(i.dmp_set_shake_reject_time)
    i.dmp_set_shake_reject_timeout           0x08003c82   Section        0  inv_mpu_dmp_motion_driver.o(i.dmp_set_shake_reject_timeout)
    i.dmp_set_tap_axes                       0x08003ca8   Section        0  inv_mpu_dmp_motion_driver.o(i.dmp_set_tap_axes)
    i.dmp_set_tap_count                      0x08003cee   Section        0  inv_mpu_dmp_motion_driver.o(i.dmp_set_tap_count)
    i.dmp_set_tap_thresh                     0x08003d14   Section        0  inv_mpu_dmp_motion_driver.o(i.dmp_set_tap_thresh)
    i.dmp_set_tap_time                       0x08003eb4   Section        0  inv_mpu_dmp_motion_driver.o(i.dmp_set_tap_time)
    i.dmp_set_tap_time_multi                 0x08003eda   Section        0  inv_mpu_dmp_motion_driver.o(i.dmp_set_tap_time_multi)
    i.fputc                                  0x08003f00   Section        0  bsp_usart.o(i.fputc)
    i.get_accel_prod_shift                   0x08003f24   Section        0  inv_mpu.o(i.get_accel_prod_shift)
    get_accel_prod_shift                     0x08003f25   Thumb Code   168  inv_mpu.o(i.get_accel_prod_shift)
    i.get_st_biases                          0x08003fd8   Section        0  inv_mpu.o(i.get_st_biases)
    get_st_biases                            0x08003fd9   Thumb Code  1132  inv_mpu.o(i.get_st_biases)
    i.gyro_self_test                         0x08004448   Section        0  inv_mpu.o(i.gyro_self_test)
    gyro_self_test                           0x08004449   Thumb Code   256  inv_mpu.o(i.gyro_self_test)
    i.i2cRead                                0x08004558   Section        0  iic.o(i.i2cRead)
    i.i2cWrite                               0x080045ce   Section        0  iic.o(i.i2cWrite)
    i.inv_orientation_matrix_to_scalar       0x0800462e   Section        0  mpu6050.o(i.inv_orientation_matrix_to_scalar)
    inv_orientation_matrix_to_scalar         0x0800462f   Thumb Code    40  mpu6050.o(i.inv_orientation_matrix_to_scalar)
    i.inv_row_2_scale                        0x08004656   Section        0  mpu6050.o(i.inv_row_2_scale)
    inv_row_2_scale                          0x08004657   Thumb Code    78  mpu6050.o(i.inv_row_2_scale)
    i.main                                   0x080046a4   Section        0  main.o(i.main)
    i.mpu_configure_fifo                     0x080046e4   Section        0  inv_mpu.o(i.mpu_configure_fifo)
    i.mpu_get_accel_fsr                      0x08004754   Section        0  inv_mpu.o(i.mpu_get_accel_fsr)
    i.mpu_get_accel_sens                     0x080047a0   Section        0  inv_mpu.o(i.mpu_get_accel_sens)
    i.mpu_get_fifo_config                    0x080047f4   Section        0  inv_mpu.o(i.mpu_get_fifo_config)
    i.mpu_get_gyro_fsr                       0x08004804   Section        0  inv_mpu.o(i.mpu_get_gyro_fsr)
    i.mpu_get_gyro_sens                      0x08004848   Section        0  inv_mpu.o(i.mpu_get_gyro_sens)
    i.mpu_get_lpf                            0x08004898   Section        0  inv_mpu.o(i.mpu_get_lpf)
    i.mpu_get_sample_rate                    0x080048e8   Section        0  inv_mpu.o(i.mpu_get_sample_rate)
    i.mpu_init                               0x08004908   Section        0  inv_mpu.o(i.mpu_init)
    i.mpu_load_firmware                      0x08004af8   Section        0  inv_mpu.o(i.mpu_load_firmware)
    i.mpu_lp_accel_mode                      0x08004bb0   Section        0  inv_mpu.o(i.mpu_lp_accel_mode)
    i.mpu_read_fifo_stream                   0x08004c90   Section        0  inv_mpu.o(i.mpu_read_fifo_stream)
    i.mpu_read_mem                           0x08004d50   Section        0  inv_mpu.o(i.mpu_read_mem)
    i.mpu_reset_fifo                         0x08004dd0   Section        0  inv_mpu.o(i.mpu_reset_fifo)
    i.mpu_run_self_test                      0x08004f8c   Section        0  inv_mpu.o(i.mpu_run_self_test)
    i.mpu_set_accel_fsr                      0x080050a8   Section        0  inv_mpu.o(i.mpu_set_accel_fsr)
    i.mpu_set_bypass                         0x0800512c   Section        0  inv_mpu.o(i.mpu_set_bypass)
    i.mpu_set_dmp_state                      0x08005278   Section        0  inv_mpu.o(i.mpu_set_dmp_state)
    i.mpu_set_gyro_fsr                       0x08005308   Section        0  inv_mpu.o(i.mpu_set_gyro_fsr)
    i.mpu_set_int_latched                    0x08005390   Section        0  inv_mpu.o(i.mpu_set_int_latched)
    i.mpu_set_lpf                            0x080053fc   Section        0  inv_mpu.o(i.mpu_set_lpf)
    i.mpu_set_sample_rate                    0x08005480   Section        0  inv_mpu.o(i.mpu_set_sample_rate)
    i.mpu_set_sensors                        0x0800551c   Section        0  inv_mpu.o(i.mpu_set_sensors)
    i.mpu_write_mem                          0x080055ec   Section        0  inv_mpu.o(i.mpu_write_mem)
    i.myget_ms                               0x0800566c   Section        0  inv_mpu.o(i.myget_ms)
    i.run_self_test                          0x08005670   Section        0  mpu6050.o(i.run_self_test)
    run_self_test                            0x08005671   Thumb Code   150  mpu6050.o(i.run_self_test)
    i.set_int_enable                         0x0800572c   Section        0  inv_mpu.o(i.set_int_enable)
    set_int_enable                           0x0800572d   Thumb Code   138  inv_mpu.o(i.set_int_enable)
    i.sqrt                                   0x080057bc   Section        0  sqrt.o(i.sqrt)
    .constdata                               0x08005808   Section       80  inv_mpu.o(.constdata)
    .constdata                               0x08005858   Section     3062  inv_mpu_dmp_motion_driver.o(.constdata)
    dmp_memory                               0x08005858   Data        3062  inv_mpu_dmp_motion_driver.o(.constdata)
    .constdata                               0x08006450   Section       80  asin.o(.constdata)
    pS                                       0x08006450   Data          48  asin.o(.constdata)
    qS                                       0x08006480   Data          32  asin.o(.constdata)
    .constdata                               0x080064a0   Section      152  atan.o(.constdata)
    atanhi                                   0x080064a0   Data          32  atan.o(.constdata)
    atanlo                                   0x080064c0   Data          32  atan.o(.constdata)
    aTodd                                    0x080064e0   Data          40  atan.o(.constdata)
    aTeven                                   0x08006508   Data          48  atan.o(.constdata)
    .constdata                               0x08006538   Section        8  qnan.o(.constdata)
    .conststring                             0x08006540   Section       78  inv_mpu.o(.conststring)
    .data                                    0x20000000   Section       20  stm32f10x_rcc.o(.data)
    APBAHBPrescTable                         0x20000000   Data          16  stm32f10x_rcc.o(.data)
    ADCPrescTable                            0x20000010   Data           4  stm32f10x_rcc.o(.data)
    .data                                    0x20000014   Section        4  delay.o(.data)
    fac_us                                   0x20000014   Data           1  delay.o(.data)
    fac_ms                                   0x20000016   Data           2  delay.o(.data)
    .data                                    0x20000018   Section       64  mpu6050.o(.data)
    gyro_orientation                         0x20000044   Data           9  mpu6050.o(.data)
    .data                                    0x20000058   Section       44  inv_mpu.o(.data)
    st                                       0x20000058   Data          44  inv_mpu.o(.data)
    .data                                    0x20000084   Section       24  control_flow.o(.data)
    flag                                     0x20000098   Data           4  control_flow.o(.data)
    .data                                    0x2000009c   Section        4  stdout.o(.data)
    .data                                    0x200000a0   Section        4  errno.o(.data)
    _errno                                   0x200000a0   Data           4  errno.o(.data)
    .bss                                     0x200000a4   Section       16  inv_mpu_dmp_motion_driver.o(.bss)
    dmp                                      0x200000a4   Data          16  inv_mpu_dmp_motion_driver.o(.bss)
    STACK                                    0x200000b8   Section     1024  startup_stm32f10x_md.o(STACK)

    Global Symbols

    Symbol Name                              Value     Ov Type        Size  Object(Section)

    BuildAttributes$$THM_ISAv4$P$D$K$B$S$PE$A:L22UL41UL21$X:L11$S22US41US21$IEEE1$IW$USESV6$~STKCKD$USESV7$~SHL$OTIME$ROPI$IEEEX$EBA8$MICROLIB$REQ8$PRES8$EABIv2 0x00000000   Number         0  anon$$obj.o ABSOLUTE
    __ARM_use_no_argv                        0x00000000   Number         0  main.o ABSOLUTE
    _printf_a                                0x00000000   Number         0  stubs.o ABSOLUTE
    _printf_c                                0x00000000   Number         0  stubs.o ABSOLUTE
    _printf_charcount                        0x00000000   Number         0  stubs.o ABSOLUTE
    _printf_d                                0x00000000   Number         0  stubs.o ABSOLUTE
    _printf_e                                0x00000000   Number         0  stubs.o ABSOLUTE
    _printf_f                                0x00000000   Number         0  stubs.o ABSOLUTE
    _printf_flags                            0x00000000   Number         0  stubs.o ABSOLUTE
    _printf_fp_dec                           0x00000000   Number         0  stubs.o ABSOLUTE
    _printf_fp_hex                           0x00000000   Number         0  stubs.o ABSOLUTE
    _printf_g                                0x00000000   Number         0  stubs.o ABSOLUTE
    _printf_i                                0x00000000   Number         0  stubs.o ABSOLUTE
    _printf_int_dec                          0x00000000   Number         0  stubs.o ABSOLUTE
    _printf_l                                0x00000000   Number         0  stubs.o ABSOLUTE
    _printf_lc                               0x00000000   Number         0  stubs.o ABSOLUTE
    _printf_ll                               0x00000000   Number         0  stubs.o ABSOLUTE
    _printf_lld                              0x00000000   Number         0  stubs.o ABSOLUTE
    _printf_lli                              0x00000000   Number         0  stubs.o ABSOLUTE
    _printf_llo                              0x00000000   Number         0  stubs.o ABSOLUTE
    _printf_llu                              0x00000000   Number         0  stubs.o ABSOLUTE
    _printf_llx                              0x00000000   Number         0  stubs.o ABSOLUTE
    _printf_longlong_dec                     0x00000000   Number         0  stubs.o ABSOLUTE
    _printf_longlong_hex                     0x00000000   Number         0  stubs.o ABSOLUTE
    _printf_longlong_oct                     0x00000000   Number         0  stubs.o ABSOLUTE
    _printf_ls                               0x00000000   Number         0  stubs.o ABSOLUTE
    _printf_mbtowc                           0x00000000   Number         0  stubs.o ABSOLUTE
    _printf_n                                0x00000000   Number         0  stubs.o ABSOLUTE
    _printf_o                                0x00000000   Number         0  stubs.o ABSOLUTE
    _printf_p                                0x00000000   Number         0  stubs.o ABSOLUTE
    _printf_percent                          0x00000000   Number         0  stubs.o ABSOLUTE
    _printf_pre_padding                      0x00000000   Number         0  stubs.o ABSOLUTE
    _printf_return_value                     0x00000000   Number         0  stubs.o ABSOLUTE
    _printf_s                                0x00000000   Number         0  stubs.o ABSOLUTE
    _printf_sizespec                         0x00000000   Number         0  stubs.o ABSOLUTE
    _printf_str                              0x00000000   Number         0  stubs.o ABSOLUTE
    _printf_truncate_signed                  0x00000000   Number         0  stubs.o ABSOLUTE
    _printf_truncate_unsigned                0x00000000   Number         0  stubs.o ABSOLUTE
    _printf_u                                0x00000000   Number         0  stubs.o ABSOLUTE
    _printf_wc                               0x00000000   Number         0  stubs.o ABSOLUTE
    _printf_wctomb                           0x00000000   Number         0  stubs.o ABSOLUTE
    _printf_widthprec                        0x00000000   Number         0  stubs.o ABSOLUTE
    _printf_x                                0x00000000   Number         0  stubs.o ABSOLUTE
    __cpp_initialize__aeabi_                  - Undefined Weak Reference
    __cxa_finalize                            - Undefined Weak Reference
    __decompress                              - Undefined Weak Reference
    _clock_init                               - Undefined Weak Reference
    _microlib_exit                            - Undefined Weak Reference
    __Vectors_Size                           0x000000ec   Number         0  startup_stm32f10x_md.o ABSOLUTE
    __Vectors                                0x08000000   Data           4  startup_stm32f10x_md.o(RESET)
    __Vectors_End                            0x080000ec   Data           0  startup_stm32f10x_md.o(RESET)
    __main                                   0x080000ed   Thumb Code     0  entry.o(.ARM.Collect$$$$00000000)
    _main_stk                                0x080000ed   Thumb Code     0  entry2.o(.ARM.Collect$$$$00000001)
    _main_scatterload                        0x080000f1   Thumb Code     0  entry5.o(.ARM.Collect$$$$00000004)
    __main_after_scatterload                 0x080000f5   Thumb Code     0  entry5.o(.ARM.Collect$$$$00000004)
    _main_clock                              0x080000f5   Thumb Code     0  entry7b.o(.ARM.Collect$$$$00000008)
    _main_cpp_init                           0x080000f5   Thumb Code     0  entry8b.o(.ARM.Collect$$$$0000000A)
    _main_init                               0x080000f5   Thumb Code     0  entry9a.o(.ARM.Collect$$$$0000000B)
    __rt_final_cpp                           0x080000fd   Thumb Code     0  entry10a.o(.ARM.Collect$$$$0000000D)
    __rt_final_exit                          0x080000fd   Thumb Code     0  entry11a.o(.ARM.Collect$$$$0000000F)
    Reset_Handler                            0x08000101   Thumb Code     8  startup_stm32f10x_md.o(.text)
    ADC1_2_IRQHandler                        0x0800011b   Thumb Code     0  startup_stm32f10x_md.o(.text)
    CAN1_RX1_IRQHandler                      0x0800011b   Thumb Code     0  startup_stm32f10x_md.o(.text)
    CAN1_SCE_IRQHandler                      0x0800011b   Thumb Code     0  startup_stm32f10x_md.o(.text)
    DMA1_Channel1_IRQHandler                 0x0800011b   Thumb Code     0  startup_stm32f10x_md.o(.text)
    DMA1_Channel2_IRQHandler                 0x0800011b   Thumb Code     0  startup_stm32f10x_md.o(.text)
    DMA1_Channel3_IRQHandler                 0x0800011b   Thumb Code     0  startup_stm32f10x_md.o(.text)
    DMA1_Channel4_IRQHandler                 0x0800011b   Thumb Code     0  startup_stm32f10x_md.o(.text)
    DMA1_Channel5_IRQHandler                 0x0800011b   Thumb Code     0  startup_stm32f10x_md.o(.text)
    DMA1_Channel6_IRQHandler                 0x0800011b   Thumb Code     0  startup_stm32f10x_md.o(.text)
    DMA1_Channel7_IRQHandler                 0x0800011b   Thumb Code     0  startup_stm32f10x_md.o(.text)
    EXTI0_IRQHandler                         0x0800011b   Thumb Code     0  startup_stm32f10x_md.o(.text)
    EXTI15_10_IRQHandler                     0x0800011b   Thumb Code     0  startup_stm32f10x_md.o(.text)
    EXTI1_IRQHandler                         0x0800011b   Thumb Code     0  startup_stm32f10x_md.o(.text)
    EXTI2_IRQHandler                         0x0800011b   Thumb Code     0  startup_stm32f10x_md.o(.text)
    EXTI3_IRQHandler                         0x0800011b   Thumb Code     0  startup_stm32f10x_md.o(.text)
    EXTI4_IRQHandler                         0x0800011b   Thumb Code     0  startup_stm32f10x_md.o(.text)
    EXTI9_5_IRQHandler                       0x0800011b   Thumb Code     0  startup_stm32f10x_md.o(.text)
    FLASH_IRQHandler                         0x0800011b   Thumb Code     0  startup_stm32f10x_md.o(.text)
    I2C1_ER_IRQHandler                       0x0800011b   Thumb Code     0  startup_stm32f10x_md.o(.text)
    I2C1_EV_IRQHandler                       0x0800011b   Thumb Code     0  startup_stm32f10x_md.o(.text)
    I2C2_ER_IRQHandler                       0x0800011b   Thumb Code     0  startup_stm32f10x_md.o(.text)
    I2C2_EV_IRQHandler                       0x0800011b   Thumb Code     0  startup_stm32f10x_md.o(.text)
    PVD_IRQHandler                           0x0800011b   Thumb Code     0  startup_stm32f10x_md.o(.text)
    RCC_IRQHandler                           0x0800011b   Thumb Code     0  startup_stm32f10x_md.o(.text)
    RTCAlarm_IRQHandler                      0x0800011b   Thumb Code     0  startup_stm32f10x_md.o(.text)
    RTC_IRQHandler                           0x0800011b   Thumb Code     0  startup_stm32f10x_md.o(.text)
    SPI1_IRQHandler                          0x0800011b   Thumb Code     0  startup_stm32f10x_md.o(.text)
    SPI2_IRQHandler                          0x0800011b   Thumb Code     0  startup_stm32f10x_md.o(.text)
    TAMPER_IRQHandler                        0x0800011b   Thumb Code     0  startup_stm32f10x_md.o(.text)
    TIM1_BRK_IRQHandler                      0x0800011b   Thumb Code     0  startup_stm32f10x_md.o(.text)
    TIM1_CC_IRQHandler                       0x0800011b   Thumb Code     0  startup_stm32f10x_md.o(.text)
    TIM1_TRG_COM_IRQHandler                  0x0800011b   Thumb Code     0  startup_stm32f10x_md.o(.text)
    TIM1_UP_IRQHandler                       0x0800011b   Thumb Code     0  startup_stm32f10x_md.o(.text)
    TIM2_IRQHandler                          0x0800011b   Thumb Code     0  startup_stm32f10x_md.o(.text)
    TIM3_IRQHandler                          0x0800011b   Thumb Code     0  startup_stm32f10x_md.o(.text)
    TIM4_IRQHandler                          0x0800011b   Thumb Code     0  startup_stm32f10x_md.o(.text)
    USART1_IRQHandler                        0x0800011b   Thumb Code     0  startup_stm32f10x_md.o(.text)
    USART2_IRQHandler                        0x0800011b   Thumb Code     0  startup_stm32f10x_md.o(.text)
    USART3_IRQHandler                        0x0800011b   Thumb Code     0  startup_stm32f10x_md.o(.text)
    USBWakeUp_IRQHandler                     0x0800011b   Thumb Code     0  startup_stm32f10x_md.o(.text)
    USB_HP_CAN1_TX_IRQHandler                0x0800011b   Thumb Code     0  startup_stm32f10x_md.o(.text)
    USB_LP_CAN1_RX0_IRQHandler               0x0800011b   Thumb Code     0  startup_stm32f10x_md.o(.text)
    WWDG_IRQHandler                          0x0800011b   Thumb Code     0  startup_stm32f10x_md.o(.text)
    __aeabi_ldivmod                          0x08000125   Thumb Code    98  ldiv.o(.text)
    __aeabi_memset                           0x08000187   Thumb Code    14  memseta.o(.text)
    __aeabi_memset4                          0x08000187   Thumb Code     0  memseta.o(.text)
    __aeabi_memset8                          0x08000187   Thumb Code     0  memseta.o(.text)
    __aeabi_memclr                           0x08000195   Thumb Code     4  memseta.o(.text)
    __aeabi_memclr4                          0x08000195   Thumb Code     0  memseta.o(.text)
    __aeabi_memclr8                          0x08000195   Thumb Code     0  memseta.o(.text)
    _memset$wrapper                          0x08000199   Thumb Code    18  memseta.o(.text)
    memcmp                                   0x080001ab   Thumb Code    26  memcmp.o(.text)
    __aeabi_fadd                             0x080001c5   Thumb Code   164  fadd.o(.text)
    __aeabi_fsub                             0x08000269   Thumb Code     6  fadd.o(.text)
    __aeabi_frsub                            0x0800026f   Thumb Code     6  fadd.o(.text)
    __aeabi_fmul                             0x08000275   Thumb Code   100  fmul.o(.text)
    __aeabi_fdiv                             0x080002d9   Thumb Code   124  fdiv.o(.text)
    __aeabi_dadd                             0x08000355   Thumb Code   322  dadd.o(.text)
    __aeabi_dsub                             0x08000497   Thumb Code     6  dadd.o(.text)
    __aeabi_drsub                            0x0800049d   Thumb Code     6  dadd.o(.text)
    __aeabi_dmul                             0x080004a3   Thumb Code   228  dmul.o(.text)
    __aeabi_i2f                              0x08000587   Thumb Code    18  fflti.o(.text)
    __aeabi_ui2f                             0x08000599   Thumb Code    10  ffltui.o(.text)
    __aeabi_f2iz                             0x080005a3   Thumb Code    50  ffixi.o(.text)
    __aeabi_f2uiz                            0x080005d5   Thumb Code    40  ffixui.o(.text)
    __aeabi_f2d                              0x080005fd   Thumb Code    38  f2d.o(.text)
    __aeabi_d2f                              0x08000623   Thumb Code    56  d2f.o(.text)
    __aeabi_cfcmpeq                          0x0800065d   Thumb Code     0  cfcmple.o(.text)
    __aeabi_cfcmple                          0x0800065d   Thumb Code    20  cfcmple.o(.text)
    __aeabi_cfrcmple                         0x08000671   Thumb Code    20  cfrcmple.o(.text)
    __aeabi_uidiv                            0x08000685   Thumb Code     0  uidiv.o(.text)
    __aeabi_uidivmod                         0x08000685   Thumb Code    44  uidiv.o(.text)
    __aeabi_uldivmod                         0x080006b1   Thumb Code    98  uldiv.o(.text)
    __aeabi_llsl                             0x08000713   Thumb Code    30  llshl.o(.text)
    _ll_shift_l                              0x08000713   Thumb Code     0  llshl.o(.text)
    __aeabi_lasr                             0x08000731   Thumb Code    36  llsshr.o(.text)
    _ll_sshift_r                             0x08000731   Thumb Code     0  llsshr.o(.text)
    __I$use$fp                               0x08000755   Thumb Code     0  iusefp.o(.text)
    _float_round                             0x08000755   Thumb Code    18  fepilogue.o(.text)
    _float_epilogue                          0x08000767   Thumb Code    92  fepilogue.o(.text)
    _double_round                            0x080007c3   Thumb Code    30  depilogue.o(.text)
    _double_epilogue                         0x080007e1   Thumb Code   156  depilogue.o(.text)
    __aeabi_ddiv                             0x0800087d   Thumb Code   222  ddiv.o(.text)
    __ARM_scalbn                             0x0800095b   Thumb Code    46  dscalb.o(.text)
    scalbn                                   0x0800095b   Thumb Code     0  dscalb.o(.text)
    __aeabi_d2ulz                            0x08000989   Thumb Code    48  dfixul.o(.text)
    __aeabi_cdrcmple                         0x080009b9   Thumb Code    48  cdrcmple.o(.text)
    __scatterload                            0x080009e9   Thumb Code    28  init.o(.text)
    __scatterload_rt2                        0x080009e9   Thumb Code     0  init.o(.text)
    __aeabi_llsr                             0x08000a0d   Thumb Code    32  llushr.o(.text)
    _ll_ushift_r                             0x08000a0d   Thumb Code     0  llushr.o(.text)
    _dsqrt                                   0x08000a2d   Thumb Code   162  dsqrt.o(.text)
    AIN1_GPIO_Config                         0x08000ad1   Thumb Code    38  tb6612.o(i.AIN1_GPIO_Config)
    AIN2_GPIO_Config                         0x08000afd   Thumb Code    38  tb6612.o(i.AIN2_GPIO_Config)
    BEEP                                     0x08000b29   Thumb Code    48  buzzer.o(i.BEEP)
    BIN1_GPIO_Config                         0x08000b5d   Thumb Code    40  tb6612.o(i.BIN1_GPIO_Config)
    BIN2_GPIO_Config                         0x08000b89   Thumb Code    40  tb6612.o(i.BIN2_GPIO_Config)
    BusFault_Handler                         0x08000bb5   Thumb Code     4  stm32f10x_it.o(i.BusFault_Handler)
    Buz_GPIO_Config                          0x08000bb9   Thumb Code    40  buzzer.o(i.Buz_GPIO_Config)
    Car_Fore                                 0x08000be5   Thumb Code    18  tb6612.o(i.Car_Fore)
    Car_Stop                                 0x08000bf7   Thumb Code    12  tb6612.o(i.Car_Stop)
    DMP_Init                                 0x08000c05   Thumb Code   194  mpu6050.o(i.DMP_Init)
    DebugMon_Handler                         0x08000e15   Thumb Code     2  stm32f10x_it.o(i.DebugMon_Handler)
    Find_Nun_Init                            0x08000e19   Thumb Code    40  bsp_find_num.o(i.Find_Nun_Init)
    Follow_line                              0x08000e45   Thumb Code   238  control_flow.o(i.Follow_line)
    GENERAL_TIM_3_Init                       0x08000f61   Thumb Code    12  bsp_generaltim_3.o(i.GENERAL_TIM_3_Init)
    GENERAL_ccr1_Mode_Config                 0x08000fed   Thumb Code    54  bsp_generaltim_3.o(i.GENERAL_ccr1_Mode_Config)
    GENERAL_ccr2_Mode_Config                 0x08001029   Thumb Code    54  bsp_generaltim_3.o(i.GENERAL_ccr2_Mode_Config)
    GPIO_Init                                0x08001065   Thumb Code   278  stm32f10x_gpio.o(i.GPIO_Init)
    GPIO_ReadInputDataBit                    0x0800117b   Thumb Code    18  stm32f10x_gpio.o(i.GPIO_ReadInputDataBit)
    GPIO_ResetBits                           0x0800118d   Thumb Code     4  stm32f10x_gpio.o(i.GPIO_ResetBits)
    GPIO_SetBits                             0x08001191   Thumb Code     4  stm32f10x_gpio.o(i.GPIO_SetBits)
    HardFault_Handler                        0x08001195   Thumb Code     4  stm32f10x_it.o(i.HardFault_Handler)
    I2C_ReadOneByte                          0x08001199   Thumb Code    70  iic.o(i.I2C_ReadOneByte)
    IIC_Ack                                  0x080011e1   Thumb Code    64  iic.o(i.IIC_Ack)
    IIC_Init                                 0x0800122d   Thumb Code    46  iic.o(i.IIC_Init)
    IIC_NAck                                 0x08001261   Thumb Code    62  iic.o(i.IIC_NAck)
    IIC_Read_Byte                            0x080012ad   Thumb Code    98  iic.o(i.IIC_Read_Byte)
    IIC_Send_Byte                            0x0800131d   Thumb Code    88  iic.o(i.IIC_Send_Byte)
    IIC_Start                                0x08001381   Thumb Code    92  iic.o(i.IIC_Start)
    IIC_Stop                                 0x080013e9   Thumb Code    60  iic.o(i.IIC_Stop)
    IIC_Wait_Ack                             0x08001431   Thumb Code    92  iic.o(i.IIC_Wait_Ack)
    IICreadByte                              0x08001499   Thumb Code    22  iic.o(i.IICreadByte)
    IICwriteBit                              0x080014af   Thumb Code    64  iic.o(i.IICwriteBit)
    IICwriteBits                             0x080014ef   Thumb Code   106  iic.o(i.IICwriteBits)
    IICwriteByte                             0x08001559   Thumb Code    20  iic.o(i.IICwriteByte)
    IICwriteBytes                            0x0800156d   Thumb Code    70  iic.o(i.IICwriteBytes)
    MPU6050_initialize                       0x080015b3   Thumb Code    40  mpu6050.o(i.MPU6050_initialize)
    MPU6050_setClockSource                   0x080015db   Thumb Code    20  mpu6050.o(i.MPU6050_setClockSource)
    MPU6050_setFullScaleAccelRange           0x080015ef   Thumb Code    20  mpu6050.o(i.MPU6050_setFullScaleAccelRange)
    MPU6050_setFullScaleGyroRange            0x08001603   Thumb Code    20  mpu6050.o(i.MPU6050_setFullScaleGyroRange)
    MPU6050_setI2CBypassEnabled              0x08001617   Thumb Code    18  mpu6050.o(i.MPU6050_setI2CBypassEnabled)
    MPU6050_setI2CMasterModeEnabled          0x08001629   Thumb Code    18  mpu6050.o(i.MPU6050_setI2CMasterModeEnabled)
    MPU6050_setSleepEnabled                  0x0800163b   Thumb Code    18  mpu6050.o(i.MPU6050_setSleepEnabled)
    MemManage_Handler                        0x0800164d   Thumb Code     4  stm32f10x_it.o(i.MemManage_Handler)
    NMI_Handler                              0x08001651   Thumb Code     2  stm32f10x_it.o(i.NMI_Handler)
    NVIC_Init                                0x08001679   Thumb Code   100  misc.o(i.NVIC_Init)
    NVIC_PriorityGroupConfig                 0x080016e9   Thumb Code    10  misc.o(i.NVIC_PriorityGroupConfig)
    PWMA_STOP                                0x080016fd   Thumb Code    26  tb6612.o(i.PWMA_STOP)
    PWMA_UP                                  0x0800171d   Thumb Code    28  tb6612.o(i.PWMA_UP)
    PWMB_STOP                                0x0800173d   Thumb Code    30  tb6612.o(i.PWMB_STOP)
    PWMB_UP                                  0x08001761   Thumb Code    32  tb6612.o(i.PWMB_UP)
    PendSV_Handler                           0x08001785   Thumb Code     2  stm32f10x_it.o(i.PendSV_Handler)
    Plan_A                                   0x08001789   Thumb Code   266  control_flow.o(i.Plan_A)
    RCC_APB1PeriphClockCmd                   0x080018a9   Thumb Code    26  stm32f10x_rcc.o(i.RCC_APB1PeriphClockCmd)
    RCC_APB2PeriphClockCmd                   0x080018c9   Thumb Code    26  stm32f10x_rcc.o(i.RCC_APB2PeriphClockCmd)
    RCC_GetClocksFreq                        0x080018e9   Thumb Code   192  stm32f10x_rcc.o(i.RCC_GetClocksFreq)
    Read_DMP                                 0x080019bd   Thumb Code   560  mpu6050.o(i.Read_DMP)
    SVC_Handler                              0x08001c19   Thumb Code     2  stm32f10x_it.o(i.SVC_Handler)
    SysTick_Handler                          0x08001d05   Thumb Code     2  stm32f10x_it.o(i.SysTick_Handler)
    SystemInit                               0x08001d09   Thumb Code    78  system_stm32f10x.o(i.SystemInit)
    TIM_Cmd                                  0x08001d69   Thumb Code    24  stm32f10x_tim.o(i.TIM_Cmd)
    TIM_OC1Init                              0x08001d81   Thumb Code   132  stm32f10x_tim.o(i.TIM_OC1Init)
    TIM_OC1PreloadConfig                     0x08001e19   Thumb Code    18  stm32f10x_tim.o(i.TIM_OC1PreloadConfig)
    TIM_OC2Init                              0x08001e2d   Thumb Code   154  stm32f10x_tim.o(i.TIM_OC2Init)
    TIM_OC2PreloadConfig                     0x08001ed1   Thumb Code    26  stm32f10x_tim.o(i.TIM_OC2PreloadConfig)
    TIM_TimeBaseInit                         0x08001eed   Thumb Code   122  stm32f10x_tim.o(i.TIM_TimeBaseInit)
    USART_Cmd                                0x08001f91   Thumb Code    24  stm32f10x_usart.o(i.USART_Cmd)
    USART_Config                             0x08001fa9   Thumb Code   136  bsp_usart.o(i.USART_Config)
    USART_GetFlagStatus                      0x08002039   Thumb Code    26  stm32f10x_usart.o(i.USART_GetFlagStatus)
    USART_ITConfig                           0x08002053   Thumb Code    74  stm32f10x_usart.o(i.USART_ITConfig)
    USART_Init                               0x0800209d   Thumb Code   210  stm32f10x_usart.o(i.USART_Init)
    USART_SendData                           0x08002175   Thumb Code     8  stm32f10x_usart.o(i.USART_SendData)
    UsageFault_Handler                       0x0800217d   Thumb Code     4  stm32f10x_it.o(i.UsageFault_Handler)
    __0printf                                0x08002181   Thumb Code    22  printfa.o(i.__0printf)
    __1printf                                0x08002181   Thumb Code     0  printfa.o(i.__0printf)
    __2printf                                0x08002181   Thumb Code     0  printfa.o(i.__0printf)
    __c89printf                              0x08002181   Thumb Code     0  printfa.o(i.__0printf)
    printf                                   0x08002181   Thumb Code     0  printfa.o(i.__0printf)
    __ARM_fpclassify                         0x080021a1   Thumb Code    40  fpclassify.o(i.__ARM_fpclassify)
    __kernel_poly                            0x080021c9   Thumb Code   170  poly.o(i.__kernel_poly)
    __mathlib_dbl_infnan                     0x08002273   Thumb Code     6  dunder.o(i.__mathlib_dbl_infnan)
    __mathlib_dbl_infnan2                    0x08002279   Thumb Code     4  dunder.o(i.__mathlib_dbl_infnan2)
    __mathlib_dbl_invalid                    0x0800227d   Thumb Code    12  dunder.o(i.__mathlib_dbl_invalid)
    __mathlib_dbl_underflow                  0x08002289   Thumb Code    10  dunder.o(i.__mathlib_dbl_underflow)
    __scatterload_copy                       0x08002299   Thumb Code    14  handlers.o(i.__scatterload_copy)
    __scatterload_null                       0x080022a7   Thumb Code     2  handlers.o(i.__scatterload_null)
    __scatterload_zeroinit                   0x080022a9   Thumb Code    14  handlers.o(i.__scatterload_zeroinit)
    __set_errno                              0x080022b9   Thumb Code     6  errno.o(i.__set_errno)
    asin                                     0x08002c21   Thumb Code   572  asin.o(i.asin)
    atan                                     0x08002e91   Thumb Code   474  atan.o(i.atan)
    atan2                                    0x080030b1   Thumb Code   346  atan2.o(i.atan2)
    delay_init                               0x08003295   Thumb Code    56  delay.o(i.delay_init)
    delay_ms                                 0x080032d5   Thumb Code    56  delay.o(i.delay_ms)
    delay_us                                 0x08003311   Thumb Code    56  delay.o(i.delay_us)
    dmp_enable_6x_lp_quat                    0x0800334d   Thumb Code    60  inv_mpu_dmp_motion_driver.o(i.dmp_enable_6x_lp_quat)
    dmp_enable_feature                       0x08003389   Thumb Code   530  inv_mpu_dmp_motion_driver.o(i.dmp_enable_feature)
    dmp_enable_gyro_cal                      0x080035a5   Thumb Code    62  inv_mpu_dmp_motion_driver.o(i.dmp_enable_gyro_cal)
    dmp_enable_lp_quat                       0x080035fd   Thumb Code    60  inv_mpu_dmp_motion_driver.o(i.dmp_enable_lp_quat)
    dmp_load_motion_driver_firmware          0x08003639   Thumb Code    20  inv_mpu_dmp_motion_driver.o(i.dmp_load_motion_driver_firmware)
    dmp_read_fifo                            0x08003651   Thumb Code   456  inv_mpu_dmp_motion_driver.o(i.dmp_read_fifo)
    dmp_set_accel_bias                       0x0800381d   Thumb Code   300  inv_mpu_dmp_motion_driver.o(i.dmp_set_accel_bias)
    dmp_set_fifo_rate                        0x0800394d   Thumb Code    96  inv_mpu_dmp_motion_driver.o(i.dmp_set_fifo_rate)
    dmp_set_gyro_bias                        0x080039bd   Thumb Code   294  inv_mpu_dmp_motion_driver.o(i.dmp_set_gyro_bias)
    dmp_set_orientation                      0x08003aed   Thumb Code   290  inv_mpu_dmp_motion_driver.o(i.dmp_set_orientation)
    dmp_set_shake_reject_thresh              0x08003c25   Thumb Code    56  inv_mpu_dmp_motion_driver.o(i.dmp_set_shake_reject_thresh)
    dmp_set_shake_reject_time                0x08003c5d   Thumb Code    38  inv_mpu_dmp_motion_driver.o(i.dmp_set_shake_reject_time)
    dmp_set_shake_reject_timeout             0x08003c83   Thumb Code    38  inv_mpu_dmp_motion_driver.o(i.dmp_set_shake_reject_timeout)
    dmp_set_tap_axes                         0x08003ca9   Thumb Code    70  inv_mpu_dmp_motion_driver.o(i.dmp_set_tap_axes)
    dmp_set_tap_count                        0x08003cef   Thumb Code    38  inv_mpu_dmp_motion_driver.o(i.dmp_set_tap_count)
    dmp_set_tap_thresh                       0x08003d15   Thumb Code   396  inv_mpu_dmp_motion_driver.o(i.dmp_set_tap_thresh)
    dmp_set_tap_time                         0x08003eb5   Thumb Code    38  inv_mpu_dmp_motion_driver.o(i.dmp_set_tap_time)
    dmp_set_tap_time_multi                   0x08003edb   Thumb Code    38  inv_mpu_dmp_motion_driver.o(i.dmp_set_tap_time_multi)
    fputc                                    0x08003f01   Thumb Code    32  bsp_usart.o(i.fputc)
    i2cRead                                  0x08004559   Thumb Code   118  iic.o(i.i2cRead)
    i2cWrite                                 0x080045cf   Thumb Code    96  iic.o(i.i2cWrite)
    main                                     0x080046a5   Thumb Code    62  main.o(i.main)
    mpu_configure_fifo                       0x080046e5   Thumb Code   106  inv_mpu.o(i.mpu_configure_fifo)
    mpu_get_accel_fsr                        0x08004755   Thumb Code    72  inv_mpu.o(i.mpu_get_accel_fsr)
    mpu_get_accel_sens                       0x080047a1   Thumb Code    78  inv_mpu.o(i.mpu_get_accel_sens)
    mpu_get_fifo_config                      0x080047f5   Thumb Code    12  inv_mpu.o(i.mpu_get_fifo_config)
    mpu_get_gyro_fsr                         0x08004805   Thumb Code    64  inv_mpu.o(i.mpu_get_gyro_fsr)
    mpu_get_gyro_sens                        0x08004849   Thumb Code    58  inv_mpu.o(i.mpu_get_gyro_sens)
    mpu_get_lpf                              0x08004899   Thumb Code    74  inv_mpu.o(i.mpu_get_lpf)
    mpu_get_sample_rate                      0x080048e9   Thumb Code    26  inv_mpu.o(i.mpu_get_sample_rate)
    mpu_init                                 0x08004909   Thumb Code   416  inv_mpu.o(i.mpu_init)
    mpu_load_firmware                        0x08004af9   Thumb Code   180  inv_mpu.o(i.mpu_load_firmware)
    mpu_lp_accel_mode                        0x08004bb1   Thumb Code   218  inv_mpu.o(i.mpu_lp_accel_mode)
    mpu_read_fifo_stream                     0x08004c91   Thumb Code   186  inv_mpu.o(i.mpu_read_fifo_stream)
    mpu_read_mem                             0x08004d51   Thumb Code   122  inv_mpu.o(i.mpu_read_mem)
    mpu_reset_fifo                           0x08004dd1   Thumb Code   438  inv_mpu.o(i.mpu_reset_fifo)
    mpu_run_self_test                        0x08004f8d   Thumb Code   278  inv_mpu.o(i.mpu_run_self_test)
    mpu_set_accel_fsr                        0x080050a9   Thumb Code   126  inv_mpu.o(i.mpu_set_accel_fsr)
    mpu_set_bypass                           0x0800512d   Thumb Code   328  inv_mpu.o(i.mpu_set_bypass)
    mpu_set_dmp_state                        0x08005279   Thumb Code   138  inv_mpu.o(i.mpu_set_dmp_state)
    mpu_set_gyro_fsr                         0x08005309   Thumb Code   132  inv_mpu.o(i.mpu_set_gyro_fsr)
    mpu_set_int_latched                      0x08005391   Thumb Code   102  inv_mpu.o(i.mpu_set_int_latched)
    mpu_set_lpf                              0x080053fd   Thumb Code   126  inv_mpu.o(i.mpu_set_lpf)
    mpu_set_sample_rate                      0x08005481   Thumb Code   152  inv_mpu.o(i.mpu_set_sample_rate)
    mpu_set_sensors                          0x0800551d   Thumb Code   202  inv_mpu.o(i.mpu_set_sensors)
    mpu_write_mem                            0x080055ed   Thumb Code   122  inv_mpu.o(i.mpu_write_mem)
    myget_ms                                 0x0800566d   Thumb Code     2  inv_mpu.o(i.myget_ms)
    sqrt                                     0x080057bd   Thumb Code    76  sqrt.o(i.sqrt)
    hw                                       0x08005808   Data          12  inv_mpu.o(.constdata)
    reg                                      0x08005814   Data          27  inv_mpu.o(.constdata)
    test                                     0x08005830   Data          40  inv_mpu.o(.constdata)
    __mathlib_zero                           0x08006538   Data           8  qnan.o(.constdata)
    Region$$Table$$Base                      0x08006590   Number         0  anon$$obj.o(Region$$Table)
    Region$$Table$$Limit                     0x080065b0   Number         0  anon$$obj.o(Region$$Table)
    gyro                                     0x20000018   Data           6  mpu6050.o(.data)
    accel                                    0x2000001e   Data           6  mpu6050.o(.data)
    sensors                                  0x20000024   Data           2  mpu6050.o(.data)
    Pitch                                    0x20000028   Data           4  mpu6050.o(.data)
    Roll                                     0x2000002c   Data           4  mpu6050.o(.data)
    Yaw                                      0x20000030   Data           4  mpu6050.o(.data)
    q0                                       0x20000034   Data           4  mpu6050.o(.data)
    q1                                       0x20000038   Data           4  mpu6050.o(.data)
    q2                                       0x2000003c   Data           4  mpu6050.o(.data)
    q3                                       0x20000040   Data           4  mpu6050.o(.data)
    Gx_offset                                0x2000004e   Data           2  mpu6050.o(.data)
    Gy_offset                                0x20000050   Data           2  mpu6050.o(.data)
    Gz_offset                                0x20000052   Data           2  mpu6050.o(.data)
    count                                    0x20000054   Data           4  mpu6050.o(.data)
    left                                     0x20000084   Data           4  control_flow.o(.data)
    mid_l                                    0x20000088   Data           4  control_flow.o(.data)
    mid_r                                    0x2000008c   Data           4  control_flow.o(.data)
    right                                    0x20000090   Data           4  control_flow.o(.data)
    states                                   0x20000094   Data           4  control_flow.o(.data)
    __stdout                                 0x2000009c   Data           4  stdout.o(.data)
    __initial_sp                             0x200004b8   Data           0  startup_stm32f10x_md.o(STACK)



==============================================================================

Memory Map of the image

  Image Entry point : 0x08000101

  Load Region LR_1 (Base: 0x08000000, Size: 0x00006654, Max: 0xffffffff, ABSOLUTE)

    Execution Region ER_RO (Base: 0x08000000, Size: 0x000065b0, Max: 0xffffffff, ABSOLUTE)

    Base Addr    Size         Type   Attr      Idx    E Section Name        Object

    0x08000000   0x000000ec   Data   RO            3    RESET               startup_stm32f10x_md.o
    0x080000ec   0x00000000   Code   RO         4374  * .ARM.Collect$$$$00000000  mc_w.l(entry.o)
    0x080000ec   0x00000004   Code   RO         4709    .ARM.Collect$$$$00000001  mc_w.l(entry2.o)
    0x080000f0   0x00000004   Code   RO         4712    .ARM.Collect$$$$00000004  mc_w.l(entry5.o)
    0x080000f4   0x00000000   Code   RO         4714    .ARM.Collect$$$$00000008  mc_w.l(entry7b.o)
    0x080000f4   0x00000000   Code   RO         4716    .ARM.Collect$$$$0000000A  mc_w.l(entry8b.o)
    0x080000f4   0x00000008   Code   RO         4717    .ARM.Collect$$$$0000000B  mc_w.l(entry9a.o)
    0x080000fc   0x00000000   Code   RO         4719    .ARM.Collect$$$$0000000D  mc_w.l(entry10a.o)
    0x080000fc   0x00000000   Code   RO         4721    .ARM.Collect$$$$0000000F  mc_w.l(entry11a.o)
    0x080000fc   0x00000004   Code   RO         4710    .ARM.Collect$$$$00002712  mc_w.l(entry2.o)
    0x08000100   0x00000024   Code   RO            4  * .text               startup_stm32f10x_md.o
    0x08000124   0x00000062   Code   RO         4377    .text               mc_w.l(ldiv.o)
    0x08000186   0x00000024   Code   RO         4379    .text               mc_w.l(memseta.o)
    0x080001aa   0x0000001a   Code   RO         4381    .text               mc_w.l(memcmp.o)
    0x080001c4   0x000000b0   Code   RO         4644    .text               mf_w.l(fadd.o)
    0x08000274   0x00000064   Code   RO         4646    .text               mf_w.l(fmul.o)
    0x080002d8   0x0000007c   Code   RO         4648    .text               mf_w.l(fdiv.o)
    0x08000354   0x0000014e   Code   RO         4650    .text               mf_w.l(dadd.o)
    0x080004a2   0x000000e4   Code   RO         4652    .text               mf_w.l(dmul.o)
    0x08000586   0x00000012   Code   RO         4654    .text               mf_w.l(fflti.o)
    0x08000598   0x0000000a   Code   RO         4656    .text               mf_w.l(ffltui.o)
    0x080005a2   0x00000032   Code   RO         4660    .text               mf_w.l(ffixi.o)
    0x080005d4   0x00000028   Code   RO         4662    .text               mf_w.l(ffixui.o)
    0x080005fc   0x00000026   Code   RO         4664    .text               mf_w.l(f2d.o)
    0x08000622   0x00000038   Code   RO         4666    .text               mf_w.l(d2f.o)
    0x0800065a   0x00000002   PAD
    0x0800065c   0x00000014   Code   RO         4668    .text               mf_w.l(cfcmple.o)
    0x08000670   0x00000014   Code   RO         4670    .text               mf_w.l(cfrcmple.o)
    0x08000684   0x0000002c   Code   RO         4724    .text               mc_w.l(uidiv.o)
    0x080006b0   0x00000062   Code   RO         4726    .text               mc_w.l(uldiv.o)
    0x08000712   0x0000001e   Code   RO         4728    .text               mc_w.l(llshl.o)
    0x08000730   0x00000024   Code   RO         4730    .text               mc_w.l(llsshr.o)
    0x08000754   0x00000000   Code   RO         4739    .text               mc_w.l(iusefp.o)
    0x08000754   0x0000006e   Code   RO         4740    .text               mf_w.l(fepilogue.o)
    0x080007c2   0x000000ba   Code   RO         4742    .text               mf_w.l(depilogue.o)
    0x0800087c   0x000000de   Code   RO         4744    .text               mf_w.l(ddiv.o)
    0x0800095a   0x0000002e   Code   RO         4746    .text               mf_w.l(dscalb.o)
    0x08000988   0x00000030   Code   RO         4748    .text               mf_w.l(dfixul.o)
    0x080009b8   0x00000030   Code   RO         4750    .text               mf_w.l(cdrcmple.o)
    0x080009e8   0x00000024   Code   RO         4752    .text               mc_w.l(init.o)
    0x08000a0c   0x00000020   Code   RO         4754    .text               mc_w.l(llushr.o)
    0x08000a2c   0x000000a2   Code   RO         4756    .text               mf_w.l(dsqrt.o)
    0x08000ace   0x00000002   PAD
    0x08000ad0   0x0000002c   Code   RO         3272    i.AIN1_GPIO_Config  tb6612.o
    0x08000afc   0x0000002c   Code   RO         3273    i.AIN2_GPIO_Config  tb6612.o
    0x08000b28   0x00000034   Code   RO         4248    i.BEEP              buzzer.o
    0x08000b5c   0x0000002c   Code   RO         3274    i.BIN1_GPIO_Config  tb6612.o
    0x08000b88   0x0000002c   Code   RO         3275    i.BIN2_GPIO_Config  tb6612.o
    0x08000bb4   0x00000004   Code   RO         3209    i.BusFault_Handler  stm32f10x_it.o
    0x08000bb8   0x0000002c   Code   RO         4249    i.Buz_GPIO_Config   buzzer.o
    0x08000be4   0x00000012   Code   RO         3276    i.Car_Fore          tb6612.o
    0x08000bf6   0x0000000c   Code   RO         3277    i.Car_Stop          tb6612.o
    0x08000c02   0x00000002   PAD
    0x08000c04   0x00000210   Code   RO         3651    i.DMP_Init          mpu6050.o
    0x08000e14   0x00000002   Code   RO         3210    i.DebugMon_Handler  stm32f10x_it.o
    0x08000e16   0x00000002   PAD
    0x08000e18   0x0000002c   Code   RO         4266    i.Find_Nun_Init     bsp_find_num.o
    0x08000e44   0x0000011c   Code   RO         4278    i.Follow_line       control_flow.o
    0x08000f60   0x0000000c   Code   RO         3350    i.GENERAL_TIM_3_Init  bsp_generaltim_3.o
    0x08000f6c   0x0000004c   Code   RO         3351    i.GENERAL_TIM_GPIO_Config  bsp_generaltim_3.o
    0x08000fb8   0x00000034   Code   RO         3352    i.GENERAL_TIM_Mode_Config  bsp_generaltim_3.o
    0x08000fec   0x0000003c   Code   RO         3353    i.GENERAL_ccr1_Mode_Config  bsp_generaltim_3.o
    0x08001028   0x0000003c   Code   RO         3354    i.GENERAL_ccr2_Mode_Config  bsp_generaltim_3.o
    0x08001064   0x00000116   Code   RO         1292    i.GPIO_Init         stm32f10x_gpio.o
    0x0800117a   0x00000012   Code   RO         1296    i.GPIO_ReadInputDataBit  stm32f10x_gpio.o
    0x0800118c   0x00000004   Code   RO         1299    i.GPIO_ResetBits    stm32f10x_gpio.o
    0x08001190   0x00000004   Code   RO         1300    i.GPIO_SetBits      stm32f10x_gpio.o
    0x08001194   0x00000004   Code   RO         3211    i.HardFault_Handler  stm32f10x_it.o
    0x08001198   0x00000046   Code   RO         3531    i.I2C_ReadOneByte   iic.o
    0x080011de   0x00000002   PAD
    0x080011e0   0x0000004c   Code   RO         3532    i.IIC_Ack           iic.o
    0x0800122c   0x00000034   Code   RO         3533    i.IIC_Init          iic.o
    0x08001260   0x0000004c   Code   RO         3534    i.IIC_NAck          iic.o
    0x080012ac   0x00000070   Code   RO         3535    i.IIC_Read_Byte     iic.o
    0x0800131c   0x00000064   Code   RO         3536    i.IIC_Send_Byte     iic.o
    0x08001380   0x00000068   Code   RO         3537    i.IIC_Start         iic.o
    0x080013e8   0x00000048   Code   RO         3538    i.IIC_Stop          iic.o
    0x08001430   0x00000068   Code   RO         3539    i.IIC_Wait_Ack      iic.o
    0x08001498   0x00000016   Code   RO         3540    i.IICreadByte       iic.o
    0x080014ae   0x00000040   Code   RO         3542    i.IICwriteBit       iic.o
    0x080014ee   0x0000006a   Code   RO         3543    i.IICwriteBits      iic.o
    0x08001558   0x00000014   Code   RO         3544    i.IICwriteByte      iic.o
    0x0800156c   0x00000046   Code   RO         3545    i.IICwriteBytes     iic.o
    0x080015b2   0x00000028   Code   RO         3653    i.MPU6050_initialize  mpu6050.o
    0x080015da   0x00000014   Code   RO         3655    i.MPU6050_setClockSource  mpu6050.o
    0x080015ee   0x00000014   Code   RO         3656    i.MPU6050_setFullScaleAccelRange  mpu6050.o
    0x08001602   0x00000014   Code   RO         3657    i.MPU6050_setFullScaleGyroRange  mpu6050.o
    0x08001616   0x00000012   Code   RO         3658    i.MPU6050_setI2CBypassEnabled  mpu6050.o
    0x08001628   0x00000012   Code   RO         3659    i.MPU6050_setI2CMasterModeEnabled  mpu6050.o
    0x0800163a   0x00000012   Code   RO         3660    i.MPU6050_setSleepEnabled  mpu6050.o
    0x0800164c   0x00000004   Code   RO         3212    i.MemManage_Handler  stm32f10x_it.o
    0x08001650   0x00000002   Code   RO         3213    i.NMI_Handler       stm32f10x_it.o
    0x08001652   0x00000026   Code   RO         3384    i.NVIC_Configuration  bsp_usart.o
    0x08001678   0x00000070   Code   RO          137    i.NVIC_Init         misc.o
    0x080016e8   0x00000014   Code   RO          138    i.NVIC_PriorityGroupConfig  misc.o
    0x080016fc   0x00000020   Code   RO         3279    i.PWMA_STOP         tb6612.o
    0x0800171c   0x00000020   Code   RO         3280    i.PWMA_UP           tb6612.o
    0x0800173c   0x00000024   Code   RO         3282    i.PWMB_STOP         tb6612.o
    0x08001760   0x00000024   Code   RO         3283    i.PWMB_UP           tb6612.o
    0x08001784   0x00000002   Code   RO         3214    i.PendSV_Handler    stm32f10x_it.o
    0x08001786   0x00000002   PAD
    0x08001788   0x00000120   Code   RO         4279    i.Plan_A            control_flow.o
    0x080018a8   0x00000020   Code   RO         1708    i.RCC_APB1PeriphClockCmd  stm32f10x_rcc.o
    0x080018c8   0x00000020   Code   RO         1710    i.RCC_APB2PeriphClockCmd  stm32f10x_rcc.o
    0x080018e8   0x000000d4   Code   RO         1718    i.RCC_GetClocksFreq  stm32f10x_rcc.o
    0x080019bc   0x0000025c   Code   RO         3662    i.Read_DMP          mpu6050.o
    0x08001c18   0x00000002   Code   RO         3215    i.SVC_Handler       stm32f10x_it.o
    0x08001c1a   0x00000008   Code   RO           24    i.SetSysClock       system_stm32f10x.o
    0x08001c22   0x00000002   PAD
    0x08001c24   0x000000e0   Code   RO           25    i.SetSysClockTo72   system_stm32f10x.o
    0x08001d04   0x00000002   Code   RO         3216    i.SysTick_Handler   stm32f10x_it.o
    0x08001d06   0x00000002   PAD
    0x08001d08   0x00000060   Code   RO           27    i.SystemInit        system_stm32f10x.o
    0x08001d68   0x00000018   Code   RO         2342    i.TIM_Cmd           stm32f10x_tim.o
    0x08001d80   0x00000098   Code   RO         2371    i.TIM_OC1Init       stm32f10x_tim.o
    0x08001e18   0x00000012   Code   RO         2374    i.TIM_OC1PreloadConfig  stm32f10x_tim.o
    0x08001e2a   0x00000002   PAD
    0x08001e2c   0x000000a4   Code   RO         2376    i.TIM_OC2Init       stm32f10x_tim.o
    0x08001ed0   0x0000001a   Code   RO         2379    i.TIM_OC2PreloadConfig  stm32f10x_tim.o
    0x08001eea   0x00000002   PAD
    0x08001eec   0x000000a4   Code   RO         2413    i.TIM_TimeBaseInit  stm32f10x_tim.o
    0x08001f90   0x00000018   Code   RO         2878    i.USART_Cmd         stm32f10x_usart.o
    0x08001fa8   0x00000090   Code   RO         3385    i.USART_Config      bsp_usart.o
    0x08002038   0x0000001a   Code   RO         2881    i.USART_GetFlagStatus  stm32f10x_usart.o
    0x08002052   0x0000004a   Code   RO         2884    i.USART_ITConfig    stm32f10x_usart.o
    0x0800209c   0x000000d8   Code   RO         2885    i.USART_Init        stm32f10x_usart.o
    0x08002174   0x00000008   Code   RO         2895    i.USART_SendData    stm32f10x_usart.o
    0x0800217c   0x00000004   Code   RO         3217    i.UsageFault_Handler  stm32f10x_it.o
    0x08002180   0x00000020   Code   RO         4616    i.__0printf         mc_w.l(printfa.o)
    0x080021a0   0x00000028   Code   RO         4696    i.__ARM_fpclassify  m_ws.l(fpclassify.o)
    0x080021c8   0x000000aa   Code   RO         4698    i.__kernel_poly     m_ws.l(poly.o)
    0x08002272   0x00000006   Code   RO         4683    i.__mathlib_dbl_infnan  m_ws.l(dunder.o)
    0x08002278   0x00000004   Code   RO         4684    i.__mathlib_dbl_infnan2  m_ws.l(dunder.o)
    0x0800227c   0x0000000c   Code   RO         4685    i.__mathlib_dbl_invalid  m_ws.l(dunder.o)
    0x08002288   0x00000010   Code   RO         4688    i.__mathlib_dbl_underflow  m_ws.l(dunder.o)
    0x08002298   0x0000000e   Code   RO         4762    i.__scatterload_copy  mc_w.l(handlers.o)
    0x080022a6   0x00000002   Code   RO         4763    i.__scatterload_null  mc_w.l(handlers.o)
    0x080022a8   0x0000000e   Code   RO         4764    i.__scatterload_zeroinit  mc_w.l(handlers.o)
    0x080022b6   0x00000002   PAD
    0x080022b8   0x0000000c   Code   RO         4734    i.__set_errno       mc_w.l(errno.o)
    0x080022c4   0x00000184   Code   RO         4623    i._fp_digits        mc_w.l(printfa.o)
    0x08002448   0x000006dc   Code   RO         4624    i._printf_core      mc_w.l(printfa.o)
    0x08002b24   0x00000024   Code   RO         4625    i._printf_post_padding  mc_w.l(printfa.o)
    0x08002b48   0x0000002e   Code   RO         4626    i._printf_pre_padding  mc_w.l(printfa.o)
    0x08002b76   0x00000002   PAD
    0x08002b78   0x000000a8   Code   RO         3768    i.accel_self_test   inv_mpu.o
    0x08002c20   0x00000270   Code   RO         4357    i.asin              m_ws.l(asin.o)
    0x08002e90   0x00000220   Code   RO         4673    i.atan              m_ws.l(atan.o)
    0x080030b0   0x00000180   Code   RO         4367    i.atan2             m_ws.l(atan2.o)
    0x08003230   0x00000064   Code   RO         4057    i.decode_gesture    inv_mpu_dmp_motion_driver.o
    0x08003294   0x00000040   Code   RO         3505    i.delay_init        delay.o
    0x080032d4   0x0000003c   Code   RO         3506    i.delay_ms          delay.o
    0x08003310   0x0000003c   Code   RO         3507    i.delay_us          delay.o
    0x0800334c   0x0000003c   Code   RO         4058    i.dmp_enable_6x_lp_quat  inv_mpu_dmp_motion_driver.o
    0x08003388   0x0000021c   Code   RO         4059    i.dmp_enable_feature  inv_mpu_dmp_motion_driver.o
    0x080035a4   0x00000058   Code   RO         4060    i.dmp_enable_gyro_cal  inv_mpu_dmp_motion_driver.o
    0x080035fc   0x0000003c   Code   RO         4061    i.dmp_enable_lp_quat  inv_mpu_dmp_motion_driver.o
    0x08003638   0x00000018   Code   RO         4066    i.dmp_load_motion_driver_firmware  inv_mpu_dmp_motion_driver.o
    0x08003650   0x000001cc   Code   RO         4067    i.dmp_read_fifo     inv_mpu_dmp_motion_driver.o
    0x0800381c   0x00000130   Code   RO         4070    i.dmp_set_accel_bias  inv_mpu_dmp_motion_driver.o
    0x0800394c   0x00000070   Code   RO         4071    i.dmp_set_fifo_rate  inv_mpu_dmp_motion_driver.o
    0x080039bc   0x00000130   Code   RO         4072    i.dmp_set_gyro_bias  inv_mpu_dmp_motion_driver.o
    0x08003aec   0x00000138   Code   RO         4074    i.dmp_set_orientation  inv_mpu_dmp_motion_driver.o
    0x08003c24   0x00000038   Code   RO         4077    i.dmp_set_shake_reject_thresh  inv_mpu_dmp_motion_driver.o
    0x08003c5c   0x00000026   Code   RO         4078    i.dmp_set_shake_reject_time  inv_mpu_dmp_motion_driver.o
    0x08003c82   0x00000026   Code   RO         4079    i.dmp_set_shake_reject_timeout  inv_mpu_dmp_motion_driver.o
    0x08003ca8   0x00000046   Code   RO         4080    i.dmp_set_tap_axes  inv_mpu_dmp_motion_driver.o
    0x08003cee   0x00000026   Code   RO         4081    i.dmp_set_tap_count  inv_mpu_dmp_motion_driver.o
    0x08003d14   0x000001a0   Code   RO         4082    i.dmp_set_tap_thresh  inv_mpu_dmp_motion_driver.o
    0x08003eb4   0x00000026   Code   RO         4083    i.dmp_set_tap_time  inv_mpu_dmp_motion_driver.o
    0x08003eda   0x00000026   Code   RO         4084    i.dmp_set_tap_time_multi  inv_mpu_dmp_motion_driver.o
    0x08003f00   0x00000024   Code   RO         3391    i.fputc             bsp_usart.o
    0x08003f24   0x000000b4   Code   RO         3769    i.get_accel_prod_shift  inv_mpu.o
    0x08003fd8   0x00000470   Code   RO         3770    i.get_st_biases     inv_mpu.o
    0x08004448   0x00000110   Code   RO         3771    i.gyro_self_test    inv_mpu.o
    0x08004558   0x00000076   Code   RO         3546    i.i2cRead           iic.o
    0x080045ce   0x00000060   Code   RO         3547    i.i2cWrite          iic.o
    0x0800462e   0x00000028   Code   RO         3664    i.inv_orientation_matrix_to_scalar  mpu6050.o
    0x08004656   0x0000004e   Code   RO         3665    i.inv_row_2_scale   mpu6050.o
    0x080046a4   0x0000003e   Code   RO         3108    i.main              main.o
    0x080046e2   0x00000002   PAD
    0x080046e4   0x00000070   Code   RO         3772    i.mpu_configure_fifo  inv_mpu.o
    0x08004754   0x0000004c   Code   RO         3773    i.mpu_get_accel_fsr  inv_mpu.o
    0x080047a0   0x00000054   Code   RO         3775    i.mpu_get_accel_sens  inv_mpu.o
    0x080047f4   0x00000010   Code   RO         3780    i.mpu_get_fifo_config  inv_mpu.o
    0x08004804   0x00000044   Code   RO         3781    i.mpu_get_gyro_fsr  inv_mpu.o
    0x08004848   0x00000050   Code   RO         3783    i.mpu_get_gyro_sens  inv_mpu.o
    0x08004898   0x00000050   Code   RO         3785    i.mpu_get_lpf       inv_mpu.o
    0x080048e8   0x00000020   Code   RO         3787    i.mpu_get_sample_rate  inv_mpu.o
    0x08004908   0x000001f0   Code   RO         3789    i.mpu_init          inv_mpu.o
    0x08004af8   0x000000b8   Code   RO         3790    i.mpu_load_firmware  inv_mpu.o
    0x08004bb0   0x000000e0   Code   RO         3791    i.mpu_lp_accel_mode  inv_mpu.o
    0x08004c90   0x000000c0   Code   RO         3794    i.mpu_read_fifo_stream  inv_mpu.o
    0x08004d50   0x00000080   Code   RO         3795    i.mpu_read_mem      inv_mpu.o
    0x08004dd0   0x000001bc   Code   RO         3798    i.mpu_reset_fifo    inv_mpu.o
    0x08004f8c   0x0000011c   Code   RO         3799    i.mpu_run_self_test  inv_mpu.o
    0x080050a8   0x00000084   Code   RO         3801    i.mpu_set_accel_fsr  inv_mpu.o
    0x0800512c   0x0000014c   Code   RO         3802    i.mpu_set_bypass    inv_mpu.o
    0x08005278   0x00000090   Code   RO         3804    i.mpu_set_dmp_state  inv_mpu.o
    0x08005308   0x00000088   Code   RO         3805    i.mpu_set_gyro_fsr  inv_mpu.o
    0x08005390   0x0000006c   Code   RO         3806    i.mpu_set_int_latched  inv_mpu.o
    0x080053fc   0x00000084   Code   RO         3808    i.mpu_set_lpf       inv_mpu.o
    0x08005480   0x0000009c   Code   RO         3809    i.mpu_set_sample_rate  inv_mpu.o
    0x0800551c   0x000000d0   Code   RO         3810    i.mpu_set_sensors   inv_mpu.o
    0x080055ec   0x00000080   Code   RO         3811    i.mpu_write_mem     inv_mpu.o
    0x0800566c   0x00000002   Code   RO         3812    i.myget_ms          inv_mpu.o
    0x0800566e   0x00000002   PAD
    0x08005670   0x000000bc   Code   RO         3667    i.run_self_test     mpu6050.o
    0x0800572c   0x00000090   Code   RO         3813    i.set_int_enable    inv_mpu.o
    0x080057bc   0x0000004c   Code   RO         4702    i.sqrt              m_ws.l(sqrt.o)
    0x08005808   0x00000050   Data   RO         3814    .constdata          inv_mpu.o
    0x08005858   0x00000bf6   Data   RO         4086    .constdata          inv_mpu_dmp_motion_driver.o
    0x0800644e   0x00000002   PAD
    0x08006450   0x00000050   Data   RO         4358    .constdata          m_ws.l(asin.o)
    0x080064a0   0x00000098   Data   RO         4674    .constdata          m_ws.l(atan.o)
    0x08006538   0x00000008   Data   RO         4700    .constdata          m_ws.l(qnan.o)
    0x08006540   0x0000004e   Data   RO         3815    .conststring        inv_mpu.o
    0x0800658e   0x00000002   PAD
    0x08006590   0x00000020   Data   RO         4760    Region$$Table       anon$$obj.o


    Execution Region ER_RW (Base: 0x20000000, Size: 0x000000a4, Max: 0xffffffff, ABSOLUTE)

    Base Addr    Size         Type   Attr      Idx    E Section Name        Object

    0x20000000   0x00000014   Data   RW         1738    .data               stm32f10x_rcc.o
    0x20000014   0x00000004   Data   RW         3508    .data               delay.o
    0x20000018   0x00000040   Data   RW         3669    .data               mpu6050.o
    0x20000058   0x0000002c   Data   RW         3816    .data               inv_mpu.o
    0x20000084   0x00000018   Data   RW         4280    .data               control_flow.o
    0x2000009c   0x00000004   Data   RW         4723    .data               mc_w.l(stdout.o)
    0x200000a0   0x00000004   Data   RW         4735    .data               mc_w.l(errno.o)


    Execution Region ER_ZI (Base: 0x200000a4, Size: 0x00000414, Max: 0xffffffff, ABSOLUTE)

    Base Addr    Size         Type   Attr      Idx    E Section Name        Object

    0x200000a4   0x00000010   Zero   RW         4085    .bss                inv_mpu_dmp_motion_driver.o
    0x200000b4   0x00000004   PAD
    0x200000b8   0x00000400   Zero   RW            1    STACK               startup_stm32f10x_md.o


==============================================================================

Image component sizes


      Code (inc. data)   RO Data    RW Data    ZI Data      Debug   Object Name

        44          4          0          0          0        524   bsp_find_num.o
       260         22          0          0          0       2911   bsp_generaltim_3.o
       218         12          0          0          0       1707   bsp_usart.o
        96          8          0          0          0       1033   buzzer.o
       572         68          0         24          0       1527   control_flow.o
         0          0          0          0          0       4532   core_cm3.o
       184         16          0          4          0       1779   delay.o
      1262         94          0          0          0      10491   iic.o
      5878        280        158         44          0      26794   inv_mpu.o
      3096        122       3062          0         16      20322   inv_mpu_dmp_motion_driver.o
        62          0          0          0          0       1759   main.o
       132         22          0          0          0       1727   misc.o
      1592        416          0         64          0      23718   mpu6050.o
        36          8        236          0       1024        868   startup_stm32f10x_md.o
       304          0          0          0          0       3968   stm32f10x_gpio.o
        26          0          0          0          0       4010   stm32f10x_it.o
       276         32          0         20          0       4726   stm32f10x_rcc.o
       548         72          0          0          0       4795   stm32f10x_tim.o
       348          6          0          0          0       5233   stm32f10x_usart.o
       328         28          0          0          0     249337   system_stm32f10x.o
       342         40          0          0          0       5022   tb6612.o

    ----------------------------------------------------------------------
     15624       1250       3492        156       1044     376783   Object Totals
         0          0         32          0          0          0   (incl. Generated)
        20          0          4          0          4          0   (incl. Padding)

    ----------------------------------------------------------------------

      Code (inc. data)   RO Data    RW Data    ZI Data      Debug   Library Member Name

       624         52         80          0          0        168   asin.o
       544         70        152          0          0        124   atan.o
       384         38          0          0          0        144   atan2.o
        38          6          0          0          0        272   dunder.o
        40          0          0          0          0         68   fpclassify.o
       170          0          0          0          0         96   poly.o
         0          0          8          0          0          0   qnan.o
        76          0          0          0          0         84   sqrt.o
         0          0          0          0          0          0   entry.o
         0          0          0          0          0          0   entry10a.o
         0          0          0          0          0          0   entry11a.o
         8          4          0          0          0          0   entry2.o
         4          0          0          0          0          0   entry5.o
         0          0          0          0          0          0   entry7b.o
         0          0          0          0          0          0   entry8b.o
         8          4          0          0          0          0   entry9a.o
        12          6          0          4          0         68   errno.o
        30          0          0          0          0          0   handlers.o
        36          8          0          0          0         68   init.o
         0          0          0          0          0          0   iusefp.o
        98          0          0          0          0         84   ldiv.o
        30          0          0          0          0         68   llshl.o
        36          0          0          0          0         68   llsshr.o
        32          0          0          0          0         68   llushr.o
        26          0          0          0          0         80   memcmp.o
        36          0          0          0          0        108   memseta.o
      2258         90          0          0          0        452   printfa.o
         0          0          0          4          0          0   stdout.o
        44          0          0          0          0         80   uidiv.o
        98          0          0          0          0         92   uldiv.o
        48          0          0          0          0         68   cdrcmple.o
        20          0          0          0          0         68   cfcmple.o
        20          0          0          0          0         68   cfrcmple.o
        56          0          0          0          0         88   d2f.o
       334          0          0          0          0        148   dadd.o
       222          0          0          0          0        100   ddiv.o
       186          0          0          0          0        176   depilogue.o
        48          0          0          0          0         68   dfixul.o
       228          0          0          0          0         96   dmul.o
        46          0          0          0          0         80   dscalb.o
       162          0          0          0          0        100   dsqrt.o
        38          0          0          0          0         68   f2d.o
       176          0          0          0          0        140   fadd.o
       124          0          0          0          0         88   fdiv.o
       110          0          0          0          0        168   fepilogue.o
        50          0          0          0          0         68   ffixi.o
        40          0          0          0          0         68   ffixui.o
        18          0          0          0          0         68   fflti.o
        10          0          0          0          0         68   ffltui.o
       100          0          0          0          0         76   fmul.o

    ----------------------------------------------------------------------
      6676        278        240          8          0       4064   Library Totals
         8          0          0          0          0          0   (incl. Padding)

    ----------------------------------------------------------------------

      Code (inc. data)   RO Data    RW Data    ZI Data      Debug   Library Name

      1876        166        240          0          0        956   m_ws.l
      2756        112          0          8          0       1236   mc_w.l
      2036          0          0          0          0       1872   mf_w.l

    ----------------------------------------------------------------------
      6676        278        240          8          0       4064   Library Totals

    ----------------------------------------------------------------------

==============================================================================


      Code (inc. data)   RO Data    RW Data    ZI Data      Debug   

     22300       1528       3732        164       1044     371951   Grand Totals
     22300       1528       3732        164       1044     371951   ELF Image Totals
     22300       1528       3732        164          0          0   ROM Totals

==============================================================================

    Total RO  Size (Code + RO Data)                26032 (  25.42kB)
    Total RW  Size (RW Data + ZI Data)              1208 (   1.18kB)
    Total ROM Size (Code + RO Data + RW Data)      26196 (  25.58kB)

==============================================================================

