Component: ARM Compiler 5.06 update 6 (build 750) Tool: armlink [4d35ed]

==============================================================================

Section Cross References

    startup_stm32f10x_md.o(RESET) refers to startup_stm32f10x_md.o(STACK) for __initial_sp
    startup_stm32f10x_md.o(RESET) refers to startup_stm32f10x_md.o(.text) for Reset_Handler
    startup_stm32f10x_md.o(RESET) refers to stm32f10x_it.o(i.NMI_Handler) for NMI_Handler
    startup_stm32f10x_md.o(RESET) refers to stm32f10x_it.o(i.HardFault_Handler) for HardFault_Handler
    startup_stm32f10x_md.o(RESET) refers to stm32f10x_it.o(i.MemManage_Handler) for MemManage_Handler
    startup_stm32f10x_md.o(RESET) refers to stm32f10x_it.o(i.BusFault_Handler) for BusFault_Handler
    startup_stm32f10x_md.o(RESET) refers to stm32f10x_it.o(i.UsageFault_Handler) for UsageFault_Handler
    startup_stm32f10x_md.o(RESET) refers to stm32f10x_it.o(i.SVC_Handler) for SVC_Handler
    startup_stm32f10x_md.o(RESET) refers to stm32f10x_it.o(i.DebugMon_Handler) for DebugMon_Handler
    startup_stm32f10x_md.o(RESET) refers to stm32f10x_it.o(i.PendSV_Handler) for PendSV_Handler
    startup_stm32f10x_md.o(RESET) refers to stm32f10x_it.o(i.SysTick_Handler) for SysTick_Handler
    startup_stm32f10x_md.o(.text) refers to system_stm32f10x.o(i.SystemInit) for SystemInit
    startup_stm32f10x_md.o(.text) refers to entry.o(.ARM.Collect$$$$00000000) for __main
    system_stm32f10x.o(i.SetSysClock) refers to system_stm32f10x.o(i.SetSysClockTo72) for SetSysClockTo72
    system_stm32f10x.o(i.SystemCoreClockUpdate) refers to system_stm32f10x.o(.data) for SystemCoreClock
    system_stm32f10x.o(i.SystemInit) refers to system_stm32f10x.o(i.SetSysClock) for SetSysClock
    stm32f10x_adc.o(i.ADC_DeInit) refers to stm32f10x_rcc.o(i.RCC_APB2PeriphResetCmd) for RCC_APB2PeriphResetCmd
    stm32f10x_bkp.o(i.BKP_DeInit) refers to stm32f10x_rcc.o(i.RCC_BackupResetCmd) for RCC_BackupResetCmd
    stm32f10x_can.o(i.CAN_DeInit) refers to stm32f10x_rcc.o(i.RCC_APB1PeriphResetCmd) for RCC_APB1PeriphResetCmd
    stm32f10x_can.o(i.CAN_GetITStatus) refers to stm32f10x_can.o(i.CheckITStatus) for CheckITStatus
    stm32f10x_cec.o(i.CEC_DeInit) refers to stm32f10x_rcc.o(i.RCC_APB1PeriphResetCmd) for RCC_APB1PeriphResetCmd
    stm32f10x_dac.o(i.DAC_DeInit) refers to stm32f10x_rcc.o(i.RCC_APB1PeriphResetCmd) for RCC_APB1PeriphResetCmd
    stm32f10x_flash.o(i.FLASH_EnableWriteProtection) refers to stm32f10x_flash.o(i.FLASH_WaitForLastOperation) for FLASH_WaitForLastOperation
    stm32f10x_flash.o(i.FLASH_EraseAllBank1Pages) refers to stm32f10x_flash.o(i.FLASH_WaitForLastBank1Operation) for FLASH_WaitForLastBank1Operation
    stm32f10x_flash.o(i.FLASH_EraseAllPages) refers to stm32f10x_flash.o(i.FLASH_WaitForLastOperation) for FLASH_WaitForLastOperation
    stm32f10x_flash.o(i.FLASH_EraseOptionBytes) refers to stm32f10x_flash.o(i.FLASH_GetReadOutProtectionStatus) for FLASH_GetReadOutProtectionStatus
    stm32f10x_flash.o(i.FLASH_EraseOptionBytes) refers to stm32f10x_flash.o(i.FLASH_WaitForLastOperation) for FLASH_WaitForLastOperation
    stm32f10x_flash.o(i.FLASH_ErasePage) refers to stm32f10x_flash.o(i.FLASH_WaitForLastOperation) for FLASH_WaitForLastOperation
    stm32f10x_flash.o(i.FLASH_ProgramHalfWord) refers to stm32f10x_flash.o(i.FLASH_WaitForLastOperation) for FLASH_WaitForLastOperation
    stm32f10x_flash.o(i.FLASH_ProgramOptionByteData) refers to stm32f10x_flash.o(i.FLASH_WaitForLastOperation) for FLASH_WaitForLastOperation
    stm32f10x_flash.o(i.FLASH_ProgramWord) refers to stm32f10x_flash.o(i.FLASH_WaitForLastOperation) for FLASH_WaitForLastOperation
    stm32f10x_flash.o(i.FLASH_ReadOutProtection) refers to stm32f10x_flash.o(i.FLASH_WaitForLastOperation) for FLASH_WaitForLastOperation
    stm32f10x_flash.o(i.FLASH_UserOptionByteConfig) refers to stm32f10x_flash.o(i.FLASH_WaitForLastOperation) for FLASH_WaitForLastOperation
    stm32f10x_flash.o(i.FLASH_WaitForLastBank1Operation) refers to stm32f10x_flash.o(i.FLASH_GetBank1Status) for FLASH_GetBank1Status
    stm32f10x_flash.o(i.FLASH_WaitForLastOperation) refers to stm32f10x_flash.o(i.FLASH_GetBank1Status) for FLASH_GetBank1Status
    stm32f10x_gpio.o(i.GPIO_AFIODeInit) refers to stm32f10x_rcc.o(i.RCC_APB2PeriphResetCmd) for RCC_APB2PeriphResetCmd
    stm32f10x_gpio.o(i.GPIO_DeInit) refers to stm32f10x_rcc.o(i.RCC_APB2PeriphResetCmd) for RCC_APB2PeriphResetCmd
    stm32f10x_i2c.o(i.I2C_DeInit) refers to stm32f10x_rcc.o(i.RCC_APB1PeriphResetCmd) for RCC_APB1PeriphResetCmd
    stm32f10x_i2c.o(i.I2C_Init) refers to stm32f10x_rcc.o(i.RCC_GetClocksFreq) for RCC_GetClocksFreq
    stm32f10x_pwr.o(i.PWR_DeInit) refers to stm32f10x_rcc.o(i.RCC_APB1PeriphResetCmd) for RCC_APB1PeriphResetCmd
    stm32f10x_rcc.o(i.RCC_GetClocksFreq) refers to stm32f10x_rcc.o(.data) for APBAHBPrescTable
    stm32f10x_rcc.o(i.RCC_WaitForHSEStartUp) refers to stm32f10x_rcc.o(i.RCC_GetFlagStatus) for RCC_GetFlagStatus
[...]
    Removing stm32f10x_tim.o(i.TIM_OC3PolarityConfig), (26 bytes).
    Removing stm32f10x_tim.o(i.TIM_OC3PreloadConfig), (18 bytes).
    Removing stm32f10x_tim.o(i.TIM_OC4FastConfig), (26 bytes).
    Removing stm32f10x_tim.o(i.TIM_OC4Init), (124 bytes).
    Removing stm32f10x_tim.o(i.TIM_OC4PolarityConfig), (26 bytes).
    Removing stm32f10x_tim.o(i.TIM_OC4PreloadConfig), (26 bytes).
    Removing stm32f10x_tim.o(i.TIM_OCStructInit), (20 bytes).
    Removing stm32f10x_tim.o(i.TIM_PWMIConfig), (124 bytes).
    Removing stm32f10x_tim.o(i.TIM_PrescalerConfig), (6 bytes).
    Removing stm32f10x_tim.o(i.TIM_SelectCCDMA), (24 bytes).
    Removing stm32f10x_tim.o(i.TIM_SelectCOM), (24 bytes).
    Removing stm32f10x_tim.o(i.TIM_SelectHallSensor), (24 bytes).
    Removing stm32f10x_tim.o(i.TIM_SelectInputTrigger), (18 bytes).
    Removing stm32f10x_tim.o(i.TIM_SelectMasterSlaveMode), (18 bytes).
    Removing stm32f10x_tim.o(i.TIM_SelectOCxM), (82 bytes).
    Removing stm32f10x_tim.o(i.TIM_SelectOnePulseMode), (18 bytes).
    Removing stm32f10x_tim.o(i.TIM_SelectOutputTrigger), (18 bytes).
    Removing stm32f10x_tim.o(i.TIM_SelectSlaveMode), (18 bytes).
    Removing stm32f10x_tim.o(i.TIM_SetAutoreload), (4 bytes).
    Removing stm32f10x_tim.o(i.TIM_SetClockDivision), (18 bytes).
    Removing stm32f10x_tim.o(i.TIM_SetCompare1), (4 bytes).
    Removing stm32f10x_tim.o(i.TIM_SetCompare2), (4 bytes).
    Removing stm32f10x_tim.o(i.TIM_SetCompare3), (4 bytes).
    Removing stm32f10x_tim.o(i.TIM_SetCompare4), (6 bytes).
    Removing stm32f10x_tim.o(i.TIM_SetCounter), (4 bytes).
    Removing stm32f10x_tim.o(i.TIM_SetIC1Prescaler), (18 bytes).
    Removing stm32f10x_tim.o(i.TIM_SetIC2Prescaler), (26 bytes).
    Removing stm32f10x_tim.o(i.TIM_SetIC3Prescaler), (18 bytes).
    Removing stm32f10x_tim.o(i.TIM_SetIC4Prescaler), (26 bytes).
    Removing stm32f10x_tim.o(i.TIM_TIxExternalClockConfig), (62 bytes).
    Removing stm32f10x_tim.o(i.TIM_TimeBaseStructInit), (18 bytes).
    Removing stm32f10x_tim.o(i.TIM_UpdateDisableConfig), (24 bytes).
    Removing stm32f10x_tim.o(i.TIM_UpdateRequestConfig), (24 bytes).
    Removing stm32f10x_usart.o(i.USART_ClearFlag), (18 bytes).
    Removing stm32f10x_usart.o(i.USART_ClearITPendingBit), (30 bytes).
    Removing stm32f10x_usart.o(i.USART_ClockInit), (34 bytes).
    Removing stm32f10x_usart.o(i.USART_ClockStructInit), (12 bytes).
    Removing stm32f10x_usart.o(i.USART_DMACmd), (18 bytes).
    Removing stm32f10x_usart.o(i.USART_DeInit), (156 bytes).
    Removing stm32f10x_usart.o(i.USART_GetITStatus), (84 bytes).
    Removing stm32f10x_usart.o(i.USART_HalfDuplexCmd), (24 bytes).
    Removing stm32f10x_usart.o(i.USART_IrDACmd), (24 bytes).
    Removing stm32f10x_usart.o(i.USART_IrDAConfig), (18 bytes).
    Removing stm32f10x_usart.o(i.USART_LINBreakDetectLengthConfig), (18 bytes).
    Removing stm32f10x_usart.o(i.USART_LINCmd), (24 bytes).
    Removing stm32f10x_usart.o(i.USART_OneBitMethodCmd), (24 bytes).
    Removing stm32f10x_usart.o(i.USART_OverSampling8Cmd), (22 bytes).
    Removing stm32f10x_usart.o(i.USART_ReceiveData), (10 bytes).
    Removing stm32f10x_usart.o(i.USART_ReceiverWakeUpCmd), (24 bytes).
    Removing stm32f10x_usart.o(i.USART_SendBreak), (10 bytes).
    Removing stm32f10x_usart.o(i.USART_SetAddress), (18 bytes).
    Removing stm32f10x_usart.o(i.USART_SetGuardTime), (16 bytes).
    Removing stm32f10x_usart.o(i.USART_SetPrescaler), (16 bytes).
    Removing stm32f10x_usart.o(i.USART_SmartCardCmd), (24 bytes).
    Removing stm32f10x_usart.o(i.USART_SmartCardNACKCmd), (24 bytes).
    Removing stm32f10x_usart.o(i.USART_StructInit), (24 bytes).
    Removing stm32f10x_usart.o(i.USART_WakeUpConfig), (18 bytes).
    Removing stm32f10x_wwdg.o(i.WWDG_ClearFlag), (12 bytes).
    Removing stm32f10x_wwdg.o(i.WWDG_DeInit), (22 bytes).
    Removing stm32f10x_wwdg.o(i.WWDG_Enable), (16 bytes).
    Removing stm32f10x_wwdg.o(i.WWDG_EnableIT), (12 bytes).
    Removing stm32f10x_wwdg.o(i.WWDG_GetFlagStatus), (12 bytes).
    Removing stm32f10x_wwdg.o(i.WWDG_SetCounter), (16 bytes).
    Removing stm32f10x_wwdg.o(i.WWDG_SetPrescaler), (24 bytes).
    Removing stm32f10x_wwdg.o(i.WWDG_SetWindowValue), (40 bytes).
    Removing tb6612.o(i.PWMA_BACK), (32 bytes).
    Removing tb6612.o(i.PWMB_BACK), (36 bytes).
    Removing bsp_usart.o(i.Usart_SendArray), (48 bytes).
    Removing bsp_usart.o(i.Usart_SendByte), (30 bytes).
    Removing bsp_usart.o(i.Usart_SendHalfWord), (60 bytes).
    Removing bsp_usart.o(i.Usart_SendStr), (44 bytes).
    Removing bsp_usart.o(i.fgetc), (32 bytes).
    Removing system.o(.emb_text), (12 bytes).
    Removing system.o(i.Ex_NVIC_Config), (160 bytes).
    Removing system.o(i.JTAG_Set), (48 bytes).
    Removing system.o(i.MYRCC_DeInit), (104 bytes).
    Removing system.o(i.MY_NVIC_Init), (120 bytes).
    Removing system.o(i.MY_NVIC_PriorityGroupConfig), (40 bytes).
    Removing system.o(i.MY_NVIC_SetVectorTable), (20 bytes).
    Removing system.o(i.Stm32_Clock_Init), (144 bytes).
    Removing system.o(i.Sys_Soft_Reset), (16 bytes).
    Removing system.o(i.Sys_Standby), (76 bytes).
    Removing iic.o(i.IICreadBytes), (100 bytes).
    Removing timer.o(i.Timer1_Init), (92 bytes).
    Removing mpu6050.o(i.MPU6050_getDeviceID), (24 bytes).
    Removing mpu6050.o(i.MPU6050_newValues), (500 bytes).
    Removing mpu6050.o(i.MPU6050_testConnection), (18 bytes).
    Removing mpu6050.o(i.Read_DMP), (604 bytes).
    Removing mpu6050.o(i.Read_Temperature), (128 bytes).
    Removing mpu6050.o(i.mpu_scan), (32 bytes).
    Removing mpu6050.o(.bss), (146 bytes).
    Removing inv_mpu.o(i.mpu_get_accel_reg), (116 bytes).
    Removing inv_mpu.o(i.mpu_get_compass_fsr), (8 bytes).
    Removing inv_mpu.o(i.mpu_get_compass_reg), (8 bytes).
    Removing inv_mpu.o(i.mpu_get_compass_sample_rate), (10 bytes).
    Removing inv_mpu.o(i.mpu_get_dmp_state), (20 bytes).
    Removing inv_mpu.o(i.mpu_get_gyro_reg), (116 bytes).
    Removing inv_mpu.o(i.mpu_get_int_status), (68 bytes).
    Removing inv_mpu.o(i.mpu_get_power_state), (28 bytes).
    Removing inv_mpu.o(i.mpu_get_temperature), (160 bytes).
    Removing inv_mpu.o(i.mpu_lp_motion_interrupt), (516 bytes).
    Removing inv_mpu.o(i.mpu_read_fifo), (504 bytes).
    Removing inv_mpu.o(i.mpu_read_fifo_stream), (192 bytes).
    Removing inv_mpu.o(i.mpu_read_reg), (72 bytes).
    Removing inv_mpu.o(i.mpu_reg_dump), (76 bytes).
    Removing inv_mpu.o(i.mpu_set_accel_bias), (384 bytes).
    Removing inv_mpu.o(i.mpu_set_compass_sample_rate), (8 bytes).
    Removing inv_mpu.o(i.mpu_set_int_level), (16 bytes).
    Removing inv_mpu.o(i.myget_ms), (2 bytes).
    Removing inv_mpu_dmp_motion_driver.o(i.decode_gesture), (100 bytes).
    Removing inv_mpu_dmp_motion_driver.o(i.dmp_get_enabled_features), (16 bytes).
    Removing inv_mpu_dmp_motion_driver.o(i.dmp_get_fifo_rate), (16 bytes).
    Removing inv_mpu_dmp_motion_driver.o(i.dmp_get_pedometer_step_count), (66 bytes).
    Removing inv_mpu_dmp_motion_driver.o(i.dmp_get_pedometer_walk_time), (72 bytes).
    Removing inv_mpu_dmp_motion_driver.o(i.dmp_read_fifo), (460 bytes).
    Removing inv_mpu_dmp_motion_driver.o(i.dmp_register_android_orient_cb), (16 bytes).
    Removing inv_mpu_dmp_motion_driver.o(i.dmp_register_tap_cb), (16 bytes).
    Removing inv_mpu_dmp_motion_driver.o(i.dmp_set_interrupt_mode), (92 bytes).
    Removing inv_mpu_dmp_motion_driver.o(i.dmp_set_pedometer_step_count), (42 bytes).
    Removing inv_mpu_dmp_motion_driver.o(i.dmp_set_pedometer_walk_time), (48 bytes).
    Removing balance.o(i.PID_Position), (108 bytes).
    Removing buzzer.o(i.BEEP), (52 bytes).
    Removing bsp_systick.o(i.Delay_us), (40 bytes).
    Removing bsp_systick.o(i.SysTick_Delay_Us), (72 bytes).
    Removing bsp_systick.o(i.SysTick_Init), (36 bytes).
    Removing bsp_systick.o(i.TimingDelay_Decrement), (24 bytes).
    Removing bsp_systick.o(.data), (4 bytes).
    Removing dadd.o(.text), (334 bytes).
    Removing dmul.o(.text), (228 bytes).
    Removing dflti.o(.text), (34 bytes).
    Removing f2d.o(.text), (38 bytes).
    Removing d2f.o(.text), (56 bytes).
    Removing depilogue.o(.text), (186 bytes).
    Removing ddiv.o(.text), (222 bytes).
    Removing dscalb.o(.text), (46 bytes).
    Removing dfixul.o(.text), (48 bytes).
    Removing cdrcmple.o(.text), (48 bytes).
    Removing dsqrt.o(.text), (162 bytes).
    Removing cdcmple.o(.text), (48 bytes).

529 unused section(s) (total 25976 bytes) removed from the image.

==============================================================================

Image Symbol Table

    Local Symbols

    Symbol Name                              Value     Ov Type        Size  Object(Section)

    ../clib/microlib/division.c              0x00000000   Number         0  uldiv.o ABSOLUTE
    ../clib/microlib/division.c              0x00000000   Number         0  uidiv.o ABSOLUTE
    ../clib/microlib/division.c              0x00000000   Number         0  ldiv.o ABSOLUTE
    ../clib/microlib/errno.c                 0x00000000   Number         0  errno.o ABSOLUTE
    ../clib/microlib/init/entry.s            0x00000000   Number         0  entry9a.o ABSOLUTE
    ../clib/microlib/init/entry.s            0x00000000   Number         0  entry5.o ABSOLUTE
    ../clib/microlib/init/entry.s            0x00000000   Number         0  entry7a.o ABSOLUTE
    ../clib/microlib/init/entry.s            0x00000000   Number         0  entry11b.o ABSOLUTE
    ../clib/microlib/init/entry.s            0x00000000   Number         0  entry11a.o ABSOLUTE
    ../clib/microlib/init/entry.s            0x00000000   Number         0  entry10b.o ABSOLUTE
    ../clib/microlib/init/entry.s            0x00000000   Number         0  entry10a.o ABSOLUTE
    ../clib/microlib/init/entry.s            0x00000000   Number         0  entry9b.o ABSOLUTE
    ../clib/microlib/init/entry.s            0x00000000   Number         0  entry8a.o ABSOLUTE
    ../clib/microlib/init/entry.s            0x00000000   Number         0  entry8b.o ABSOLUTE
    ../clib/microlib/init/entry.s            0x00000000   Number         0  entry7b.o ABSOLUTE
    ../clib/microlib/init/entry.s            0x00000000   Number         0  entry2.o ABSOLUTE
    ../clib/microlib/init/entry.s            0x00000000   Number         0  entry.o ABSOLUTE
    ../clib/microlib/longlong.c              0x00000000   Number         0  llshl.o ABSOLUTE
    ../clib/microlib/longlong.c              0x00000000   Number         0  llsshr.o ABSOLUTE
    ../clib/microlib/longlong.c              0x00000000   Number         0  llushr.o ABSOLUTE
    ../clib/microlib/printf/printf.c         0x00000000   Number         0  printf7.o ABSOLUTE
    ../clib/microlib/printf/printf.c         0x00000000   Number         0  printf8.o ABSOLUTE
    ../clib/microlib/printf/printf.c         0x00000000   Number         0  printf0.o ABSOLUTE
    ../clib/microlib/printf/printf.c         0x00000000   Number         0  printfa.o ABSOLUTE
    ../clib/microlib/printf/printf.c         0x00000000   Number         0  printfb.o ABSOLUTE
    ../clib/microlib/printf/printf.c         0x00000000   Number         0  printf1.o ABSOLUTE
    ../clib/microlib/printf/printf.c         0x00000000   Number         0  printf2.o ABSOLUTE
    ../clib/microlib/printf/printf.c         0x00000000   Number         0  printf3.o ABSOLUTE
    ../clib/microlib/printf/printf.c         0x00000000   Number         0  printf4.o ABSOLUTE
    ../clib/microlib/printf/printf.c         0x00000000   Number         0  printf5.o ABSOLUTE
    ../clib/microlib/printf/printf.c         0x00000000   Number         0  printf6.o ABSOLUTE
    ../clib/microlib/printf/stubs.s          0x00000000   Number         0  stubs.o ABSOLUTE
    ../clib/microlib/stdio/streams.c         0x00000000   Number         0  stdout.o ABSOLUTE
    ../clib/microlib/string/memcmp.c         0x00000000   Number         0  memcmp.o ABSOLUTE
    ../clib/microlib/string/memset.c         0x00000000   Number         0  memseta.o ABSOLUTE
    ../clib/microlib/stubs.s                 0x00000000   Number         0  iusefp.o ABSOLUTE
    ../fplib/microlib/d2f.c                  0x00000000   Number         0  d2f.o ABSOLUTE
    ../fplib/microlib/f2d.c                  0x00000000   Number         0  f2d.o ABSOLUTE
    ../fplib/microlib/fpadd.c                0x00000000   Number         0  fadd.o ABSOLUTE
    ../fplib/microlib/fpadd.c                0x00000000   Number         0  dadd.o ABSOLUTE
    ../fplib/microlib/fpdiv.c                0x00000000   Number         0  ddiv.o ABSOLUTE
    ../fplib/microlib/fpdiv.c                0x00000000   Number         0  fdiv.o ABSOLUTE
    ../fplib/microlib/fpepilogue.c           0x00000000   Number         0  fepilogue.o ABSOLUTE
    ../fplib/microlib/fpepilogue.c           0x00000000   Number         0  depilogue.o ABSOLUTE
    ../fplib/microlib/fpfix.c                0x00000000   Number         0  dfixul.o ABSOLUTE
    ../fplib/microlib/fpfix.c                0x00000000   Number         0  ffixi.o ABSOLUTE
    ../fplib/microlib/fpfix.c                0x00000000   Number         0  ffixui.o ABSOLUTE
    ../fplib/microlib/fpflt.c                0x00000000   Number         0  ffltui.o ABSOLUTE
    ../fplib/microlib/fpflt.c                0x00000000   Number         0  dflti.o ABSOLUTE
    ../fplib/microlib/fpflt.c                0x00000000   Number         0  fflti.o ABSOLUTE
    ../fplib/microlib/fpmul.c                0x00000000   Number         0  dmul.o ABSOLUTE
    ../fplib/microlib/fpmul.c                0x00000000   Number         0  fmul.o ABSOLUTE
    ../fplib/microlib/fpscalb.c              0x00000000   Number         0  dscalb.o ABSOLUTE
    ../fplib/microlib/fpsqrt.c               0x00000000   Number         0  dsqrt.o ABSOLUTE
    ../mathlib/asin.c                        0x00000000   Number         0  asin.o ABSOLUTE
    ../mathlib/asin.c                        0x00000000   Number         0  asin_x.o ABSOLUTE
    ../mathlib/atan.c                        0x00000000   Number         0  atan.o ABSOLUTE
    ../mathlib/atan.c                        0x00000000   Number         0  atan_x.o ABSOLUTE
    ../mathlib/atan2.c                       0x00000000   Number         0  atan2.o ABSOLUTE
    ../mathlib/atan2.c                       0x00000000   Number         0  atan2_x.o ABSOLUTE
    ../mathlib/dunder.c                      0x00000000   Number         0  dunder.o ABSOLUTE
    ../mathlib/fpclassify.c                  0x00000000   Number         0  fpclassify.o ABSOLUTE
    ../mathlib/poly.c                        0x00000000   Number         0  poly.o ABSOLUTE
    ../mathlib/qnan.c                        0x00000000   Number         0  qnan.o ABSOLUTE
    ../mathlib/sqrt.c                        0x00000000   Number         0  sqrt_x.o ABSOLUTE
    ../mathlib/sqrt.c                        0x00000000   Number         0  sqrt.o ABSOLUTE
    ..\Libraries\CMSIS\core_cm3.c            0x00000000   Number         0  core_cm3.o ABSOLUTE
    ..\Libraries\CMSIS\startup\startup_stm32f10x_md.s 0x00000000   Number         0  startup_stm32f10x_md.o ABSOLUTE
    ..\Libraries\CMSIS\system_stm32f10x.c    0x00000000   Number         0  system_stm32f10x.o ABSOLUTE
    ..\Libraries\STM32F10x_StdPeriph_Driver\src\misc.c 0x00000000   Number         0  misc.o ABSOLUTE
    ..\Libraries\STM32F10x_StdPeriph_Driver\src\stm32f10x_adc.c 0x00000000   Number         0  stm32f10x_adc.o ABSOLUTE
    ..\Libraries\STM32F10x_StdPeriph_Driver\src\stm32f10x_bkp.c 0x00000000   Number         0  stm32f10x_bkp.o ABSOLUTE
    ..\Libraries\STM32F10x_StdPeriph_Driver\src\stm32f10x_can.c 0x00000000   Number         0  stm32f10x_can.o ABSOLUTE
    ..\Libraries\STM32F10x_StdPeriph_Driver\src\stm32f10x_cec.c 0x00000000   Number         0  stm32f10x_cec.o ABSOLUTE
    ..\Libraries\STM32F10x_StdPeriph_Driver\src\stm32f10x_crc.c 0x00000000   Number         0  stm32f10x_crc.o ABSOLUTE
    ..\Libraries\STM32F10x_StdPeriph_Driver\src\stm32f10x_dac.c 0x00000000   Number         0  stm32f10x_dac.o ABSOLUTE
    ..\Libraries\STM32F10x_StdPeriph_Driver\src\stm32f10x_dbgmcu.c 0x00000000   Number         0  stm32f10x_dbgmcu.o ABSOLUTE
    ..\Libraries\STM32F10x_StdPeriph_Driver\src\stm32f10x_dma.c 0x00000000   Number         0  stm32f10x_dma.o ABSOLUTE
    ..\Libraries\STM32F10x_StdPeriph_Driver\src\stm32f10x_exti.c 0x00000000   Number         0  stm32f10x_exti.o ABSOLUTE
    ..\Libraries\STM32F10x_StdPeriph_Driver\src\stm32f10x_flash.c 0x00000000   Number         0  stm32f10x_flash.o ABSOLUTE
    ..\Libraries\STM32F10x_StdPeriph_Driver\src\stm32f10x_fsmc.c 0x00000000   Number         0  stm32f10x_fsmc.o ABSOLUTE
    ..\Libraries\STM32F10x_StdPeriph_Driver\src\stm32f10x_gpio.c 0x00000000   Number         0  stm32f10x_gpio.o ABSOLUTE
    ..\Libraries\STM32F10x_StdPeriph_Driver\src\stm32f10x_i2c.c 0x00000000   Number         0  stm32f10x_i2c.o ABSOLUTE
    ..\Libraries\STM32F10x_StdPeriph_Driver\src\stm32f10x_iwdg.c 0x00000000   Number         0  stm32f10x_iwdg.o ABSOLUTE
    ..\Libraries\STM32F10x_StdPeriph_Driver\src\stm32f10x_pwr.c 0x00000000   Number         0  stm32f10x_pwr.o ABSOLUTE
    ..\Libraries\STM32F10x_StdPeriph_Driver\src\stm32f10x_rcc.c 0x00000000   Number         0  stm32f10x_rcc.o ABSOLUTE
    ..\Libraries\STM32F10x_StdPeriph_Driver\src\stm32f10x_rtc.c 0x00000000   Number         0  stm32f10x_rtc.o ABSOLUTE
    ..\Libraries\STM32F10x_StdPeriph_Driver\src\stm32f10x_sdio.c 0x00000000   Number         0  stm32f10x_sdio.o ABSOLUTE
    ..\Libraries\STM32F10x_StdPeriph_Driver\src\stm32f10x_spi.c 0x00000000   Number         0  stm32f10x_spi.o ABSOLUTE
    ..\Libraries\STM32F10x_StdPeriph_Driver\src\stm32f10x_tim.c 0x00000000   Number         0  stm32f10x_tim.o ABSOLUTE
    ..\Libraries\STM32F10x_StdPeriph_Driver\src\stm32f10x_usart.c 0x00000000   Number         0  stm32f10x_usart.o ABSOLUTE
    ..\Libraries\STM32F10x_StdPeriph_Driver\src\stm32f10x_wwdg.c 0x00000000   Number         0  stm32f10x_wwdg.o ABSOLUTE
    ..\User\Balance\Balance.c                0x00000000   Number         0  balance.o ABSOLUTE
    ..\User\Buzzer\Buzzer.c                  0x00000000   Number         0  buzzer.o ABSOLUTE
    ..\User\Control_Flow\Control_Flow.c      0x00000000   Number         0  control_flow.o ABSOLUTE
    ..\User\DMP\inv_mpu.c                    0x00000000   Number         0  inv_mpu.o ABSOLUTE
    ..\User\DMP\inv_mpu_dmp_motion_driver.c  0x00000000   Number         0  inv_mpu_dmp_motion_driver.o ABSOLUTE
    ..\User\Delay\Delay.c                    0x00000000   Number         0  delay.o ABSOLUTE
    ..\User\Find_Num\bsp_Find_Num.c          0x00000000   Number         0  bsp_find_num.o ABSOLUTE
    ..\User\GeneralTim_3\bsp_GeneralTim_3.c  0x00000000   Number         0  bsp_generaltim_3.o ABSOLUTE
    ..\User\IIC\IIC.c                        0x00000000   Number         0  iic.o ABSOLUTE
    ..\User\MPU6050\MPU6050.c                0x00000000   Number         0  mpu6050.o ABSOLUTE
    ..\User\SysTick\bsp_SysTick.c            0x00000000   Number         0  bsp_systick.o ABSOLUTE
    ..\User\System\System.c                  0x00000000   Number         0  system.o ABSOLUTE
    ..\User\TB6612\TB6612.c                  0x00000000   Number         0  tb6612.o ABSOLUTE
    ..\User\TIMER\Timer.c                    0x00000000   Number         0  timer.o ABSOLUTE
    ..\User\Usart\bsp_usart.c                0x00000000   Number         0  bsp_usart.o ABSOLUTE
    ..\User\main.c                           0x00000000   Number         0  main.o ABSOLUTE
    ..\User\stm32f10x_it.c                   0x00000000   Number         0  stm32f10x_it.o ABSOLUTE
    ..\\Libraries\\CMSIS\\core_cm3.c         0x00000000   Number         0  core_cm3.o ABSOLUTE
    ..\\User\\System\\System.c               0x00000000   Number         0  system.o ABSOLUTE
    cdcmple.s                                0x00000000   Number         0  cdcmple.o ABSOLUTE
    cdrcmple.s                               0x00000000   Number         0  cdrcmple.o ABSOLUTE
    cfcmple.s                                0x00000000   Number         0  cfcmple.o ABSOLUTE
    cfrcmple.s                               0x00000000   Number         0  cfrcmple.o ABSOLUTE
    dc.s                                     0x00000000   Number         0  dc.o ABSOLUTE
    handlers.s                               0x00000000   Number         0  handlers.o ABSOLUTE
    init.s                                   0x00000000   Number         0  init.o ABSOLUTE
    RESET                                    0x08000000   Section      236  startup_stm32f10x_md.o(RESET)
    .ARM.Collect$$$$00000000                 0x080000ec   Section        0  entry.o(.ARM.Collect$$$$00000000)
    .ARM.Collect$$$$00000001                 0x080000ec   Section        4  entry2.o(.ARM.Collect$$$$00000001)
    .ARM.Collect$$$$00000004                 0x080000f0   Section        4  entry5.o(.ARM.Collect$$$$00000004)
    .ARM.Collect$$$$00000008                 0x080000f4   Section        0  entry7b.o(.ARM.Collect$$$$00000008)
    .ARM.Collect$$$$0000000A                 0x080000f4   Section        0  entry8b.o(.ARM.Collect$$$$0000000A)
    .ARM.Collect$$$$0000000B                 0x080000f4   Section        8  entry9a.o(.ARM.Collect$$$$0000000B)
    .ARM.Collect$$$$0000000D                 0x080000fc   Section        0  entry10a.o(.ARM.Collect$$$$0000000D)
    .ARM.Collect$$$$0000000F                 0x080000fc   Section        0  entry11a.o(.ARM.Collect$$$$0000000F)
    .ARM.Collect$$$$00002712                 0x080000fc   Section        4  entry2.o(.ARM.Collect$$$$00002712)
    __lit__00000000                          0x080000fc   Data           4  entry2.o(.ARM.Collect$$$$00002712)
    .text                                    0x08000100   Section       36  startup_stm32f10x_md.o(.text)
    .text                                    0x08000124   Section        0  ldiv.o(.text)
    .text                                    0x08000186   Section        0  memseta.o(.text)
    .text                                    0x080001aa   Section        0  memcmp.o(.text)
    .text                                    0x080001c4   Section        0  fadd.o(.text)
    .text                                    0x08000274   Section        0  fmul.o(.text)
    .text                                    0x080002d8   Section        0  fdiv.o(.text)
    .text                                    0x08000354   Section        0  fflti.o(.text)
    .text                                    0x08000366   Section        0  ffltui.o(.text)
    .text                                    0x08000370   Section        0  ffixi.o(.text)
    .text                                    0x080003a2   Section        0  ffixui.o(.text)
    .text                                    0x080003cc   Section       20  cfcmple.o(.text)
    .text                                    0x080003e0   Section       20  cfrcmple.o(.text)
    .text                                    0x080003f4   Section        0  uidiv.o(.text)
    .text                                    0x08000420   Section        0  uldiv.o(.text)
    .text                                    0x08000482   Section        0  llshl.o(.text)
    .text                                    0x080004a0   Section        0  fepilogue.o(.text)
    .text                                    0x080004a0   Section        0  iusefp.o(.text)
    .text                                    0x08000510   Section       36  init.o(.text)
    .text                                    0x08000534   Section        0  llushr.o(.text)
    i.AIN1_GPIO_Config                       0x08000554   Section        0  tb6612.o(i.AIN1_GPIO_Config)
    i.AIN2_GPIO_Config                       0x08000580   Section        0  tb6612.o(i.AIN2_GPIO_Config)
    i.BIN1_GPIO_Config                       0x080005ac   Section        0  tb6612.o(i.BIN1_GPIO_Config)
    i.BIN2_GPIO_Config                       0x080005d8   Section        0  tb6612.o(i.BIN2_GPIO_Config)
    i.BusFault_Handler                       0x08000604   Section        0  stm32f10x_it.o(i.BusFault_Handler)
    i.Buz_GPIO_Config                        0x08000608   Section        0  buzzer.o(i.Buz_GPIO_Config)
    i.DMP_Init                               0x08000634   Section        0  mpu6050.o(i.DMP_Init)
    i.DebugMon_Handler                       0x08000844   Section        0  stm32f10x_it.o(i.DebugMon_Handler)
    i.Find_Nun_Init                          0x08000848   Section        0  bsp_find_num.o(i.Find_Nun_Init)
    i.GENERAL_TIM_3_Init                     0x08000874   Section        0  bsp_generaltim_3.o(i.GENERAL_TIM_3_Init)
    i.GENERAL_TIM_GPIO_Config                0x08000880   Section        0  bsp_generaltim_3.o(i.GENERAL_TIM_GPIO_Config)
    GENERAL_TIM_GPIO_Config                  0x08000881   Thumb Code    72  bsp_generaltim_3.o(i.GENERAL_TIM_GPIO_Config)
    i.GENERAL_TIM_Mode_Config                0x080008cc   Section        0  bsp_generaltim_3.o(i.GENERAL_TIM_Mode_Config)
    GENERAL_TIM_Mode_Config                  0x080008cd   Thumb Code    46  bsp_generaltim_3.o(i.GENERAL_TIM_Mode_Config)
    i.GENERAL_ccr1_Mode_Config               0x08000900   Section        0  bsp_generaltim_3.o(i.GENERAL_ccr1_Mode_Config)
    i.GENERAL_ccr2_Mode_Config               0x0800093c   Section        0  bsp_generaltim_3.o(i.GENERAL_ccr2_Mode_Config)
    i.GPIO_Init                              0x08000978   Section        0  stm32f10x_gpio.o(i.GPIO_Init)
    i.GPIO_ReadInputDataBit                  0x08000a8e   Section        0  stm32f10x_gpio.o(i.GPIO_ReadInputDataBit)
    i.GPIO_ResetBits                         0x08000aa0   Section        0  stm32f10x_gpio.o(i.GPIO_ResetBits)
    i.GPIO_SetBits                           0x08000aa4   Section        0  stm32f10x_gpio.o(i.GPIO_SetBits)
    i.HardFault_Handler                      0x08000aa8   Section        0  stm32f10x_it.o(i.HardFault_Handler)
    i.I2C_ReadOneByte                        0x08000aac   Section        0  iic.o(i.I2C_ReadOneByte)
    i.IIC_Ack                                0x08000af4   Section        0  iic.o(i.IIC_Ack)
    i.IIC_Init                               0x08000b40   Section        0  iic.o(i.IIC_Init)
    i.IIC_NAck                               0x08000b74   Section        0  iic.o(i.IIC_NAck)
    i.IIC_Read_Byte                          0x08000bc0   Section        0  iic.o(i.IIC_Read_Byte)
    i.IIC_Send_Byte                          0x08000c30   Section        0  iic.o(i.IIC_Send_Byte)
    i.IIC_Start                              0x08000c94   Section        0  iic.o(i.IIC_Start)
    i.IIC_Stop                               0x08000cfc   Section        0  iic.o(i.IIC_Stop)
    i.IIC_Wait_Ack                           0x08000d44   Section        0  iic.o(i.IIC_Wait_Ack)
    i.IICreadByte                            0x08000dac   Section        0  iic.o(i.IICreadByte)
    i.IICwriteBit                            0x08000dc2   Section        0  iic.o(i.IICwriteBit)
    i.IICwriteBits                           0x08000e02   Section        0  iic.o(i.IICwriteBits)
    i.IICwriteByte                           0x08000e6c   Section        0  iic.o(i.IICwriteByte)
    i.IICwriteBytes                          0x08000e80   Section        0  iic.o(i.IICwriteBytes)
    i.MPU6050_initialize                     0x08000ec6   Section        0  mpu6050.o(i.MPU6050_initialize)
    i.MPU6050_setClockSource                 0x08000eee   Section        0  mpu6050.o(i.MPU6050_setClockSource)
    i.MPU6050_setFullScaleAccelRange         0x08000f02   Section        0  mpu6050.o(i.MPU6050_setFullScaleAccelRange)
    i.MPU6050_setFullScaleGyroRange          0x08000f16   Section        0  mpu6050.o(i.MPU6050_setFullScaleGyroRange)
    i.MPU6050_setI2CBypassEnabled            0x08000f2a   Section        0  mpu6050.o(i.MPU6050_setI2CBypassEnabled)
    i.MPU6050_setI2CMasterModeEnabled        0x08000f3c   Section        0  mpu6050.o(i.MPU6050_setI2CMasterModeEnabled)
    i.MPU6050_setSleepEnabled                0x08000f4e   Section        0  mpu6050.o(i.MPU6050_setSleepEnabled)
    i.MemManage_Handler                      0x08000f60   Section        0  stm32f10x_it.o(i.MemManage_Handler)
    i.NMI_Handler                            0x08000f64   Section        0  stm32f10x_it.o(i.NMI_Handler)
    i.NVIC_Configuration                     0x08000f66   Section        0  bsp_usart.o(i.NVIC_Configuration)
    NVIC_Configuration                       0x08000f67   Thumb Code    38  bsp_usart.o(i.NVIC_Configuration)
    i.NVIC_Init                              0x08000f8c   Section        0  misc.o(i.NVIC_Init)
    i.NVIC_PriorityGroupConfig               0x08000ffc   Section        0  misc.o(i.NVIC_PriorityGroupConfig)
    i.PWMA_STOP                              0x08001010   Section        0  tb6612.o(i.PWMA_STOP)
    i.PWMA_UP                                0x08001030   Section        0  tb6612.o(i.PWMA_UP)
    i.PWMB_STOP                              0x08001050   Section        0  tb6612.o(i.PWMB_STOP)
    i.PWMB_UP                                0x08001074   Section        0  tb6612.o(i.PWMB_UP)
    i.PendSV_Handler                         0x08001098   Section        0  stm32f10x_it.o(i.PendSV_Handler)
    i.Plan_A                                 0x0800109c   Section        0  control_flow.o(i.Plan_A)
    i.RCC_APB1PeriphClockCmd                 0x080012b8   Section        0  stm32f10x_rcc.o(i.RCC_APB1PeriphClockCmd)
    i.RCC_APB2PeriphClockCmd                 0x080012d8   Section        0  stm32f10x_rcc.o(i.RCC_APB2PeriphClockCmd)
    i.RCC_GetClocksFreq                      0x080012f8   Section        0  stm32f10x_rcc.o(i.RCC_GetClocksFreq)
    i.SVC_Handler                            0x080013cc   Section        0  stm32f10x_it.o(i.SVC_Handler)
    i.SetSysClock                            0x080013ce   Section        0  system_stm32f10x.o(i.SetSysClock)
    SetSysClock                              0x080013cf   Thumb Code     8  system_stm32f10x.o(i.SetSysClock)
    i.SetSysClockTo72                        0x080013d8   Section        0  system_stm32f10x.o(i.SetSysClockTo72)
    SetSysClockTo72                          0x080013d9   Thumb Code   214  system_stm32f10x.o(i.SetSysClockTo72)
    i.SysTick_Config                         0x080014b8   Section        0  bsp_systick.o(i.SysTick_Config)
    SysTick_Config                           0x080014b9   Thumb Code    76  bsp_systick.o(i.SysTick_Config)
    i.SysTick_Delay_Ms                       0x0800150c   Section        0  bsp_systick.o(i.SysTick_Delay_Ms)
    i.SysTick_Handler                        0x08001554   Section        0  stm32f10x_it.o(i.SysTick_Handler)
    i.SystemInit                             0x08001558   Section        0  system_stm32f10x.o(i.SystemInit)
    i.TIM_Cmd                                0x080015b8   Section        0  stm32f10x_tim.o(i.TIM_Cmd)
    i.TIM_OC1Init                            0x080015d0   Section        0  stm32f10x_tim.o(i.TIM_OC1Init)
    i.TIM_OC1PreloadConfig                   0x08001668   Section        0  stm32f10x_tim.o(i.TIM_OC1PreloadConfig)
    i.TIM_OC2Init                            0x0800167c   Section        0  stm32f10x_tim.o(i.TIM_OC2Init)
    i.TIM_OC2PreloadConfig                   0x08001720   Section        0  stm32f10x_tim.o(i.TIM_OC2PreloadConfig)
    i.TIM_TimeBaseInit                       0x0800173c   Section        0  stm32f10x_tim.o(i.TIM_TimeBaseInit)
    i.USART_Cmd                              0x080017e0   Section        0  stm32f10x_usart.o(i.USART_Cmd)
    i.USART_Config                           0x080017f8   Section        0  bsp_usart.o(i.USART_Config)
    i.USART_GetFlagStatus                    0x08001888   Section        0  stm32f10x_usart.o(i.USART_GetFlagStatus)
    i.USART_ITConfig                         0x080018a2   Section        0  stm32f10x_usart.o(i.USART_ITConfig)
    i.USART_Init                             0x080018ec   Section        0  stm32f10x_usart.o(i.USART_Init)
    i.USART_SendData                         0x080019c4   Section        0  stm32f10x_usart.o(i.USART_SendData)
    i.UsageFault_Handler                     0x080019cc   Section        0  stm32f10x_it.o(i.UsageFault_Handler)
    i.__0printf$1                            0x080019d0   Section        0  printf1.o(i.__0printf$1)
    i.__scatterload_copy                     0x080019f0   Section       14  handlers.o(i.__scatterload_copy)
    i.__scatterload_null                     0x080019fe   Section        2  handlers.o(i.__scatterload_null)
    i.__scatterload_zeroinit                 0x08001a00   Section       14  handlers.o(i.__scatterload_zeroinit)
    i._printf_core                           0x08001a10   Section        0  printf1.o(i._printf_core)
    _printf_core                             0x08001a11   Thumb Code   336  printf1.o(i._printf_core)
    i.accel_self_test                        0x08001b64   Section        0  inv_mpu.o(i.accel_self_test)
    accel_self_test                          0x08001b65   Thumb Code   164  inv_mpu.o(i.accel_self_test)
    i.delay_init                             0x08001c0c   Section        0  delay.o(i.delay_init)
    i.delay_ms                               0x08001c4c   Section        0  delay.o(i.delay_ms)
    i.delay_us                               0x08001c88   Section        0  delay.o(i.delay_us)
    i.dmp_enable_6x_lp_quat                  0x08001cc4   Section        0  inv_mpu_dmp_motion_driver.o(i.dmp_enable_6x_lp_quat)
    i.dmp_enable_feature                     0x08001d00   Section        0  inv_mpu_dmp_motion_driver.o(i.dmp_enable_feature)
    i.dmp_enable_gyro_cal                    0x08001f1c   Section        0  inv_mpu_dmp_motion_driver.o(i.dmp_enable_gyro_cal)
    i.dmp_enable_lp_quat                     0x08001f74   Section        0  inv_mpu_dmp_motion_driver.o(i.dmp_enable_lp_quat)
    i.dmp_load_motion_driver_firmware        0x08001fb0   Section        0  inv_mpu_dmp_motion_driver.o(i.dmp_load_motion_driver_firmware)
    i.dmp_set_accel_bias                     0x08001fc8   Section        0  inv_mpu_dmp_motion_driver.o(i.dmp_set_accel_bias)
    i.dmp_set_fifo_rate                      0x080020f8   Section        0  inv_mpu_dmp_motion_driver.o(i.dmp_set_fifo_rate)
    i.dmp_set_gyro_bias                      0x08002168   Section        0  inv_mpu_dmp_motion_driver.o(i.dmp_set_gyro_bias)
    i.dmp_set_orientation                    0x08002298   Section        0  inv_mpu_dmp_motion_driver.o(i.dmp_set_orientation)
    i.dmp_set_shake_reject_thresh            0x080023d0   Section        0  inv_mpu_dmp_motion_driver.o(i.dmp_set_shake_reject_thresh)
    i.dmp_set_shake_reject_time              0x08002408   Section        0  inv_mpu_dmp_motion_driver.o(i.dmp_set_shake_reject_time)
    i.dmp_set_shake_reject_timeout           0x0800242e   Section        0  inv_mpu_dmp_motion_driver.o(i.dmp_set_shake_reject_timeout)
    i.dmp_set_tap_axes                       0x08002454   Section        0  inv_mpu_dmp_motion_driver.o(i.dmp_set_tap_axes)
    i.dmp_set_tap_count                      0x0800249a   Section        0  inv_mpu_dmp_motion_driver.o(i.dmp_set_tap_count)
    i.dmp_set_tap_thresh                     0x080024c0   Section        0  inv_mpu_dmp_motion_driver.o(i.dmp_set_tap_thresh)
    i.dmp_set_tap_time                       0x08002660   Section        0  inv_mpu_dmp_motion_driver.o(i.dmp_set_tap_time)
    i.dmp_set_tap_time_multi                 0x08002686   Section        0  inv_mpu_dmp_motion_driver.o(i.dmp_set_tap_time_multi)
    i.fputc                                  0x080026ac   Section        0  bsp_usart.o(i.fputc)
    i.get_accel_prod_shift                   0x080026d0   Section        0  inv_mpu.o(i.get_accel_prod_shift)
    get_accel_prod_shift                     0x080026d1   Thumb Code   168  inv_mpu.o(i.get_accel_prod_shift)
    i.get_st_biases                          0x08002784   Section        0  inv_mpu.o(i.get_st_biases)
    get_st_biases                            0x08002785   Thumb Code  1132  inv_mpu.o(i.get_st_biases)
    i.gyro_self_test                         0x08002bf4   Section        0  inv_mpu.o(i.gyro_self_test)
    gyro_self_test                           0x08002bf5   Thumb Code   256  inv_mpu.o(i.gyro_self_test)
    i.i2cRead                                0x08002d04   Section        0  iic.o(i.i2cRead)
    i.i2cWrite                               0x08002d7a   Section        0  iic.o(i.i2cWrite)
    i.inv_orientation_matrix_to_scalar       0x08002dda   Section        0  mpu6050.o(i.inv_orientation_matrix_to_scalar)
    inv_orientation_matrix_to_scalar         0x08002ddb   Thumb Code    40  mpu6050.o(i.inv_orientation_matrix_to_scalar)
    i.inv_row_2_scale                        0x08002e02   Section        0  mpu6050.o(i.inv_row_2_scale)
    inv_row_2_scale                          0x08002e03   Thumb Code    78  mpu6050.o(i.inv_row_2_scale)
    i.main                                   0x08002e50   Section        0  main.o(i.main)
    i.mpu_configure_fifo                     0x08002e8c   Section        0  inv_mpu.o(i.mpu_configure_fifo)
    i.mpu_get_accel_fsr                      0x08002efc   Section        0  inv_mpu.o(i.mpu_get_accel_fsr)
    i.mpu_get_accel_sens                     0x08002f48   Section        0  inv_mpu.o(i.mpu_get_accel_sens)
    i.mpu_get_fifo_config                    0x08002f9c   Section        0  inv_mpu.o(i.mpu_get_fifo_config)
    i.mpu_get_gyro_fsr                       0x08002fac   Section        0  inv_mpu.o(i.mpu_get_gyro_fsr)
    i.mpu_get_gyro_sens                      0x08002ff0   Section        0  inv_mpu.o(i.mpu_get_gyro_sens)
    i.mpu_get_lpf                            0x08003040   Section        0  inv_mpu.o(i.mpu_get_lpf)
    i.mpu_get_sample_rate                    0x08003090   Section        0  inv_mpu.o(i.mpu_get_sample_rate)
    i.mpu_init                               0x080030b0   Section        0  inv_mpu.o(i.mpu_init)
    i.mpu_load_firmware                      0x080032a0   Section        0  inv_mpu.o(i.mpu_load_firmware)
    i.mpu_lp_accel_mode                      0x08003358   Section        0  inv_mpu.o(i.mpu_lp_accel_mode)
    i.mpu_read_mem                           0x08003438   Section        0  inv_mpu.o(i.mpu_read_mem)
    i.mpu_reset_fifo                         0x080034b8   Section        0  inv_mpu.o(i.mpu_reset_fifo)
    i.mpu_run_self_test                      0x08003674   Section        0  inv_mpu.o(i.mpu_run_self_test)
    i.mpu_set_accel_fsr                      0x08003790   Section        0  inv_mpu.o(i.mpu_set_accel_fsr)
    i.mpu_set_bypass                         0x08003814   Section        0  inv_mpu.o(i.mpu_set_bypass)
    i.mpu_set_dmp_state                      0x08003960   Section        0  inv_mpu.o(i.mpu_set_dmp_state)
    i.mpu_set_gyro_fsr                       0x080039f0   Section        0  inv_mpu.o(i.mpu_set_gyro_fsr)
    i.mpu_set_int_latched                    0x08003a78   Section        0  inv_mpu.o(i.mpu_set_int_latched)
    i.mpu_set_lpf                            0x08003ae4   Section        0  inv_mpu.o(i.mpu_set_lpf)
    i.mpu_set_sample_rate                    0x08003b68   Section        0  inv_mpu.o(i.mpu_set_sample_rate)
    i.mpu_set_sensors                        0x08003c04   Section        0  inv_mpu.o(i.mpu_set_sensors)
    i.mpu_write_mem                          0x08003cd4   Section        0  inv_mpu.o(i.mpu_write_mem)
    i.run_self_test                          0x08003d54   Section        0  mpu6050.o(i.run_self_test)
    run_self_test                            0x08003d55   Thumb Code   150  mpu6050.o(i.run_self_test)
    i.set_int_enable                         0x08003e10   Section        0  inv_mpu.o(i.set_int_enable)
    set_int_enable                           0x08003e11   Thumb Code   138  inv_mpu.o(i.set_int_enable)
    .constdata                               0x08003ea0   Section       80  inv_mpu.o(.constdata)
    .constdata                               0x08003ef0   Section     3062  inv_mpu_dmp_motion_driver.o(.constdata)
    dmp_memory                               0x08003ef0   Data        3062  inv_mpu_dmp_motion_driver.o(.constdata)
    .conststring                             0x08004ae8   Section       78  inv_mpu.o(.conststring)
    .data                                    0x20000000   Section       20  system_stm32f10x.o(.data)
    .data                                    0x20000014   Section       20  stm32f10x_rcc.o(.data)
    APBAHBPrescTable                         0x20000014   Data          16  stm32f10x_rcc.o(.data)
    ADCPrescTable                            0x20000024   Data           4  stm32f10x_rcc.o(.data)
    .data                                    0x20000028   Section        4  delay.o(.data)
    fac_us                                   0x20000028   Data           1  delay.o(.data)
    fac_ms                                   0x2000002a   Data           2  delay.o(.data)
    .data                                    0x2000002c   Section       64  mpu6050.o(.data)
    gyro_orientation                         0x20000058   Data           9  mpu6050.o(.data)
    .data                                    0x2000006c   Section       44  inv_mpu.o(.data)
    st                                       0x2000006c   Data          44  inv_mpu.o(.data)
    .data                                    0x20000098   Section        8  control_flow.o(.data)
    flag                                     0x20000098   Data           4  control_flow.o(.data)
    states                                   0x2000009c   Data           4  control_flow.o(.data)
    .data                                    0x200000a0   Section        4  stdout.o(.data)
    .bss                                     0x200000a4   Section       16  inv_mpu_dmp_motion_driver.o(.bss)
    dmp                                      0x200000a4   Data          16  inv_mpu_dmp_motion_driver.o(.bss)
    STACK                                    0x200000b8   Section     1024  startup_stm32f10x_md.o(STACK)

    Global Symbols

    Symbol Name                              Value     Ov Type        Size  Object(Section)

    BuildAttributes$$THM_ISAv4$P$D$K$B$S$PE$A:L22UL41UL21$X:L11$S22US41US21$IEEE1$IW$USESV6$~STKCKD$USESV7$~SHL$OTIME$ROPI$IEEEX$EBA8$MICROLIB$REQ8$PRES8$EABIv2 0x00000000   Number         0  anon$$obj.o ABSOLUTE
    __ARM_use_no_argv                        0x00000000   Number         0  main.o ABSOLUTE
    _printf_a                                0x00000000   Number         0  stubs.o ABSOLUTE
    _printf_c                                0x00000000   Number         0  stubs.o ABSOLUTE
    _printf_charcount                        0x00000000   Number         0  stubs.o ABSOLUTE
    _printf_d                                0x00000000   Number         0  stubs.o ABSOLUTE
    _printf_e                                0x00000000   Number         0  stubs.o ABSOLUTE
    _printf_f                                0x00000000   Number         0  stubs.o ABSOLUTE
    _printf_flags                            0x00000000   Number         0  stubs.o ABSOLUTE
    _printf_fp_dec                           0x00000000   Number         0  stubs.o ABSOLUTE
    _printf_fp_hex                           0x00000000   Number         0  stubs.o ABSOLUTE
    _printf_g                                0x00000000   Number         0  stubs.o ABSOLUTE
    _printf_i                                0x00000000   Number         0  stubs.o ABSOLUTE
    _printf_int_dec                          0x00000000   Number         0  stubs.o ABSOLUTE
    _printf_l                                0x00000000   Number         0  stubs.o ABSOLUTE
    _printf_lc                               0x00000000   Number         0  stubs.o ABSOLUTE
    _printf_ll                               0x00000000   Number         0  stubs.o ABSOLUTE
    _printf_lld                              0x00000000   Number         0  stubs.o ABSOLUTE
    _printf_lli                              0x00000000   Number         0  stubs.o ABSOLUTE
    _printf_llo                              0x00000000   Number         0  stubs.o ABSOLUTE
    _printf_llu                              0x00000000   Number         0  stubs.o ABSOLUTE
    _printf_llx                              0x00000000   Number         0  stubs.o ABSOLUTE
    _printf_longlong_dec                     0x00000000   Number         0  stubs.o ABSOLUTE
    _printf_longlong_hex                     0x00000000   Number         0  stubs.o ABSOLUTE
    _printf_longlong_oct                     0x00000000   Number         0  stubs.o ABSOLUTE
    _printf_ls                               0x00000000   Number         0  stubs.o ABSOLUTE
    _printf_mbtowc                           0x00000000   Number         0  stubs.o ABSOLUTE
    _printf_n                                0x00000000   Number         0  stubs.o ABSOLUTE
    _printf_o                                0x00000000   Number         0  stubs.o ABSOLUTE
    _printf_p                                0x00000000   Number         0  stubs.o ABSOLUTE
    _printf_percent                          0x00000000   Number         0  stubs.o ABSOLUTE
    _printf_pre_padding                      0x00000000   Number         0  stubs.o ABSOLUTE
    _printf_return_value                     0x00000000   Number         0  stubs.o ABSOLUTE
    _printf_s                                0x00000000   Number         0  stubs.o ABSOLUTE
    _printf_sizespec                         0x00000000   Number         0  stubs.o ABSOLUTE
    _printf_str                              0x00000000   Number         0  stubs.o ABSOLUTE
    _printf_truncate_signed                  0x00000000   Number         0  stubs.o ABSOLUTE
    _printf_truncate_unsigned                0x00000000   Number         0  stubs.o ABSOLUTE
    _printf_u                                0x00000000   Number         0  stubs.o ABSOLUTE
    _printf_wc                               0x00000000   Number         0  stubs.o ABSOLUTE
    _printf_wctomb                           0x00000000   Number         0  stubs.o ABSOLUTE
    _printf_widthprec                        0x00000000   Number         0  stubs.o ABSOLUTE
    _printf_x                                0x00000000   Number         0  stubs.o ABSOLUTE
    __cpp_initialize__aeabi_                  - Undefined Weak Reference
    __cxa_finalize                            - Undefined Weak Reference
    __decompress                              - Undefined Weak Reference
    _clock_init                               - Undefined Weak Reference
    _microlib_exit                            - Undefined Weak Reference
    __Vectors_Size                           0x000000ec   Number         0  startup_stm32f10x_md.o ABSOLUTE
    __Vectors                                0x08000000   Data           4  startup_stm32f10x_md.o(RESET)
    __Vectors_End                            0x080000ec   Data           0  startup_stm32f10x_md.o(RESET)
    __main                                   0x080000ed   Thumb Code     0  entry.o(.ARM.Collect$$$$00000000)
    _main_stk                                0x080000ed   Thumb Code     0  entry2.o(.ARM.Collect$$$$00000001)
    _main_scatterload                        0x080000f1   Thumb Code     0  entry5.o(.ARM.Collect$$$$00000004)
    __main_after_scatterload                 0x080000f5   Thumb Code     0  entry5.o(.ARM.Collect$$$$00000004)
    _main_clock                              0x080000f5   Thumb Code     0  entry7b.o(.ARM.Collect$$$$00000008)
    _main_cpp_init                           0x080000f5   Thumb Code     0  entry8b.o(.ARM.Collect$$$$0000000A)
    _main_init                               0x080000f5   Thumb Code     0  entry9a.o(.ARM.Collect$$$$0000000B)
    __rt_final_cpp                           0x080000fd   Thumb Code     0  entry10a.o(.ARM.Collect$$$$0000000D)
    __rt_final_exit                          0x080000fd   Thumb Code     0  entry11a.o(.ARM.Collect$$$$0000000F)
    Reset_Handler                            0x08000101   Thumb Code     8  startup_stm32f10x_md.o(.text)
    ADC1_2_IRQHandler                        0x0800011b   Thumb Code     0  startup_stm32f10x_md.o(.text)
    CAN1_RX1_IRQHandler                      0x0800011b   Thumb Code     0  startup_stm32f10x_md.o(.text)
    CAN1_SCE_IRQHandler                      0x0800011b   Thumb Code     0  startup_stm32f10x_md.o(.text)
    DMA1_Channel1_IRQHandler                 0x0800011b   Thumb Code     0  startup_stm32f10x_md.o(.text)
    DMA1_Channel2_IRQHandler                 0x0800011b   Thumb Code     0  startup_stm32f10x_md.o(.text)
    DMA1_Channel3_IRQHandler                 0x0800011b   Thumb Code     0  startup_stm32f10x_md.o(.text)
    DMA1_Channel4_IRQHandler                 0x0800011b   Thumb Code     0  startup_stm32f10x_md.o(.text)
    DMA1_Channel5_IRQHandler                 0x0800011b   Thumb Code     0  startup_stm32f10x_md.o(.text)
    DMA1_Channel6_IRQHandler                 0x0800011b   Thumb Code     0  startup_stm32f10x_md.o(.text)
    DMA1_Channel7_IRQHandler                 0x0800011b   Thumb Code     0  startup_stm32f10x_md.o(.text)
    EXTI0_IRQHandler                         0x0800011b   Thumb Code     0  startup_stm32f10x_md.o(.text)
    EXTI15_10_IRQHandler                     0x0800011b   Thumb Code     0  startup_stm32f10x_md.o(.text)
    EXTI1_IRQHandler                         0x0800011b   Thumb Code     0  startup_stm32f10x_md.o(.text)
    EXTI2_IRQHandler                         0x0800011b   Thumb Code     0  startup_stm32f10x_md.o(.text)
    EXTI3_IRQHandler                         0x0800011b   Thumb Code     0  startup_stm32f10x_md.o(.text)
    EXTI4_IRQHandler                         0x0800011b   Thumb Code     0  startup_stm32f10x_md.o(.text)
    EXTI9_5_IRQHandler                       0x0800011b   Thumb Code     0  startup_stm32f10x_md.o(.text)
    FLASH_IRQHandler                         0x0800011b   Thumb Code     0  startup_stm32f10x_md.o(.text)
    I2C1_ER_IRQHandler                       0x0800011b   Thumb Code     0  startup_stm32f10x_md.o(.text)
    I2C1_EV_IRQHandler                       0x0800011b   Thumb Code     0  startup_stm32f10x_md.o(.text)
    I2C2_ER_IRQHandler                       0x0800011b   Thumb Code     0  startup_stm32f10x_md.o(.text)
    I2C2_EV_IRQHandler                       0x0800011b   Thumb Code     0  startup_stm32f10x_md.o(.text)
    PVD_IRQHandler                           0x0800011b   Thumb Code     0  startup_stm32f10x_md.o(.text)
    RCC_IRQHandler                           0x0800011b   Thumb Code     0  startup_stm32f10x_md.o(.text)
    RTCAlarm_IRQHandler                      0x0800011b   Thumb Code     0  startup_stm32f10x_md.o(.text)
    RTC_IRQHandler                           0x0800011b   Thumb Code     0  startup_stm32f10x_md.o(.text)
    SPI1_IRQHandler                          0x0800011b   Thumb Code     0  startup_stm32f10x_md.o(.text)
    SPI2_IRQHandler                          0x0800011b   Thumb Code     0  startup_stm32f10x_md.o(.text)
    TAMPER_IRQHandler                        0x0800011b   Thumb Code     0  startup_stm32f10x_md.o(.text)
    TIM1_BRK_IRQHandler                      0x0800011b   Thumb Code     0  startup_stm32f10x_md.o(.text)
    TIM1_CC_IRQHandler                       0x0800011b   Thumb Code     0  startup_stm32f10x_md.o(.text)
    TIM1_TRG_COM_IRQHandler                  0x0800011b   Thumb Code     0  startup_stm32f10x_md.o(.text)
    TIM1_UP_IRQHandler                       0x0800011b   Thumb Code     0  startup_stm32f10x_md.o(.text)
    TIM2_IRQHandler                          0x0800011b   Thumb Code     0  startup_stm32f10x_md.o(.text)
    TIM3_IRQHandler                          0x0800011b   Thumb Code     0  startup_stm32f10x_md.o(.text)
    TIM4_IRQHandler                          0x0800011b   Thumb Code     0  startup_stm32f10x_md.o(.text)
    USART1_IRQHandler                        0x0800011b   Thumb Code     0  startup_stm32f10x_md.o(.text)
    USART2_IRQHandler                        0x0800011b   Thumb Code     0  startup_stm32f10x_md.o(.text)
    USART3_IRQHandler                        0x0800011b   Thumb Code     0  startup_stm32f10x_md.o(.text)
    USBWakeUp_IRQHandler                     0x0800011b   Thumb Code     0  startup_stm32f10x_md.o(.text)
    USB_HP_CAN1_TX_IRQHandler                0x0800011b   Thumb Code     0  startup_stm32f10x_md.o(.text)
    USB_LP_CAN1_RX0_IRQHandler               0x0800011b   Thumb Code     0  startup_stm32f10x_md.o(.text)
    WWDG_IRQHandler                          0x0800011b   Thumb Code     0  startup_stm32f10x_md.o(.text)
    __aeabi_ldivmod                          0x08000125   Thumb Code    98  ldiv.o(.text)
    __aeabi_memset                           0x08000187   Thumb Code    14  memseta.o(.text)
    __aeabi_memset4                          0x08000187   Thumb Code     0  memseta.o(.text)
    __aeabi_memset8                          0x08000187   Thumb Code     0  memseta.o(.text)
    __aeabi_memclr                           0x08000195   Thumb Code     4  memseta.o(.text)
    __aeabi_memclr4                          0x08000195   Thumb Code     0  memseta.o(.text)
    __aeabi_memclr8                          0x08000195   Thumb Code     0  memseta.o(.text)
    _memset$wrapper                          0x08000199   Thumb Code    18  memseta.o(.text)
    memcmp                                   0x080001ab   Thumb Code    26  memcmp.o(.text)
    __aeabi_fadd                             0x080001c5   Thumb Code   164  fadd.o(.text)
    __aeabi_fsub                             0x08000269   Thumb Code     6  fadd.o(.text)
    __aeabi_frsub                            0x0800026f   Thumb Code     6  fadd.o(.text)
    __aeabi_fmul                             0x08000275   Thumb Code   100  fmul.o(.text)
    __aeabi_fdiv                             0x080002d9   Thumb Code   124  fdiv.o(.text)
    __aeabi_i2f                              0x08000355   Thumb Code    18  fflti.o(.text)
    __aeabi_ui2f                             0x08000367   Thumb Code    10  ffltui.o(.text)
    __aeabi_f2iz                             0x08000371   Thumb Code    50  ffixi.o(.text)
    __aeabi_f2uiz                            0x080003a3   Thumb Code    40  ffixui.o(.text)
    __aeabi_cfcmpeq                          0x080003cd   Thumb Code     0  cfcmple.o(.text)
    __aeabi_cfcmple                          0x080003cd   Thumb Code    20  cfcmple.o(.text)
    __aeabi_cfrcmple                         0x080003e1   Thumb Code    20  cfrcmple.o(.text)
    __aeabi_uidiv                            0x080003f5   Thumb Code     0  uidiv.o(.text)
    __aeabi_uidivmod                         0x080003f5   Thumb Code    44  uidiv.o(.text)
    __aeabi_uldivmod                         0x08000421   Thumb Code    98  uldiv.o(.text)
    __aeabi_llsl                             0x08000483   Thumb Code    30  llshl.o(.text)
    _ll_shift_l                              0x08000483   Thumb Code     0  llshl.o(.text)
    __I$use$fp                               0x080004a1   Thumb Code     0  iusefp.o(.text)
    _float_round                             0x080004a1   Thumb Code    18  fepilogue.o(.text)
    _float_epilogue                          0x080004b3   Thumb Code    92  fepilogue.o(.text)
    __scatterload                            0x08000511   Thumb Code    28  init.o(.text)
    __scatterload_rt2                        0x08000511   Thumb Code     0  init.o(.text)
    __aeabi_llsr                             0x08000535   Thumb Code    32  llushr.o(.text)
    _ll_ushift_r                             0x08000535   Thumb Code     0  llushr.o(.text)
    AIN1_GPIO_Config                         0x08000555   Thumb Code    38  tb6612.o(i.AIN1_GPIO_Config)
    AIN2_GPIO_Config                         0x08000581   Thumb Code    38  tb6612.o(i.AIN2_GPIO_Config)
    BIN1_GPIO_Config                         0x080005ad   Thumb Code    40  tb6612.o(i.BIN1_GPIO_Config)
    BIN2_GPIO_Config                         0x080005d9   Thumb Code    40  tb6612.o(i.BIN2_GPIO_Config)
    BusFault_Handler                         0x08000605   Thumb Code     4  stm32f10x_it.o(i.BusFault_Handler)
    Buz_GPIO_Config                          0x08000609   Thumb Code    40  buzzer.o(i.Buz_GPIO_Config)
    DMP_Init                                 0x08000635   Thumb Code   194  mpu6050.o(i.DMP_Init)
    DebugMon_Handler                         0x08000845   Thumb Code     2  stm32f10x_it.o(i.DebugMon_Handler)
    Find_Nun_Init                            0x08000849   Thumb Code    40  bsp_find_num.o(i.Find_Nun_Init)
    GENERAL_TIM_3_Init                       0x08000875   Thumb Code    12  bsp_generaltim_3.o(i.GENERAL_TIM_3_Init)
    GENERAL_ccr1_Mode_Config                 0x08000901   Thumb Code    54  bsp_generaltim_3.o(i.GENERAL_ccr1_Mode_Config)
    GENERAL_ccr2_Mode_Config                 0x0800093d   Thumb Code    54  bsp_generaltim_3.o(i.GENERAL_ccr2_Mode_Config)
    GPIO_Init                                0x08000979   Thumb Code   278  stm32f10x_gpio.o(i.GPIO_Init)
    GPIO_ReadInputDataBit                    0x08000a8f   Thumb Code    18  stm32f10x_gpio.o(i.GPIO_ReadInputDataBit)
    GPIO_ResetBits                           0x08000aa1   Thumb Code     4  stm32f10x_gpio.o(i.GPIO_ResetBits)
    GPIO_SetBits                             0x08000aa5   Thumb Code     4  stm32f10x_gpio.o(i.GPIO_SetBits)
    HardFault_Handler                        0x08000aa9   Thumb Code     4  stm32f10x_it.o(i.HardFault_Handler)
    I2C_ReadOneByte                          0x08000aad   Thumb Code    70  iic.o(i.I2C_ReadOneByte)
    IIC_Ack                                  0x08000af5   Thumb Code    64  iic.o(i.IIC_Ack)
    IIC_Init                                 0x08000b41   Thumb Code    46  iic.o(i.IIC_Init)
    IIC_NAck                                 0x08000b75   Thumb Code    62  iic.o(i.IIC_NAck)
    IIC_Read_Byte                            0x08000bc1   Thumb Code    98  iic.o(i.IIC_Read_Byte)
    IIC_Send_Byte                            0x08000c31   Thumb Code    88  iic.o(i.IIC_Send_Byte)
    IIC_Start                                0x08000c95   Thumb Code    92  iic.o(i.IIC_Start)
    IIC_Stop                                 0x08000cfd   Thumb Code    60  iic.o(i.IIC_Stop)
    IIC_Wait_Ack                             0x08000d45   Thumb Code    92  iic.o(i.IIC_Wait_Ack)
    IICreadByte                              0x08000dad   Thumb Code    22  iic.o(i.IICreadByte)
    IICwriteBit                              0x08000dc3   Thumb Code    64  iic.o(i.IICwriteBit)
    IICwriteBits                             0x08000e03   Thumb Code   106  iic.o(i.IICwriteBits)
    IICwriteByte                             0x08000e6d   Thumb Code    20  iic.o(i.IICwriteByte)
    IICwriteBytes                            0x08000e81   Thumb Code    70  iic.o(i.IICwriteBytes)
    MPU6050_initialize                       0x08000ec7   Thumb Code    40  mpu6050.o(i.MPU6050_initialize)
    MPU6050_setClockSource                   0x08000eef   Thumb Code    20  mpu6050.o(i.MPU6050_setClockSource)
    MPU6050_setFullScaleAccelRange           0x08000f03   Thumb Code    20  mpu6050.o(i.MPU6050_setFullScaleAccelRange)
    MPU6050_setFullScaleGyroRange            0x08000f17   Thumb Code    20  mpu6050.o(i.MPU6050_setFullScaleGyroRange)
    MPU6050_setI2CBypassEnabled              0x08000f2b   Thumb Code    18  mpu6050.o(i.MPU6050_setI2CBypassEnabled)
    MPU6050_setI2CMasterModeEnabled          0x08000f3d   Thumb Code    18  mpu6050.o(i.MPU6050_setI2CMasterModeEnabled)
    MPU6050_setSleepEnabled                  0x08000f4f   Thumb Code    18  mpu6050.o(i.MPU6050_setSleepEnabled)
    MemManage_Handler                        0x08000f61   Thumb Code     4  stm32f10x_it.o(i.MemManage_Handler)
    NMI_Handler                              0x08000f65   Thumb Code     2  stm32f10x_it.o(i.NMI_Handler)
    NVIC_Init                                0x08000f8d   Thumb Code   100  misc.o(i.NVIC_Init)
    NVIC_PriorityGroupConfig                 0x08000ffd   Thumb Code    10  misc.o(i.NVIC_PriorityGroupConfig)
    PWMA_STOP                                0x08001011   Thumb Code    26  tb6612.o(i.PWMA_STOP)
    PWMA_UP                                  0x08001031   Thumb Code    28  tb6612.o(i.PWMA_UP)
    PWMB_STOP                                0x08001051   Thumb Code    30  tb6612.o(i.PWMB_STOP)
    PWMB_UP                                  0x08001075   Thumb Code    32  tb6612.o(i.PWMB_UP)
    PendSV_Handler                           0x08001099   Thumb Code     2  stm32f10x_it.o(i.PendSV_Handler)
    Plan_A                                   0x0800109d   Thumb Code   516  control_flow.o(i.Plan_A)
    RCC_APB1PeriphClockCmd                   0x080012b9   Thumb Code    26  stm32f10x_rcc.o(i.RCC_APB1PeriphClockCmd)
    RCC_APB2PeriphClockCmd                   0x080012d9   Thumb Code    26  stm32f10x_rcc.o(i.RCC_APB2PeriphClockCmd)
    RCC_GetClocksFreq                        0x080012f9   Thumb Code   192  stm32f10x_rcc.o(i.RCC_GetClocksFreq)
    SVC_Handler                              0x080013cd   Thumb Code     2  stm32f10x_it.o(i.SVC_Handler)
    SysTick_Delay_Ms                         0x0800150d   Thumb Code    66  bsp_systick.o(i.SysTick_Delay_Ms)
    SysTick_Handler                          0x08001555   Thumb Code     2  stm32f10x_it.o(i.SysTick_Handler)
    SystemInit                               0x08001559   Thumb Code    78  system_stm32f10x.o(i.SystemInit)
    TIM_Cmd                                  0x080015b9   Thumb Code    24  stm32f10x_tim.o(i.TIM_Cmd)
    TIM_OC1Init                              0x080015d1   Thumb Code   132  stm32f10x_tim.o(i.TIM_OC1Init)
    TIM_OC1PreloadConfig                     0x08001669   Thumb Code    18  stm32f10x_tim.o(i.TIM_OC1PreloadConfig)
    TIM_OC2Init                              0x0800167d   Thumb Code   154  stm32f10x_tim.o(i.TIM_OC2Init)
    TIM_OC2PreloadConfig                     0x08001721   Thumb Code    26  stm32f10x_tim.o(i.TIM_OC2PreloadConfig)
    TIM_TimeBaseInit                         0x0800173d   Thumb Code   122  stm32f10x_tim.o(i.TIM_TimeBaseInit)
    USART_Cmd                                0x080017e1   Thumb Code    24  stm32f10x_usart.o(i.USART_Cmd)
    USART_Config                             0x080017f9   Thumb Code   136  bsp_usart.o(i.USART_Config)
    USART_GetFlagStatus                      0x08001889   Thumb Code    26  stm32f10x_usart.o(i.USART_GetFlagStatus)
    USART_ITConfig                           0x080018a3   Thumb Code    74  stm32f10x_usart.o(i.USART_ITConfig)
    USART_Init                               0x080018ed   Thumb Code   210  stm32f10x_usart.o(i.USART_Init)
    USART_SendData                           0x080019c5   Thumb Code     8  stm32f10x_usart.o(i.USART_SendData)
    UsageFault_Handler                       0x080019cd   Thumb Code     4  stm32f10x_it.o(i.UsageFault_Handler)
    __0printf$1                              0x080019d1   Thumb Code    22  printf1.o(i.__0printf$1)
    __1printf$1                              0x080019d1   Thumb Code     0  printf1.o(i.__0printf$1)
    __2printf                                0x080019d1   Thumb Code     0  printf1.o(i.__0printf$1)
    __scatterload_copy                       0x080019f1   Thumb Code    14  handlers.o(i.__scatterload_copy)
    __scatterload_null                       0x080019ff   Thumb Code     2  handlers.o(i.__scatterload_null)
    __scatterload_zeroinit                   0x08001a01   Thumb Code    14  handlers.o(i.__scatterload_zeroinit)
    delay_init                               0x08001c0d   Thumb Code    56  delay.o(i.delay_init)
    delay_ms                                 0x08001c4d   Thumb Code    56  delay.o(i.delay_ms)
    delay_us                                 0x08001c89   Thumb Code    56  delay.o(i.delay_us)
    dmp_enable_6x_lp_quat                    0x08001cc5   Thumb Code    60  inv_mpu_dmp_motion_driver.o(i.dmp_enable_6x_lp_quat)
    dmp_enable_feature                       0x08001d01   Thumb Code   530  inv_mpu_dmp_motion_driver.o(i.dmp_enable_feature)
    dmp_enable_gyro_cal                      0x08001f1d   Thumb Code    62  inv_mpu_dmp_motion_driver.o(i.dmp_enable_gyro_cal)
    dmp_enable_lp_quat                       0x08001f75   Thumb Code    60  inv_mpu_dmp_motion_driver.o(i.dmp_enable_lp_quat)
    dmp_load_motion_driver_firmware          0x08001fb1   Thumb Code    20  inv_mpu_dmp_motion_driver.o(i.dmp_load_motion_driver_firmware)
    dmp_set_accel_bias                       0x08001fc9   Thumb Code   300  inv_mpu_dmp_motion_driver.o(i.dmp_set_accel_bias)
    dmp_set_fifo_rate                        0x080020f9   Thumb Code    96  inv_mpu_dmp_motion_driver.o(i.dmp_set_fifo_rate)
    dmp_set_gyro_bias                        0x08002169   Thumb Code   294  inv_mpu_dmp_motion_driver.o(i.dmp_set_gyro_bias)
    dmp_set_orientation                      0x08002299   Thumb Code   290  inv_mpu_dmp_motion_driver.o(i.dmp_set_orientation)
    dmp_set_shake_reject_thresh              0x080023d1   Thumb Code    56  inv_mpu_dmp_motion_driver.o(i.dmp_set_shake_reject_thresh)
    dmp_set_shake_reject_time                0x08002409   Thumb Code    38  inv_mpu_dmp_motion_driver.o(i.dmp_set_shake_reject_time)
    dmp_set_shake_reject_timeout             0x0800242f   Thumb Code    38  inv_mpu_dmp_motion_driver.o(i.dmp_set_shake_reject_timeout)
    dmp_set_tap_axes                         0x08002455   Thumb Code    70  inv_mpu_dmp_motion_driver.o(i.dmp_set_tap_axes)
    dmp_set_tap_count                        0x0800249b   Thumb Code    38  inv_mpu_dmp_motion_driver.o(i.dmp_set_tap_count)
    dmp_set_tap_thresh                       0x080024c1   Thumb Code   396  inv_mpu_dmp_motion_driver.o(i.dmp_set_tap_thresh)
    dmp_set_tap_time                         0x08002661   Thumb Code    38  inv_mpu_dmp_motion_driver.o(i.dmp_set_tap_time)
    dmp_set_tap_time_multi                   0x08002687   Thumb Code    38  inv_mpu_dmp_motion_driver.o(i.dmp_set_tap_time_multi)
    fputc                                    0x080026ad   Thumb Code    32  bsp_usart.o(i.fputc)
    i2cRead                                  0x08002d05   Thumb Code   118  iic.o(i.i2cRead)
    i2cWrite                                 0x08002d7b   Thumb Code    96  iic.o(i.i2cWrite)
    main                                     0x08002e51   Thumb Code    58  main.o(i.main)
    mpu_configure_fifo                       0x08002e8d   Thumb Code   106  inv_mpu.o(i.mpu_configure_fifo)
    mpu_get_accel_fsr                        0x08002efd   Thumb Code    72  inv_mpu.o(i.mpu_get_accel_fsr)
    mpu_get_accel_sens                       0x08002f49   Thumb Code    78  inv_mpu.o(i.mpu_get_accel_sens)
    mpu_get_fifo_config                      0x08002f9d   Thumb Code    12  inv_mpu.o(i.mpu_get_fifo_config)
    mpu_get_gyro_fsr                         0x08002fad   Thumb Code    64  inv_mpu.o(i.mpu_get_gyro_fsr)
    mpu_get_gyro_sens                        0x08002ff1   Thumb Code    58  inv_mpu.o(i.mpu_get_gyro_sens)
    mpu_get_lpf                              0x08003041   Thumb Code    74  inv_mpu.o(i.mpu_get_lpf)
    mpu_get_sample_rate                      0x08003091   Thumb Code    26  inv_mpu.o(i.mpu_get_sample_rate)
    mpu_init                                 0x080030b1   Thumb Code   416  inv_mpu.o(i.mpu_init)
    mpu_load_firmware                        0x080032a1   Thumb Code   180  inv_mpu.o(i.mpu_load_firmware)
    mpu_lp_accel_mode                        0x08003359   Thumb Code   218  inv_mpu.o(i.mpu_lp_accel_mode)
    mpu_read_mem                             0x08003439   Thumb Code   122  inv_mpu.o(i.mpu_read_mem)
    mpu_reset_fifo                           0x080034b9   Thumb Code   438  inv_mpu.o(i.mpu_reset_fifo)
    mpu_run_self_test                        0x08003675   Thumb Code   278  inv_mpu.o(i.mpu_run_self_test)
    mpu_set_accel_fsr                        0x08003791   Thumb Code   126  inv_mpu.o(i.mpu_set_accel_fsr)
    mpu_set_bypass                           0x08003815   Thumb Code   328  inv_mpu.o(i.mpu_set_bypass)
    mpu_set_dmp_state                        0x08003961   Thumb Code   138  inv_mpu.o(i.mpu_set_dmp_state)
    mpu_set_gyro_fsr                         0x080039f1   Thumb Code   132  inv_mpu.o(i.mpu_set_gyro_fsr)
    mpu_set_int_latched                      0x08003a79   Thumb Code   102  inv_mpu.o(i.mpu_set_int_latched)
    mpu_set_lpf                              0x08003ae5   Thumb Code   126  inv_mpu.o(i.mpu_set_lpf)
    mpu_set_sample_rate                      0x08003b69   Thumb Code   152  inv_mpu.o(i.mpu_set_sample_rate)
    mpu_set_sensors                          0x08003c05   Thumb Code   202  inv_mpu.o(i.mpu_set_sensors)
    mpu_write_mem                            0x08003cd5   Thumb Code   122  inv_mpu.o(i.mpu_write_mem)
    hw                                       0x08003ea0   Data          12  inv_mpu.o(.constdata)
    reg                                      0x08003eac   Data          27  inv_mpu.o(.constdata)
    test                                     0x08003ec8   Data          40  inv_mpu.o(.constdata)
    Region$$Table$$Base                      0x08004b38   Number         0  anon$$obj.o(Region$$Table)
    Region$$Table$$Limit                     0x08004b58   Number         0  anon$$obj.o(Region$$Table)
    SystemCoreClock                          0x20000000   Data           4  system_stm32f10x.o(.data)
    AHBPrescTable                            0x20000004   Data          16  system_stm32f10x.o(.data)
    gyro                                     0x2000002c   Data           6  mpu6050.o(.data)
    accel                                    0x20000032   Data           6  mpu6050.o(.data)
    sensors                                  0x20000038   Data           2  mpu6050.o(.data)
    Pitch                                    0x2000003c   Data           4  mpu6050.o(.data)
    Roll                                     0x20000040   Data           4  mpu6050.o(.data)
    Yaw                                      0x20000044   Data           4  mpu6050.o(.data)
    q0                                       0x20000048   Data           4  mpu6050.o(.data)
    q1                                       0x2000004c   Data           4  mpu6050.o(.data)
    q2                                       0x20000050   Data           4  mpu6050.o(.data)
    q3                                       0x20000054   Data           4  mpu6050.o(.data)
    Gx_offset                                0x20000062   Data           2  mpu6050.o(.data)
    Gy_offset                                0x20000064   Data           2  mpu6050.o(.data)
    Gz_offset                                0x20000066   Data           2  mpu6050.o(.data)
    count                                    0x20000068   Data           4  mpu6050.o(.data)
    __stdout                                 0x200000a0   Data           4  stdout.o(.data)
    __initial_sp                             0x200004b8   Data           0  startup_stm32f10x_md.o(STACK)



==============================================================================

Memory Map of the image

  Image Entry point : 0x08000101

  Load Region LR_1 (Base: 0x08000000, Size: 0x00004bfc, Max: 0xffffffff, ABSOLUTE)

    Execution Region ER_RO (Base: 0x08000000, Size: 0x00004b58, Max: 0xffffffff, ABSOLUTE)

    Base Addr    Size         Type   Attr      Idx    E Section Name        Object

    0x08000000   0x000000ec   Data   RO            3    RESET               startup_stm32f10x_md.o
    0x080000ec   0x00000000   Code   RO         4345  * .ARM.Collect$$$$00000000  mc_w.l(entry.o)
    0x080000ec   0x00000004   Code   RO         4680    .ARM.Collect$$$$00000001  mc_w.l(entry2.o)
    0x080000f0   0x00000004   Code   RO         4683    .ARM.Collect$$$$00000004  mc_w.l(entry5.o)
    0x080000f4   0x00000000   Code   RO         4685    .ARM.Collect$$$$00000008  mc_w.l(entry7b.o)
    0x080000f4   0x00000000   Code   RO         4687    .ARM.Collect$$$$0000000A  mc_w.l(entry8b.o)
    0x080000f4   0x00000008   Code   RO         4688    .ARM.Collect$$$$0000000B  mc_w.l(entry9a.o)
    0x080000fc   0x00000000   Code   RO         4690    .ARM.Collect$$$$0000000D  mc_w.l(entry10a.o)
    0x080000fc   0x00000000   Code   RO         4692    .ARM.Collect$$$$0000000F  mc_w.l(entry11a.o)
    0x080000fc   0x00000004   Code   RO         4681    .ARM.Collect$$$$00002712  mc_w.l(entry2.o)
    0x08000100   0x00000024   Code   RO            4  * .text               startup_stm32f10x_md.o
    0x08000124   0x00000062   Code   RO         4348    .text               mc_w.l(ldiv.o)
    0x08000186   0x00000024   Code   RO         4350    .text               mc_w.l(memseta.o)
    0x080001aa   0x0000001a   Code   RO         4352    .text               mc_w.l(memcmp.o)
    0x080001c4   0x000000b0   Code   RO         4615    .text               mf_w.l(fadd.o)
    0x08000274   0x00000064   Code   RO         4617    .text               mf_w.l(fmul.o)
    0x080002d8   0x0000007c   Code   RO         4619    .text               mf_w.l(fdiv.o)
    0x08000354   0x00000012   Code   RO         4625    .text               mf_w.l(fflti.o)
    0x08000366   0x0000000a   Code   RO         4627    .text               mf_w.l(ffltui.o)
    0x08000370   0x00000032   Code   RO         4631    .text               mf_w.l(ffixi.o)
    0x080003a2   0x00000028   Code   RO         4633    .text               mf_w.l(ffixui.o)
    0x080003ca   0x00000002   PAD
    0x080003cc   0x00000014   Code   RO         4639    .text               mf_w.l(cfcmple.o)
    0x080003e0   0x00000014   Code   RO         4641    .text               mf_w.l(cfrcmple.o)
    0x080003f4   0x0000002c   Code   RO         4695    .text               mc_w.l(uidiv.o)
    0x08000420   0x00000062   Code   RO         4697    .text               mc_w.l(uldiv.o)
    0x08000482   0x0000001e   Code   RO         4699    .text               mc_w.l(llshl.o)
    0x080004a0   0x00000000   Code   RO         4710    .text               mc_w.l(iusefp.o)
    0x080004a0   0x0000006e   Code   RO         4711    .text               mf_w.l(fepilogue.o)
    0x0800050e   0x00000002   PAD
    0x08000510   0x00000024   Code   RO         4723    .text               mc_w.l(init.o)
    0x08000534   0x00000020   Code   RO         4725    .text               mc_w.l(llushr.o)
    0x08000554   0x0000002c   Code   RO         3269    i.AIN1_GPIO_Config  tb6612.o
    0x08000580   0x0000002c   Code   RO         3270    i.AIN2_GPIO_Config  tb6612.o
    0x080005ac   0x0000002c   Code   RO         3271    i.BIN1_GPIO_Config  tb6612.o
    0x080005d8   0x0000002c   Code   RO         3272    i.BIN2_GPIO_Config  tb6612.o
    0x08000604   0x00000004   Code   RO         3206    i.BusFault_Handler  stm32f10x_it.o
    0x08000608   0x0000002c   Code   RO         4234    i.Buz_GPIO_Config   buzzer.o
    0x08000634   0x00000210   Code   RO         3636    i.DMP_Init          mpu6050.o
    0x08000844   0x00000002   Code   RO         3207    i.DebugMon_Handler  stm32f10x_it.o
    0x08000846   0x00000002   PAD
    0x08000848   0x0000002c   Code   RO         4251    i.Find_Nun_Init     bsp_find_num.o
    0x08000874   0x0000000c   Code   RO         3335    i.GENERAL_TIM_3_Init  bsp_generaltim_3.o
    0x08000880   0x0000004c   Code   RO         3336    i.GENERAL_TIM_GPIO_Config  bsp_generaltim_3.o
    0x080008cc   0x00000034   Code   RO         3337    i.GENERAL_TIM_Mode_Config  bsp_generaltim_3.o
    0x08000900   0x0000003c   Code   RO         3338    i.GENERAL_ccr1_Mode_Config  bsp_generaltim_3.o
    0x0800093c   0x0000003c   Code   RO         3339    i.GENERAL_ccr2_Mode_Config  bsp_generaltim_3.o
    0x08000978   0x00000116   Code   RO         1292    i.GPIO_Init         stm32f10x_gpio.o
    0x08000a8e   0x00000012   Code   RO         1296    i.GPIO_ReadInputDataBit  stm32f10x_gpio.o
    0x08000aa0   0x00000004   Code   RO         1299    i.GPIO_ResetBits    stm32f10x_gpio.o
    0x08000aa4   0x00000004   Code   RO         1300    i.GPIO_SetBits      stm32f10x_gpio.o
    0x08000aa8   0x00000004   Code   RO         3208    i.HardFault_Handler  stm32f10x_it.o
    0x08000aac   0x00000046   Code   RO         3516    i.I2C_ReadOneByte   iic.o
    0x08000af2   0x00000002   PAD
    0x08000af4   0x0000004c   Code   RO         3517    i.IIC_Ack           iic.o
    0x08000b40   0x00000034   Code   RO         3518    i.IIC_Init          iic.o
    0x08000b74   0x0000004c   Code   RO         3519    i.IIC_NAck          iic.o
    0x08000bc0   0x00000070   Code   RO         3520    i.IIC_Read_Byte     iic.o
    0x08000c30   0x00000064   Code   RO         3521    i.IIC_Send_Byte     iic.o
    0x08000c94   0x00000068   Code   RO         3522    i.IIC_Start         iic.o
    0x08000cfc   0x00000048   Code   RO         3523    i.IIC_Stop          iic.o
    0x08000d44   0x00000068   Code   RO         3524    i.IIC_Wait_Ack      iic.o
    0x08000dac   0x00000016   Code   RO         3525    i.IICreadByte       iic.o
    0x08000dc2   0x00000040   Code   RO         3527    i.IICwriteBit       iic.o
    0x08000e02   0x0000006a   Code   RO         3528    i.IICwriteBits      iic.o
    0x08000e6c   0x00000014   Code   RO         3529    i.IICwriteByte      iic.o
    0x08000e80   0x00000046   Code   RO         3530    i.IICwriteBytes     iic.o
    0x08000ec6   0x00000028   Code   RO         3638    i.MPU6050_initialize  mpu6050.o
    0x08000eee   0x00000014   Code   RO         3640    i.MPU6050_setClockSource  mpu6050.o
    0x08000f02   0x00000014   Code   RO         3641    i.MPU6050_setFullScaleAccelRange  mpu6050.o
    0x08000f16   0x00000014   Code   RO         3642    i.MPU6050_setFullScaleGyroRange  mpu6050.o
    0x08000f2a   0x00000012   Code   RO         3643    i.MPU6050_setI2CBypassEnabled  mpu6050.o
    0x08000f3c   0x00000012   Code   RO         3644    i.MPU6050_setI2CMasterModeEnabled  mpu6050.o
    0x08000f4e   0x00000012   Code   RO         3645    i.MPU6050_setSleepEnabled  mpu6050.o
    0x08000f60   0x00000004   Code   RO         3209    i.MemManage_Handler  stm32f10x_it.o
    0x08000f64   0x00000002   Code   RO         3210    i.NMI_Handler       stm32f10x_it.o
    0x08000f66   0x00000026   Code   RO         3369    i.NVIC_Configuration  bsp_usart.o
    0x08000f8c   0x00000070   Code   RO          137    i.NVIC_Init         misc.o
    0x08000ffc   0x00000014   Code   RO          138    i.NVIC_PriorityGroupConfig  misc.o
    0x08001010   0x00000020   Code   RO         3274    i.PWMA_STOP         tb6612.o
    0x08001030   0x00000020   Code   RO         3275    i.PWMA_UP           tb6612.o
    0x08001050   0x00000024   Code   RO         3277    i.PWMB_STOP         tb6612.o
    0x08001074   0x00000024   Code   RO         3278    i.PWMB_UP           tb6612.o
    0x08001098   0x00000002   Code   RO         3211    i.PendSV_Handler    stm32f10x_it.o
    0x0800109a   0x00000002   PAD
    0x0800109c   0x0000021c   Code   RO         4263    i.Plan_A            control_flow.o
    0x080012b8   0x00000020   Code   RO         1708    i.RCC_APB1PeriphClockCmd  stm32f10x_rcc.o
    0x080012d8   0x00000020   Code   RO         1710    i.RCC_APB2PeriphClockCmd  stm32f10x_rcc.o
    0x080012f8   0x000000d4   Code   RO         1718    i.RCC_GetClocksFreq  stm32f10x_rcc.o
    0x080013cc   0x00000002   Code   RO         3212    i.SVC_Handler       stm32f10x_it.o
    0x080013ce   0x00000008   Code   RO           24    i.SetSysClock       system_stm32f10x.o
    0x080013d6   0x00000002   PAD
    0x080013d8   0x000000e0   Code   RO           25    i.SetSysClockTo72   system_stm32f10x.o
    0x080014b8   0x00000054   Code   RO         4281    i.SysTick_Config    bsp_systick.o
    0x0800150c   0x00000048   Code   RO         4282    i.SysTick_Delay_Ms  bsp_systick.o
    0x08001554   0x00000002   Code   RO         3213    i.SysTick_Handler   stm32f10x_it.o
    0x08001556   0x00000002   PAD
    0x08001558   0x00000060   Code   RO           27    i.SystemInit        system_stm32f10x.o
    0x080015b8   0x00000018   Code   RO         2342    i.TIM_Cmd           stm32f10x_tim.o
    0x080015d0   0x00000098   Code   RO         2371    i.TIM_OC1Init       stm32f10x_tim.o
    0x08001668   0x00000012   Code   RO         2374    i.TIM_OC1PreloadConfig  stm32f10x_tim.o
    0x0800167a   0x00000002   PAD
    0x0800167c   0x000000a4   Code   RO         2376    i.TIM_OC2Init       stm32f10x_tim.o
    0x08001720   0x0000001a   Code   RO         2379    i.TIM_OC2PreloadConfig  stm32f10x_tim.o
    0x0800173a   0x00000002   PAD
    0x0800173c   0x000000a4   Code   RO         2413    i.TIM_TimeBaseInit  stm32f10x_tim.o
    0x080017e0   0x00000018   Code   RO         2878    i.USART_Cmd         stm32f10x_usart.o
    0x080017f8   0x00000090   Code   RO         3370    i.USART_Config      bsp_usart.o
    0x08001888   0x0000001a   Code   RO         2881    i.USART_GetFlagStatus  stm32f10x_usart.o
    0x080018a2   0x0000004a   Code   RO         2884    i.USART_ITConfig    stm32f10x_usart.o
    0x080018ec   0x000000d8   Code   RO         2885    i.USART_Init        stm32f10x_usart.o
    0x080019c4   0x00000008   Code   RO         2895    i.USART_SendData    stm32f10x_usart.o
    0x080019cc   0x00000004   Code   RO         3214    i.UsageFault_Handler  stm32f10x_it.o
    0x080019d0   0x00000020   Code   RO         4399    i.__0printf$1       mc_w.l(printf1.o)
    0x080019f0   0x0000000e   Code   RO         4733    i.__scatterload_copy  mc_w.l(handlers.o)
    0x080019fe   0x00000002   Code   RO         4734    i.__scatterload_null  mc_w.l(handlers.o)
    0x08001a00   0x0000000e   Code   RO         4735    i.__scatterload_zeroinit  mc_w.l(handlers.o)
    0x08001a0e   0x00000002   PAD
    0x08001a10   0x00000154   Code   RO         4406    i._printf_core      mc_w.l(printf1.o)
    0x08001b64   0x000000a8   Code   RO         3753    i.accel_self_test   inv_mpu.o
    0x08001c0c   0x00000040   Code   RO         3490    i.delay_init        delay.o
    0x08001c4c   0x0000003c   Code   RO         3491    i.delay_ms          delay.o
    0x08001c88   0x0000003c   Code   RO         3492    i.delay_us          delay.o
    0x08001cc4   0x0000003c   Code   RO         4043    i.dmp_enable_6x_lp_quat  inv_mpu_dmp_motion_driver.o
    0x08001d00   0x0000021c   Code   RO         4044    i.dmp_enable_feature  inv_mpu_dmp_motion_driver.o
    0x08001f1c   0x00000058   Code   RO         4045    i.dmp_enable_gyro_cal  inv_mpu_dmp_motion_driver.o
    0x08001f74   0x0000003c   Code   RO         4046    i.dmp_enable_lp_quat  inv_mpu_dmp_motion_driver.o
    0x08001fb0   0x00000018   Code   RO         4051    i.dmp_load_motion_driver_firmware  inv_mpu_dmp_motion_driver.o
    0x08001fc8   0x00000130   Code   RO         4055    i.dmp_set_accel_bias  inv_mpu_dmp_motion_driver.o
    0x080020f8   0x00000070   Code   RO         4056    i.dmp_set_fifo_rate  inv_mpu_dmp_motion_driver.o
    0x08002168   0x00000130   Code   RO         4057    i.dmp_set_gyro_bias  inv_mpu_dmp_motion_driver.o
    0x08002298   0x00000138   Code   RO         4059    i.dmp_set_orientation  inv_mpu_dmp_motion_driver.o
    0x080023d0   0x00000038   Code   RO         4062    i.dmp_set_shake_reject_thresh  inv_mpu_dmp_motion_driver.o
    0x08002408   0x00000026   Code   RO         4063    i.dmp_set_shake_reject_time  inv_mpu_dmp_motion_driver.o
    0x0800242e   0x00000026   Code   RO         4064    i.dmp_set_shake_reject_timeout  inv_mpu_dmp_motion_driver.o
    0x08002454   0x00000046   Code   RO         4065    i.dmp_set_tap_axes  inv_mpu_dmp_motion_driver.o
    0x0800249a   0x00000026   Code   RO         4066    i.dmp_set_tap_count  inv_mpu_dmp_motion_driver.o
    0x080024c0   0x000001a0   Code   RO         4067    i.dmp_set_tap_thresh  inv_mpu_dmp_motion_driver.o
    0x08002660   0x00000026   Code   RO         4068    i.dmp_set_tap_time  inv_mpu_dmp_motion_driver.o
    0x08002686   0x00000026   Code   RO         4069    i.dmp_set_tap_time_multi  inv_mpu_dmp_motion_driver.o
    0x080026ac   0x00000024   Code   RO         3376    i.fputc             bsp_usart.o
    0x080026d0   0x000000b4   Code   RO         3754    i.get_accel_prod_shift  inv_mpu.o
    0x08002784   0x00000470   Code   RO         3755    i.get_st_biases     inv_mpu.o
    0x08002bf4   0x00000110   Code   RO         3756    i.gyro_self_test    inv_mpu.o
    0x08002d04   0x00000076   Code   RO         3531    i.i2cRead           iic.o
    0x08002d7a   0x00000060   Code   RO         3532    i.i2cWrite          iic.o
    0x08002dda   0x00000028   Code   RO         3649    i.inv_orientation_matrix_to_scalar  mpu6050.o
    0x08002e02   0x0000004e   Code   RO         3650    i.inv_row_2_scale   mpu6050.o
    0x08002e50   0x0000003a   Code   RO         3108    i.main              main.o
    0x08002e8a   0x00000002   PAD
    0x08002e8c   0x00000070   Code   RO         3757    i.mpu_configure_fifo  inv_mpu.o
    0x08002efc   0x0000004c   Code   RO         3758    i.mpu_get_accel_fsr  inv_mpu.o
    0x08002f48   0x00000054   Code   RO         3760    i.mpu_get_accel_sens  inv_mpu.o
    0x08002f9c   0x00000010   Code   RO         3765    i.mpu_get_fifo_config  inv_mpu.o
    0x08002fac   0x00000044   Code   RO         3766    i.mpu_get_gyro_fsr  inv_mpu.o
    0x08002ff0   0x00000050   Code   RO         3768    i.mpu_get_gyro_sens  inv_mpu.o
    0x08003040   0x00000050   Code   RO         3770    i.mpu_get_lpf       inv_mpu.o
    0x08003090   0x00000020   Code   RO         3772    i.mpu_get_sample_rate  inv_mpu.o
    0x080030b0   0x000001f0   Code   RO         3774    i.mpu_init          inv_mpu.o
    0x080032a0   0x000000b8   Code   RO         3775    i.mpu_load_firmware  inv_mpu.o
    0x08003358   0x000000e0   Code   RO         3776    i.mpu_lp_accel_mode  inv_mpu.o
    0x08003438   0x00000080   Code   RO         3780    i.mpu_read_mem      inv_mpu.o
    0x080034b8   0x000001bc   Code   RO         3783    i.mpu_reset_fifo    inv_mpu.o
    0x08003674   0x0000011c   Code   RO         3784    i.mpu_run_self_test  inv_mpu.o
    0x08003790   0x00000084   Code   RO         3786    i.mpu_set_accel_fsr  inv_mpu.o
    0x08003814   0x0000014c   Code   RO         3787    i.mpu_set_bypass    inv_mpu.o
    0x08003960   0x00000090   Code   RO         3789    i.mpu_set_dmp_state  inv_mpu.o
    0x080039f0   0x00000088   Code   RO         3790    i.mpu_set_gyro_fsr  inv_mpu.o
    0x08003a78   0x0000006c   Code   RO         3791    i.mpu_set_int_latched  inv_mpu.o
    0x08003ae4   0x00000084   Code   RO         3793    i.mpu_set_lpf       inv_mpu.o
    0x08003b68   0x0000009c   Code   RO         3794    i.mpu_set_sample_rate  inv_mpu.o
    0x08003c04   0x000000d0   Code   RO         3795    i.mpu_set_sensors   inv_mpu.o
    0x08003cd4   0x00000080   Code   RO         3796    i.mpu_write_mem     inv_mpu.o
    0x08003d54   0x000000bc   Code   RO         3652    i.run_self_test     mpu6050.o
    0x08003e10   0x00000090   Code   RO         3798    i.set_int_enable    inv_mpu.o
    0x08003ea0   0x00000050   Data   RO         3799    .constdata          inv_mpu.o
    0x08003ef0   0x00000bf6   Data   RO         4071    .constdata          inv_mpu_dmp_motion_driver.o
    0x08004ae6   0x00000002   PAD
    0x08004ae8   0x0000004e   Data   RO         3800    .conststring        inv_mpu.o
    0x08004b36   0x00000002   PAD
    0x08004b38   0x00000020   Data   RO         4731    Region$$Table       anon$$obj.o


    Execution Region ER_RW (Base: 0x20000000, Size: 0x000000a4, Max: 0xffffffff, ABSOLUTE)

    Base Addr    Size         Type   Attr      Idx    E Section Name        Object

    0x20000000   0x00000014   Data   RW           28    .data               system_stm32f10x.o
    0x20000014   0x00000014   Data   RW         1738    .data               stm32f10x_rcc.o
    0x20000028   0x00000004   Data   RW         3493    .data               delay.o
    0x2000002c   0x00000040   Data   RW         3654    .data               mpu6050.o
    0x2000006c   0x0000002c   Data   RW         3801    .data               inv_mpu.o
    0x20000098   0x00000008   Data   RW         4264    .data               control_flow.o
    0x200000a0   0x00000004   Data   RW         4694    .data               mc_w.l(stdout.o)


    Execution Region ER_ZI (Base: 0x200000a4, Size: 0x00000414, Max: 0xffffffff, ABSOLUTE)

    Base Addr    Size         Type   Attr      Idx    E Section Name        Object

    0x200000a4   0x00000010   Zero   RW         4070    .bss                inv_mpu_dmp_motion_driver.o
    0x200000b4   0x00000004   PAD
    0x200000b8   0x00000400   Zero   RW            1    STACK               startup_stm32f10x_md.o


==============================================================================

Image component sizes


      Code (inc. data)   RO Data    RW Data    ZI Data      Debug   Object Name

        44          4          0          0          0        524   bsp_find_num.o
       260         22          0          0          0       2911   bsp_generaltim_3.o
       156         14          0          0          0      16710   bsp_systick.o
       218         12          0          0          0       1707   bsp_usart.o
        44          4          0          0          0        514   buzzer.o
       540         24          0          8          0        761   control_flow.o
         0          0          0          0          0       4532   core_cm3.o
       184         16          0          4          0       1779   delay.o
      1262         94          0          0          0      10491   iic.o
      5684        274        158         44          0      25436   inv_mpu.o
      2536        112       3062          0         16      18346   inv_mpu_dmp_motion_driver.o
        58          0          0          0          0       1755   main.o
       132         22          0          0          0       1727   misc.o
       988        372          0         64          0      23059   mpu6050.o
        36          8        236          0       1024        868   startup_stm32f10x_md.o
       304          0          0          0          0       3968   stm32f10x_gpio.o
        26          0          0          0          0       4010   stm32f10x_it.o
       276         32          0         20          0       4726   stm32f10x_rcc.o
       548         72          0          0          0       4795   stm32f10x_tim.o
       348          6          0          0          0       5233   stm32f10x_usart.o
       328         28          0         20          0     249657   system_stm32f10x.o
       312         40          0          0          0       4040   tb6612.o

    ----------------------------------------------------------------------
     14300       1156       3492        160       1044     387549   Object Totals
         0          0         32          0          0          0   (incl. Generated)
        16          0          4          0          4          0   (incl. Padding)

    ----------------------------------------------------------------------

      Code (inc. data)   RO Data    RW Data    ZI Data      Debug   Library Member Name

         0          0          0          0          0          0   entry.o
         0          0          0          0          0          0   entry10a.o
         0          0          0          0          0          0   entry11a.o
         8          4          0          0          0          0   entry2.o
         4          0          0          0          0          0   entry5.o
         0          0          0          0          0          0   entry7b.o
         0          0          0          0          0          0   entry8b.o
         8          4          0          0          0          0   entry9a.o
        30          0          0          0          0          0   handlers.o
        36          8          0          0          0         68   init.o
         0          0          0          0          0          0   iusefp.o
        98          0          0          0          0         84   ldiv.o
        30          0          0          0          0         68   llshl.o
        32          0          0          0          0         68   llushr.o
        26          0          0          0          0         80   memcmp.o
        36          0          0          0          0        108   memseta.o
       372         14          0          0          0        184   printf1.o
         0          0          0          4          0          0   stdout.o
        44          0          0          0          0         80   uidiv.o
        98          0          0          0          0         92   uldiv.o
        20          0          0          0          0         68   cfcmple.o
        20          0          0          0          0         68   cfrcmple.o
       176          0          0          0          0        140   fadd.o
       124          0          0          0          0         88   fdiv.o
       110          0          0          0          0        168   fepilogue.o
        50          0          0          0          0         68   ffixi.o
        40          0          0          0          0         68   ffixui.o
        18          0          0          0          0         68   fflti.o
        10          0          0          0          0         68   ffltui.o
       100          0          0          0          0         76   fmul.o

    ----------------------------------------------------------------------
      1496         30          0          4          0       1712   Library Totals
         6          0          0          0          0          0   (incl. Padding)

    ----------------------------------------------------------------------

      Code (inc. data)   RO Data    RW Data    ZI Data      Debug   Library Name

       822         30          0          4          0        832   mc_w.l
       668          0          0          0          0        880   mf_w.l

    ----------------------------------------------------------------------
      1496         30          0          4          0       1712   Library Totals

    ----------------------------------------------------------------------

==============================================================================


      Code (inc. data)   RO Data    RW Data    ZI Data      Debug   

     15796       1186       3492        164       1044     382029   Grand Totals
     15796       1186       3492        164       1044     382029   ELF Image Totals
     15796       1186       3492        164          0          0   ROM Totals

==============================================================================

    Total RO  Size (Code + RO Data)                19288 (  18.84kB)
    Total RW  Size (RW Data + ZI Data)              1208 (   1.18kB)
    Total ROM Size (Code + RO Data + RW Data)      19452 (  19.00kB)

==============================================================================

